---------------------------- PROCESS STARTED (15597) for package com.godwin.ondevice.myai ----------------------------
2026-06-06 02:09:39.639  3506-3506  PhotopickerUserMonitor  com.google.android.photopicker       W  Expected profile resources could not be found (Fix with AI)
                                                                                                    android.content.res.Resources$NotFoundException: No badge found for this user.
                                                                                                    	at android.os.UserManager.getUserBadge(UserManager.java:6269)
                                                                                                    	at com.android.photopicker.core.user.UserMonitor.getUserProfileFromHandle(go/retraceme 3824d78c500b9bdcd874848b98622924feb4a668aa246ae9af0df423f797cc99:62)
                                                                                                    	at com.android.photopicker.core.user.UserMonitor.<init>(go/retraceme 3824d78c500b9bdcd874848b98622924feb4a668aa246ae9af0df423f797cc99:37)
                                                                                                    	at com.android.photopicker.core.ActivityModule_ProvideUserMonitorFactory.get(go/retraceme 3824d78c500b9bdcd874848b98622924feb4a668aa246ae9af0df423f797cc99:67)
                                                                                                    	at dagger.internal.DoubleCheck.get(go/retraceme 3824d78c500b9bdcd874848b98622924feb4a668aa246ae9af0df423f797cc99:14)
                                                                                                    	at com.android.photopicker.core.ActivityModule_ProvidePrefetchDataServiceFactory.get(go/retraceme 3824d78c500b9bdcd874848b98622924feb4a668aa246ae9af0df423f797cc99:3)
                                                                                                    	at dagger.internal.DoubleCheck.get(go/retraceme 3824d78c500b9bdcd874848b98622924feb4a668aa246ae9af0df423f797cc99:14)
                                                                                                    	at com.android.photopicker.core.ActivityModule_ProvideFeatureManagerFactory.get(go/retraceme 3824d78c500b9bdcd874848b98622924feb4a668aa246ae9af0df423f797cc99:19)
                                                                                                    	at dagger.internal.DoubleCheck.get(go/retraceme 3824d78c500b9bdcd874848b98622924feb4a668aa246ae9af0df423f797cc99:14)
                                                                                                    	at com.android.photopicker.core.ActivityModule_ProvideEventsFactory.get(go/retraceme 3824d78c500b9bdcd874848b98622924feb4a668aa246ae9af0df423f797cc99:11)
                                                                                                    	at dagger.internal.DoubleCheck.get(go/retraceme 3824d78c500b9bdcd874848b98622924feb4a668aa246ae9af0df423f797cc99:14)
                                                                                                    	at com.android.photopicker.MainActivity$listenForEvents$1.invokeSuspend(go/retraceme 3824d78c500b9bdcd874848b98622924feb4a668aa246ae9af0df423f797cc99:34)
                                                                                                    	at kotlin.coroutines.jvm.internal.BaseContinuationImpl.resumeWith(go/retraceme 3824d78c500b9bdcd874848b98622924feb4a668aa246ae9af0df423f797cc99:8)
                                                                                                    	at kotlinx.coroutines.internal.DispatchedContinuationKt.resumeCancellableWith(go/retraceme 3824d78c500b9bdcd874848b98622924feb4a668aa246ae9af0df423f797cc99:146)
                                                                                                    	at kotlinx.coroutines.intrinsics.CancellableKt.startCoroutineCancellable(go/retraceme 3824d78c500b9bdcd874848b98622924feb4a668aa246ae9af0df423f797cc99:14)
                                                                                                    	at kotlinx.coroutines.AbstractCoroutine.start(go/retraceme 3824d78c500b9bdcd874848b98622924feb4a668aa246ae9af0df423f797cc99:100)
                                                                                                    	at kotlinx.coroutines.BuildersKt.launch(dex-id-f8a851f0b3fa3212d899dfb8a1946c1a1767c667:36)
                                                                                                    	at kotlinx.coroutines.BuildersKt.launch$default(dex-id-f8a851f0b3fa3212d899dfb8a1946c1a1767c667:13)
                                                                                                    	at com.android.photopicker.MainActivity.onCreate(go/retraceme 3824d78c500b9bdcd874848b98622924feb4a668aa246ae9af0df423f797cc99:517)
                                                                                                    	at android.app.Activity.performCreate(Activity.java:9340)
                                                                                                    	at android.app.Activity.performCreate(Activity.java:9318)
                                                                                                    	at android.app.Instrumentation.callActivityOnCreate(Instrumentation.java:1543)
                                                                                                    	at android.app.ActivityThread.performLaunchActivity(ActivityThread.java:4559)
                                                                                                    	at android.app.ActivityThread.handleLaunchActivity(ActivityThread.java:4781)
                                                                                                    	at android.app.servertransaction.LaunchActivityItem.execute(LaunchActivityItem.java:224)
                                                                                                    	at android.app.servertransaction.TransactionExecutor.executeNonLifecycleItem(TransactionExecutor.java:133)
                                                                                                    	at android.app.servertransaction.TransactionExecutor.executeTransactionItems(TransactionExecutor.java:103)
                                                                                                    	at android.app.servertransaction.TransactionExecutor.execute(TransactionExecutor.java:80)
                                                                                                    	at android.app.ActivityThread$H.handleMessage(ActivityThread.java:3032)
                                                                                                    	at android.os.Handler.dispatchMessageImpl(Handler.java:142)
                                                                                                    	at android.os.Handler.dispatchMessage(Handler.java:125)
                                                                                                    	at android.os.Looper.loopOnce(Looper.java:296)
                                                                                                    	at android.os.Looper.loop(Looper.java:397)
                                                                                                    	at android.app.ActivityThread.main(ActivityThread.java:9523)
                                                                                                    	at java.lang.reflect.Method.invoke(Native Method)
                                                                                                    	at com.android.internal.os.RuntimeInit$MethodAndArgsCaller.run(RuntimeInit.java:575)
                                                                                                    	at com.android.internal.os.ZygoteInit.main(ZygoteInit.java:939)
2026-06-06 02:09:39.641  3506-3506  PhotopickerUserMonitor  com.google.android.photopicker       W  Expected profile resources could not be found (Fix with AI)
                                                                                                    android.content.res.Resources$NotFoundException: No badge found for this user.
                                                                                                    	at android.os.UserManager.getUserBadge(UserManager.java:6269)
                                                                                                    	at com.android.photopicker.core.user.UserMonitor.getUserProfileFromHandle(go/retraceme 3824d78c500b9bdcd874848b98622924feb4a668aa246ae9af0df423f797cc99:62)
                                                                                                    	at com.android.photopicker.core.user.UserMonitor.<init>(go/retraceme 3824d78c500b9bdcd874848b98622924feb4a668aa246ae9af0df423f797cc99:172)
                                                                                                    	at com.android.photopicker.core.ActivityModule_ProvideUserMonitorFactory.get(go/retraceme 3824d78c500b9bdcd874848b98622924feb4a668aa246ae9af0df423f797cc99:67)
                                                                                                    	at dagger.internal.DoubleCheck.get(go/retraceme 3824d78c500b9bdcd874848b98622924feb4a668aa246ae9af0df423f797cc99:14)
                                                                                                    	at com.android.photopicker.core.ActivityModule_ProvidePrefetchDataServiceFactory.get(go/retraceme 3824d78c500b9bdcd874848b98622924feb4a668aa246ae9af0df423f797cc99:3)
                                                                                                    	at dagger.internal.DoubleCheck.get(go/retraceme 3824d78c500b9bdcd874848b98622924feb4a668aa246ae9af0df423f797cc99:14)
                                                                                                    	at com.android.photopicker.core.ActivityModule_ProvideFeatureManagerFactory.get(go/retraceme 3824d78c500b9bdcd874848b98622924feb4a668aa246ae9af0df423f797cc99:19)
                                                                                                    	at dagger.internal.DoubleCheck.get(go/retraceme 3824d78c500b9bdcd874848b98622924feb4a668aa246ae9af0df423f797cc99:14)
                                                                                                    	at com.android.photopicker.core.ActivityModule_ProvideEventsFactory.get(go/retraceme 3824d78c500b9bdcd874848b98622924feb4a668aa246ae9af0df423f797cc99:11)
                                                                                                    	at dagger.internal.DoubleCheck.get(go/retraceme 3824d78c500b9bdcd874848b98622924feb4a668aa246ae9af0df423f797cc99:14)
                                                                                                    	at com.android.photopicker.MainActivity$listenForEvents$1.invokeSuspend(go/retraceme 3824d78c500b9bdcd874848b98622924feb4a668aa246ae9af0df423f797cc99:34)
                                                                                                    	at kotlin.coroutines.jvm.internal.BaseContinuationImpl.resumeWith(go/retraceme 3824d78c500b9bdcd874848b98622924feb4a668aa246ae9af0df423f797cc99:8)
                                                                                                    	at kotlinx.coroutines.internal.DispatchedContinuationKt.resumeCancellableWith(go/retraceme 3824d78c500b9bdcd874848b98622924feb4a668aa246ae9af0df423f797cc99:146)
                                                                                                    	at kotlinx.coroutines.intrinsics.CancellableKt.startCoroutineCancellable(go/retraceme 3824d78c500b9bdcd874848b98622924feb4a668aa246ae9af0df423f797cc99:14)
                                                                                                    	at kotlinx.coroutines.AbstractCoroutine.start(go/retraceme 3824d78c500b9bdcd874848b98622924feb4a668aa246ae9af0df423f797cc99:100)
                                                                                                    	at kotlinx.coroutines.BuildersKt.launch(dex-id-f8a851f0b3fa3212d899dfb8a1946c1a1767c667:36)
                                                                                                    	at kotlinx.coroutines.BuildersKt.launch$default(dex-id-f8a851f0b3fa3212d899dfb8a1946c1a1767c667:13)
                                                                                                    	at com.android.photopicker.MainActivity.onCreate(go/retraceme 3824d78c500b9bdcd874848b98622924feb4a668aa246ae9af0df423f797cc99:517)
                                                                                                    	at android.app.Activity.performCreate(Activity.java:9340)
                                                                                                    	at android.app.Activity.performCreate(Activity.java:9318)
                                                                                                    	at android.app.Instrumentation.callActivityOnCreate(Instrumentation.java:1543)
                                                                                                    	at android.app.ActivityThread.performLaunchActivity(ActivityThread.java:4559)
                                                                                                    	at android.app.ActivityThread.handleLaunchActivity(ActivityThread.java:4781)
                                                                                                    	at android.app.servertransaction.LaunchActivityItem.execute(LaunchActivityItem.java:224)
                                                                                                    	at android.app.servertransaction.TransactionExecutor.executeNonLifecycleItem(TransactionExecutor.java:133)
                                                                                                    	at android.app.servertransaction.TransactionExecutor.executeTransactionItems(TransactionExecutor.java:103)
                                                                                                    	at android.app.servertransaction.TransactionExecutor.execute(TransactionExecutor.java:80)
                                                                                                    	at android.app.ActivityThread$H.handleMessage(ActivityThread.java:3032)
                                                                                                    	at android.os.Handler.dispatchMessageImpl(Handler.java:142)
                                                                                                    	at android.os.Handler.dispatchMessage(Handler.java:125)
                                                                                                    	at android.os.Looper.loopOnce(Looper.java:296)
                                                                                                    	at android.os.Looper.loop(Looper.java:397)
                                                                                                    	at android.app.ActivityThread.main(ActivityThread.java:9523)
                                                                                                    	at java.lang.reflect.Method.invoke(Native Method)
                                                                                                    	at com.android.internal.os.RuntimeInit$MethodAndArgsCaller.run(RuntimeInit.java:575)
                                                                                                    	at com.android.internal.os.ZygoteInit.main(ZygoteInit.java:939)
2026-06-06 02:09:39.661  3506-3506  PhotopickerUserMonitor  com.google.android.photopicker       W  Expected profile resources could not be found (Fix with AI)
                                                                                                    android.content.res.Resources$NotFoundException: No badge found for this user.
                                                                                                    	at android.os.UserManager.getUserBadge(UserManager.java:6269)
                                                                                                    	at com.android.photopicker.core.user.UserMonitor.getUserProfileFromHandle(go/retraceme 3824d78c500b9bdcd874848b98622924feb4a668aa246ae9af0df423f797cc99:62)
                                                                                                    	at com.android.photopicker.core.user.UserMonitor.<init>(go/retraceme 3824d78c500b9bdcd874848b98622924feb4a668aa246ae9af0df423f797cc99:247)
                                                                                                    	at com.android.photopicker.core.ActivityModule_ProvideUserMonitorFactory.get(go/retraceme 3824d78c500b9bdcd874848b98622924feb4a668aa246ae9af0df423f797cc99:67)
                                                                                                    	at dagger.internal.DoubleCheck.get(go/retraceme 3824d78c500b9bdcd874848b98622924feb4a668aa246ae9af0df423f797cc99:14)
                                                                                                    	at com.android.photopicker.core.ActivityModule_ProvidePrefetchDataServiceFactory.get(go/retraceme 3824d78c500b9bdcd874848b98622924feb4a668aa246ae9af0df423f797cc99:3)
                                                                                                    	at dagger.internal.DoubleCheck.get(go/retraceme 3824d78c500b9bdcd874848b98622924feb4a668aa246ae9af0df423f797cc99:14)
                                                                                                    	at com.android.photopicker.core.ActivityModule_ProvideFeatureManagerFactory.get(go/retraceme 3824d78c500b9bdcd874848b98622924feb4a668aa246ae9af0df423f797cc99:19)
                                                                                                    	at dagger.internal.DoubleCheck.get(go/retraceme 3824d78c500b9bdcd874848b98622924feb4a668aa246ae9af0df423f797cc99:14)
                                                                                                    	at com.android.photopicker.core.ActivityModule_ProvideEventsFactory.get(go/retraceme 3824d78c500b9bdcd874848b98622924feb4a668aa246ae9af0df423f797cc99:11)
                                                                                                    	at dagger.internal.DoubleCheck.get(go/retraceme 3824d78c500b9bdcd874848b98622924feb4a668aa246ae9af0df423f797cc99:14)
                                                                                                    	at com.android.photopicker.MainActivity$listenForEvents$1.invokeSuspend(go/retraceme 3824d78c500b9bdcd874848b98622924feb4a668aa246ae9af0df423f797cc99:34)
                                                                                                    	at kotlin.coroutines.jvm.internal.BaseContinuationImpl.resumeWith(go/retraceme 3824d78c500b9bdcd874848b98622924feb4a668aa246ae9af0df423f797cc99:8)
                                                                                                    	at kotlinx.coroutines.internal.DispatchedContinuationKt.resumeCancellableWith(go/retraceme 3824d78c500b9bdcd874848b98622924feb4a668aa246ae9af0df423f797cc99:146)
                                                                                                    	at kotlinx.coroutines.intrinsics.CancellableKt.startCoroutineCancellable(go/retraceme 3824d78c500b9bdcd874848b98622924feb4a668aa246ae9af0df423f797cc99:14)
                                                                                                    	at kotlinx.coroutines.AbstractCoroutine.start(go/retraceme 3824d78c500b9bdcd874848b98622924feb4a668aa246ae9af0df423f797cc99:100)
                                                                                                    	at kotlinx.coroutines.BuildersKt.launch(dex-id-f8a851f0b3fa3212d899dfb8a1946c1a1767c667:36)
                                                                                                    	at kotlinx.coroutines.BuildersKt.launch$default(dex-id-f8a851f0b3fa3212d899dfb8a1946c1a1767c667:13)
                                                                                                    	at com.android.photopicker.MainActivity.onCreate(go/retraceme 3824d78c500b9bdcd874848b98622924feb4a668aa246ae9af0df423f797cc99:517)
                                                                                                    	at android.app.Activity.performCreate(Activity.java:9340)
                                                                                                    	at android.app.Activity.performCreate(Activity.java:9318)
                                                                                                    	at android.app.Instrumentation.callActivityOnCreate(Instrumentation.java:1543)
                                                                                                    	at android.app.ActivityThread.performLaunchActivity(ActivityThread.java:4559)
                                                                                                    	at android.app.ActivityThread.handleLaunchActivity(ActivityThread.java:4781)
                                                                                                    	at android.app.servertransaction.LaunchActivityItem.execute(LaunchActivityItem.java:224)
                                                                                                    	at android.app.servertransaction.TransactionExecutor.executeNonLifecycleItem(TransactionExecutor.java:133)
                                                                                                    	at android.app.servertransaction.TransactionExecutor.executeTransactionItems(TransactionExecutor.java:103)
                                                                                                    	at android.app.servertransaction.TransactionExecutor.execute(TransactionExecutor.java:80)
                                                                                                    	at android.app.ActivityThread$H.handleMessage(ActivityThread.java:3032)
                                                                                                    	at android.os.Handler.dispatchMessageImpl(Handler.java:142)
                                                                                                    	at android.os.Handler.dispatchMessage(Handler.java:125)
                                                                                                    	at android.os.Looper.loopOnce(Looper.java:296)
                                                                                                    	at android.os.Looper.loop(Looper.java:397)
                                                                                                    	at android.app.ActivityThread.main(ActivityThread.java:9523)
                                                                                                    	at java.lang.reflect.Method.invoke(Native Method)
                                                                                                    	at com.android.internal.os.RuntimeInit$MethodAndArgsCaller.run(RuntimeInit.java:575)
                                                                                                    	at com.android.internal.os.ZygoteInit.main(ZygoteInit.java:939)
2026-06-06 02:09:39.701  1676-4251  PhotoPickerProvider     com...ndroid.providers.media.module  E  Failed to check if local search is enabled (Fix with AI)
                                                                                                    java.lang.IllegalStateException: Service not connected
                                                                                                    	at com.android.providers.media.photopicker.PhotoPickerLocalSearchManager.isSemanticSearchSupported(PhotoPickerLocalSearchManager.java:155)
                                                                                                    	at com.android.providers.media.photopicker.PhotoPickerProvider.isSearchEnabled(PhotoPickerProvider.java:329)
                                                                                                    	at com.android.providers.media.photopicker.PhotoPickerProvider.onGetCapabilities(PhotoPickerProvider.java:319)
                                                                                                    	at android.provider.CloudMediaProvider.callUnchecked(CloudMediaProvider.java:761)
                                                                                                    	at android.provider.CloudMediaProvider.call(CloudMediaProvider.java:734)
                                                                                                    	at android.content.ContentProvider.call(ContentProvider.java:2756)
                                                                                                    	at android.content.ContentProvider$Transport.call(ContentProvider.java:648)
                                                                                                    	at android.content.ContentProviderClient.lambda$call$16(ContentProviderClient.java:591)
                                                                                                    	at android.content.ContentProviderClient.$r8$lambda$33Q7SUkYb_Sf_zVybrtewVEK9BU(ContentProviderClient.java:0)
                                                                                                    	at android.content.ContentProviderClient$$ExternalSyntheticLambda14.apply(D8$$SyntheticClass:0)
                                                                                                    	at android.content.ContentProviderClient.execute(ContentProviderClient.java:743)
                                                                                                    	at android.content.ContentProviderClient.call(ContentProviderClient.java:591)
                                                                                                    	at android.content.ContentProviderClient.call(ContentProviderClient.java:582)
                                                                                                    	at com.android.providers.media.photopicker.sync.PickerSearchProviderClient.fetchCapabilities(PickerSearchProviderClient.java:254)
                                                                                                    	at com.android.providers.media.photopicker.SearchState.doesLocalProviderSupportSearch(SearchState.java:108)
                                                                                                    	at com.android.providers.media.photopicker.SearchState.isLocalSearchEnabled(SearchState.java:136)
                                                                                                    	at com.android.providers.media.photopicker.v2.PickerDataLayerV2.$r8$lambda$LzYBg9FQAjB2SfoOD3HXjF_LAKc(PickerDataLayerV2.java:1954)
                                                                                                    	at com.android.providers.media.photopicker.v2.PickerDataLayerV2$$ExternalSyntheticLambda1.get(R8$$SyntheticClass:0)
                                                                                                    	at java.util.concurrent.CompletableFuture$AsyncSupply.run(CompletableFuture.java:1744)
                                                                                                    	at java.util.concurrent.ThreadPoolExecutor.runWorker(ThreadPoolExecutor.java:1100)
                                                                                                    	at java.util.concurrent.ThreadPoolExecutor$Worker.run(ThreadPoolExecutor.java:624)
                                                                                                    	at com.android.providers.media.util.ThreadFactoryUtil$1.$r8$lambda$Wm4GPOYBu_O7miOEhuUfhyf0mgc(ThreadFactoryUtil.java:77)
                                                                                                    	at com.android.providers.media.util.ThreadFactoryUtil$1$$ExternalSyntheticLambda0.run(R8$$SyntheticClass:0)
                                                                                                    	at java.lang.Thread.run(Thread.java:1572)
2026-06-06 02:09:40.264  1676-15657 PickerSyncController    com...ndroid.providers.media.module  E  Sync failed due to invalid params. Resetting media. Retry: true (Fix with AI)
                                                                                                    com.android.providers.media.photopicker.util.exceptions.InvalidProviderSyncParamsException: Unexpected Latest Media Collection Info: ID/Gen/AccountName=null/0/null
                                                                                                    	at com.android.providers.media.photopicker.PickerSyncController.getSyncRequestParamsLocked(PickerSyncController.java:1687)
                                                                                                    	at com.android.providers.media.photopicker.PickerSyncController.getSyncRequestParams(PickerSyncController.java:1644)
                                                                                                    	at com.android.providers.media.photopicker.PickerSyncController.syncAllMediaFromProvider(PickerSyncController.java:992)
                                                                                                    	at com.android.providers.media.photopicker.PickerSyncController.syncAllMediaFromCloudProvider(PickerSyncController.java:458)
                                                                                                    	at com.android.providers.media.photopicker.sync.ImmediateSyncWorker.doWork(ImmediateSyncWorker.java:97)
                                                                                                    	at androidx.work.Worker.$r8$lambda$opNRPVQx7zi4ENxyGPOIhxFU0oM(Worker.kt:64)
                                                                                                    	at androidx.work.Worker$$ExternalSyntheticLambda0.invoke(R8$$SyntheticClass:0)
                                                                                                    	at androidx.work.WorkerKt.future$lambda$0$1(Worker.kt:100)
                                                                                                    	at androidx.work.WorkerKt.$r8$lambda$YRKOYg4KOcZY2JOe5siOBop394I(Worker.kt:0)
                                                                                                    	at androidx.work.WorkerKt$$ExternalSyntheticLambda2.run(R8$$SyntheticClass:0)
                                                                                                    	at java.util.concurrent.ThreadPoolExecutor.runWorker(ThreadPoolExecutor.java:1100)
                                                                                                    	at java.util.concurrent.ThreadPoolExecutor$Worker.run(ThreadPoolExecutor.java:624)
                                                                                                    	at java.lang.Thread.run(Thread.java:1572)
2026-06-06 02:09:40.288  1676-15657 PickerSyncController    com...ndroid.providers.media.module  E  Sync failed due to invalid params. Resetting media. Retry: false (Fix with AI)
                                                                                                    com.android.providers.media.photopicker.util.exceptions.InvalidProviderSyncParamsException: Unexpected Latest Media Collection Info: ID/Gen/AccountName=null/0/null
                                                                                                    	at com.android.providers.media.photopicker.PickerSyncController.getSyncRequestParamsLocked(PickerSyncController.java:1687)
                                                                                                    	at com.android.providers.media.photopicker.PickerSyncController.getSyncRequestParams(PickerSyncController.java:1644)
                                                                                                    	at com.android.providers.media.photopicker.PickerSyncController.syncAllMediaFromProvider(PickerSyncController.java:992)
                                                                                                    	at com.android.providers.media.photopicker.PickerSyncController.syncAllMediaFromProvider(PickerSyncController.java:1080)
                                                                                                    	at com.android.providers.media.photopicker.PickerSyncController.syncAllMediaFromCloudProvider(PickerSyncController.java:458)
                                                                                                    	at com.android.providers.media.photopicker.sync.ImmediateSyncWorker.doWork(ImmediateSyncWorker.java:97)
                                                                                                    	at androidx.work.Worker.$r8$lambda$opNRPVQx7zi4ENxyGPOIhxFU0oM(Worker.kt:64)
                                                                                                    	at androidx.work.Worker$$ExternalSyntheticLambda0.invoke(R8$$SyntheticClass:0)
                                                                                                    	at androidx.work.WorkerKt.future$lambda$0$1(Worker.kt:100)
                                                                                                    	at androidx.work.WorkerKt.$r8$lambda$YRKOYg4KOcZY2JOe5siOBop394I(Worker.kt:0)
                                                                                                    	at androidx.work.WorkerKt$$ExternalSyntheticLambda2.run(R8$$SyntheticClass:0)
                                                                                                    	at java.util.concurrent.ThreadPoolExecutor.runWorker(ThreadPoolExecutor.java:1100)
                                                                                                    	at java.util.concurrent.ThreadPoolExecutor$Worker.run(ThreadPoolExecutor.java:624)
                                                                                                    	at java.lang.Thread.run(Thread.java:1572)
2026-06-06 02:09:40.296  1676-15657 ISyncWorker             com...ndroid.providers.media.module  E  Couldn't complete immediate sync from the cloud provider due to com.android.providers.media.photopicker.util.exceptions.InvalidProviderSyncParamsException: Unexpected Latest Media Collection Info: ID/Gen/AccountName=null/0/null
2026-06-06 02:09:40.396  1676-15661 PickerSyncController    com...ndroid.providers.media.module  E  Sync failed due to invalid params. Resetting media. Retry: true (Fix with AI)
                                                                                                    com.android.providers.media.photopicker.util.exceptions.InvalidProviderSyncParamsException: Unexpected Latest Media Collection Info: ID/Gen/AccountName=null/0/null
                                                                                                    	at com.android.providers.media.photopicker.PickerSyncController.getSyncRequestParamsLocked(PickerSyncController.java:1687)
                                                                                                    	at com.android.providers.media.photopicker.PickerSyncController.getSyncRequestParams(PickerSyncController.java:1644)
                                                                                                    	at com.android.providers.media.photopicker.PickerSyncController.syncAllMediaFromProvider(PickerSyncController.java:992)
                                                                                                    	at com.android.providers.media.photopicker.PickerSyncController.syncAllMediaFromCloudProvider(PickerSyncController.java:458)
                                                                                                    	at com.android.providers.media.photopicker.sync.ImmediateSyncWorker.doWork(ImmediateSyncWorker.java:97)
                                                                                                    	at androidx.work.Worker.$r8$lambda$opNRPVQx7zi4ENxyGPOIhxFU0oM(Worker.kt:64)
                                                                                                    	at androidx.work.Worker$$ExternalSyntheticLambda0.invoke(R8$$SyntheticClass:0)
                                                                                                    	at androidx.work.WorkerKt.future$lambda$0$1(Worker.kt:100)
                                                                                                    	at androidx.work.WorkerKt.$r8$lambda$YRKOYg4KOcZY2JOe5siOBop394I(Worker.kt:0)
                                                                                                    	at androidx.work.WorkerKt$$ExternalSyntheticLambda2.run(R8$$SyntheticClass:0)
                                                                                                    	at java.util.concurrent.ThreadPoolExecutor.runWorker(ThreadPoolExecutor.java:1100)
                                                                                                    	at java.util.concurrent.ThreadPoolExecutor$Worker.run(ThreadPoolExecutor.java:624)
                                                                                                    	at java.lang.Thread.run(Thread.java:1572)
2026-06-06 02:09:40.425  1676-15661 PickerSyncController    com...ndroid.providers.media.module  E  Sync failed due to invalid params. Resetting media. Retry: false (Fix with AI)
                                                                                                    com.android.providers.media.photopicker.util.exceptions.InvalidProviderSyncParamsException: Unexpected Latest Media Collection Info: ID/Gen/AccountName=null/0/null
                                                                                                    	at com.android.providers.media.photopicker.PickerSyncController.getSyncRequestParamsLocked(PickerSyncController.java:1687)
                                                                                                    	at com.android.providers.media.photopicker.PickerSyncController.getSyncRequestParams(PickerSyncController.java:1644)
                                                                                                    	at com.android.providers.media.photopicker.PickerSyncController.syncAllMediaFromProvider(PickerSyncController.java:992)
                                                                                                    	at com.android.providers.media.photopicker.PickerSyncController.syncAllMediaFromProvider(PickerSyncController.java:1080)
                                                                                                    	at com.android.providers.media.photopicker.PickerSyncController.syncAllMediaFromCloudProvider(PickerSyncController.java:458)
                                                                                                    	at com.android.providers.media.photopicker.sync.ImmediateSyncWorker.doWork(ImmediateSyncWorker.java:97)
                                                                                                    	at androidx.work.Worker.$r8$lambda$opNRPVQx7zi4ENxyGPOIhxFU0oM(Worker.kt:64)
                                                                                                    	at androidx.work.Worker$$ExternalSyntheticLambda0.invoke(R8$$SyntheticClass:0)
                                                                                                    	at androidx.work.WorkerKt.future$lambda$0$1(Worker.kt:100)
                                                                                                    	at androidx.work.WorkerKt.$r8$lambda$YRKOYg4KOcZY2JOe5siOBop394I(Worker.kt:0)
                                                                                                    	at androidx.work.WorkerKt$$ExternalSyntheticLambda2.run(R8$$SyntheticClass:0)
                                                                                                    	at java.util.concurrent.ThreadPoolExecutor.runWorker(ThreadPoolExecutor.java:1100)
                                                                                                    	at java.util.concurrent.ThreadPoolExecutor$Worker.run(ThreadPoolExecutor.java:624)
                                                                                                    	at java.lang.Thread.run(Thread.java:1572)
2026-06-06 02:09:40.430  1676-15661 ISyncWorker             com...ndroid.providers.media.module  E  Couldn't complete immediate sync from the cloud provider due to com.android.providers.media.photopicker.util.exceptions.InvalidProviderSyncParamsException: Unexpected Latest Media Collection Info: ID/Gen/AccountName=null/0/null
2026-06-06 02:09:43.827   728-2166  ContentProviderHelper   system_server                        E  Unable to check Uri permission because caller is holding WM lock; assuming permission denied (Fix with AI)
                                                                                                    java.lang.IllegalStateException: Unable to check Uri permission because caller is holding WM lock; assuming permission denied
                                                                                                    	at com.android.server.am.ContentProviderHelper.checkContentProviderUriPermission(ContentProviderHelper.java:1210)
                                                                                                    	at com.android.server.am.ActivityManagerService$LocalService.checkContentProviderUriPermission(ActivityManagerService.java:17535)
                                                                                                    	at com.android.server.uri.UriGrantsManagerService.checkHoldingPermissionsInternalUnlocked(UriGrantsManagerService.java:1230)
                                                                                                    	at com.android.server.uri.UriGrantsManagerService.checkHoldingPermissionsUnlocked(UriGrantsManagerService.java:1140)
                                                                                                    	at com.android.server.uri.UriGrantsManagerService.checkContentUriPermissionFullUnlocked(UriGrantsManagerService.java:1577)
                                                                                                    	at com.android.server.uri.UriGrantsManagerService.-$$Nest$mcheckContentUriPermissionFullUnlocked(UriGrantsManagerService.java:0)
                                                                                                    	at com.android.server.uri.UriGrantsManagerService$LocalService.checkUriPermission(UriGrantsManagerService.java:1818)
                                                                                                    	at com.android.server.wm.ActivityCallerState.addContentUriIfUidHasPermission(ActivityCallerState.java:168)
                                                                                                    	at com.android.server.wm.ActivityCallerState.computeCallerInfo(ActivityCallerState.java:114)
                                                                                                    	at com.android.server.wm.ActivityRecord.computeCallerInfo(ActivityRecord.java:1860)
                                                                                                    	at com.android.server.wm.ActivityRecord.finishActivityResults(ActivityRecord.java:3545)
                                                                                                    	at com.android.server.wm.ActivityRecord.finishIfPossible(ActivityRecord.java:3687)
                                                                                                    	at com.android.server.wm.ActivityClientController.finishActivity(ActivityClientController.java:591)
                                                                                                    	at android.app.IActivityClientController$Stub.onTransact(IActivityClientController.java:824)
                                                                                                    	at com.android.server.wm.ActivityClientController.onTransact(ActivityClientController.java:181)
                                                                                                    	at android.os.Binder.execTransactInternal(Binder.java:1364)
                                                                                                    	at android.os.Binder.execTransact(Binder.java:1323)
2026-06-06 02:09:43.828   728-2166  ContentProviderHelper   system_server                        E  Unable to check Uri permission because caller is holding WM lock; assuming permission denied (Fix with AI)
                                                                                                    java.lang.IllegalStateException: Unable to check Uri permission because caller is holding WM lock; assuming permission denied
                                                                                                    	at com.android.server.am.ContentProviderHelper.checkContentProviderUriPermission(ContentProviderHelper.java:1210)
                                                                                                    	at com.android.server.am.ActivityManagerService$LocalService.checkContentProviderUriPermission(ActivityManagerService.java:17535)
                                                                                                    	at com.android.server.uri.UriGrantsManagerService.checkHoldingPermissionsInternalUnlocked(UriGrantsManagerService.java:1230)
                                                                                                    	at com.android.server.uri.UriGrantsManagerService.checkHoldingPermissionsUnlocked(UriGrantsManagerService.java:1140)
                                                                                                    	at com.android.server.uri.UriGrantsManagerService.checkContentUriPermissionFullUnlocked(UriGrantsManagerService.java:1577)
                                                                                                    	at com.android.server.uri.UriGrantsManagerService.-$$Nest$mcheckContentUriPermissionFullUnlocked(UriGrantsManagerService.java:0)
                                                                                                    	at com.android.server.uri.UriGrantsManagerService$LocalService.checkUriPermission(UriGrantsManagerService.java:1818)
                                                                                                    	at com.android.server.wm.ActivityCallerState.addContentUriIfUidHasPermission(ActivityCallerState.java:168)
                                                                                                    	at com.android.server.wm.ActivityCallerState.computeCallerInfo(ActivityCallerState.java:117)
                                                                                                    	at com.android.server.wm.ActivityRecord.computeCallerInfo(ActivityRecord.java:1860)
                                                                                                    	at com.android.server.wm.ActivityRecord.finishActivityResults(ActivityRecord.java:3545)
                                                                                                    	at com.android.server.wm.ActivityRecord.finishIfPossible(ActivityRecord.java:3687)
                                                                                                    	at com.android.server.wm.ActivityClientController.finishActivity(ActivityClientController.java:591)
                                                                                                    	at android.app.IActivityClientController$Stub.onTransact(IActivityClientController.java:824)
                                                                                                    	at com.android.server.wm.ActivityClientController.onTransact(ActivityClientController.java:181)
                                                                                                    	at android.os.Binder.execTransactInternal(Binder.java:1364)
                                                                                                    	at android.os.Binder.execTransact(Binder.java:1323)
2026-06-06 02:09:44.071  1640-1858  DynamicLan...tterModule com...gle.android.inputmethod.latin  W  DynamicLanguageSetterModule.getApplicationLocales():580 Failed to get the application locales (Fix with AI)
                                                                                                    java.lang.SecurityException: getApplicationLocales: Neither user 10167 nor current process has android.permission.READ_APP_SPECIFIC_LOCALES.
                                                                                                    	at android.os.Parcel.createExceptionOrNull(Parcel.java:3392)
                                                                                                    	at android.os.Parcel.createException(Parcel.java:3376)
                                                                                                    	at android.os.Parcel.readException(Parcel.java:3359)
                                                                                                    	at android.os.Parcel.readException(Parcel.java:3301)
                                                                                                    	at android.app.ILocaleManager$Stub$Proxy.getApplicationLocales(ILocaleManager.java:232)
                                                                                                    	at android.app.LocaleManager.getApplicationLocales(LocaleManager.java:149)
                                                                                                    	at a$$ExternalSyntheticApiModelOutline4.m(D8$$SyntheticClass:24)
                                                                                                    	at mcg.c(PG:23)
                                                                                                    	at mbx.call(PG:5)
                                                                                                    	at uxt.a(PG:3)
                                                                                                    	at uwx.run(PG:19)
                                                                                                    	at uxu.run(PG:5)
                                                                                                    	at java.util.concurrent.Executors$RunnableAdapter.call(Executors.java:520)
                                                                                                    	at java.util.concurrent.FutureTask.run(FutureTask.java:328)
                                                                                                    	at lqo.run(PG:8)
                                                                                                    	at java.util.concurrent.ThreadPoolExecutor.runWorker(ThreadPoolExecutor.java:1100)
                                                                                                    	at java.util.concurrent.ThreadPoolExecutor$Worker.run(ThreadPoolExecutor.java:624)
                                                                                                    	at java.lang.Thread.run(Thread.java:1572)
                                                                                                    	at lpy.run(PG:8)
                                                                                                    Caused by: android.os.RemoteException: Remote stack trace:
                                                                                                    	at android.app.ContextImpl.enforce(ContextImpl.java:2581)
                                                                                                    	at android.app.ContextImpl.enforceCallingOrSelfPermission(ContextImpl.java:2612)
                                                                                                    	at com.android.server.locales.LocaleManagerService.enforceReadAppSpecificLocalesPermission(LocaleManagerService.java:510)
                                                                                                    	at com.android.server.locales.LocaleManagerService.getApplicationLocales(LocaleManagerService.java:437)
                                                                                                    	at com.android.server.locales.LocaleManagerService$LocaleManagerBinderService.getApplicationLocales(LocaleManagerService.java:200)
                                                                                                    
2026-06-06 02:09:46.723  1388-15320 NullBinder              com.google.android.gms.persistent    I  NullBinder for android.net.action.RECOMMEND_NETWORKS triggering remote TransactionTooLargeException due to Service without Chimera impl, calling uid: 1000, calling pid: 0
2026-06-06 02:09:55.756  1388-1862  NullBinder              com.google.android.gms.persistent    I  NullBinder for android.net.action.RECOMMEND_NETWORKS triggering remote TransactionTooLargeException due to Service without Chimera impl, calling uid: 1000, calling pid: 0
---------------------------- PROCESS ENDED (15597) for package com.godwin.ondevice.myai ----------------------------
2026-06-06 02:10:03.902   728-2046  WindowManager           system_server                        W  Exception thrown during dispatchAppVisibility Window{467fb77 u0 com.godwin.ondevice.myai/com.godwin.ondevice.myai.MainActivity EXITING} (Fix with AI)
                                                                                                    android.os.DeadObjectException
                                                                                                    	at android.os.BinderProxy.transactNative(Native Method)
                                                                                                    	at android.os.BinderProxy.transact(BinderProxy.java:626)
                                                                                                    	at android.view.IWindow$Stub$Proxy.dispatchAppVisibility(IWindow.java:602)
                                                                                                    	at com.android.server.wm.WindowState.sendAppVisibilityToClients(WindowState.java:3388)
                                                                                                    	at com.android.server.wm.WindowContainer.sendAppVisibilityToClients(WindowContainer.java:1245)
                                                                                                    	at com.android.server.wm.WindowToken.setClientVisible(WindowToken.java:392)
                                                                                                    	at com.android.server.wm.ActivityRecord.commitVisibility(ActivityRecord.java:5654)
                                                                                                    	at com.android.server.wm.Transition.finishTransition(Transition.java:1629)
                                                                                                    	at com.android.server.wm.TransitionController.finishTransition(TransitionController.java:1220)
                                                                                                    	at com.android.server.wm.WindowOrganizerController.finishTransition(WindowOrganizerController.java:533)
                                                                                                    	at android.window.IWindowOrganizerController$Stub.onTransact(IWindowOrganizerController.java:265)
                                                                                                    	at com.android.server.wm.WindowOrganizerController.onTransact(WindowOrganizerController.java:239)
                                                                                                    	at android.os.Binder.execTransactInternal(Binder.java:1369)
                                                                                                    	at android.os.Binder.execTransact(Binder.java:1323)
2026-06-06 02:12:59.367  1388-1862  NullBinder              com.google.android.gms.persistent    I  NullBinder for android.net.action.RECOMMEND_NETWORKS triggering remote TransactionTooLargeException due to Service without Chimera impl, calling uid: 1000, calling pid: 0
2026-06-06 02:13:32.530  1388-1404  NullBinder              com.google.android.gms.persistent    I  NullBinder for android.net.action.RECOMMEND_NETWORKS triggering remote TransactionTooLargeException due to Service without Chimera impl, calling uid: 1000, calling pid: 0
2026-06-06 02:13:35.549  1388-1407  NullBinder              com.google.android.gms.persistent    I  NullBinder for android.net.action.RECOMMEND_NETWORKS triggering remote TransactionTooLargeException due to Service without Chimera impl, calling uid: 1000, calling pid: 0
2026-06-06 02:13:38.570  1388-1404  NullBinder              com.google.android.gms.persistent    I  NullBinder for android.net.action.RECOMMEND_NETWORKS triggering remote TransactionTooLargeException due to Service without Chimera impl, calling uid: 1000, calling pid: 0
2026-06-06 02:14:20.751  1388-1403  NullBinder              com.google.android.gms.persistent    I  NullBinder for android.net.action.RECOMMEND_NETWORKS triggering remote TransactionTooLargeException due to Service without Chimera impl, calling uid: 1000, calling pid: 0
2026-06-06 02:14:47.887  1388-1404  NullBinder              com.google.android.gms.persistent    I  NullBinder for android.net.action.RECOMMEND_NETWORKS triggering remote TransactionTooLargeException due to Service without Chimera impl, calling uid: 1000, calling pid: 0
2026-06-06 02:18:15.787  1388-2249  NullBinder              com.google.android.gms.persistent    I  NullBinder for android.net.action.RECOMMEND_NETWORKS triggering remote TransactionTooLargeException due to Service without Chimera impl, calling uid: 1000, calling pid: 0
2026-06-06 02:18:42.872  1388-15320 NullBinder              com.google.android.gms.persistent    I  NullBinder for android.net.action.RECOMMEND_NETWORKS triggering remote TransactionTooLargeException due to Service without Chimera impl, calling uid: 1000, calling pid: 0
2026-06-06 02:20:55.395  1388-1404  NullBinder              com.google.android.gms.persistent    I  NullBinder for android.net.action.RECOMMEND_NETWORKS triggering remote TransactionTooLargeException due to Service without Chimera impl, calling uid: 1000, calling pid: 0
2026-06-06 02:21:25.499  1388-1403  NullBinder              com.google.android.gms.persistent    I  NullBinder for android.net.action.RECOMMEND_NETWORKS triggering remote TransactionTooLargeException due to Service without Chimera impl, calling uid: 1000, calling pid: 0
2026-06-06 02:24:05.103  1388-2249  NullBinder              com.google.android.gms.persistent    I  NullBinder for android.net.action.RECOMMEND_NETWORKS triggering remote TransactionTooLargeException due to Service without Chimera impl, calling uid: 1000, calling pid: 0
2026-06-06 02:24:32.208  1388-1403  NullBinder              com.google.android.gms.persistent    I  NullBinder for android.net.action.RECOMMEND_NETWORKS triggering remote TransactionTooLargeException due to Service without Chimera impl, calling uid: 1000, calling pid: 0
2026-06-06 02:24:50.290  1388-6384  NullBinder              com.google.android.gms.persistent    I  NullBinder for android.net.action.RECOMMEND_NETWORKS triggering remote TransactionTooLargeException due to Service without Chimera impl, calling uid: 1000, calling pid: 0
2026-06-06 02:24:53.298  1388-1862  NullBinder              com.google.android.gms.persistent    I  NullBinder for android.net.action.RECOMMEND_NETWORKS triggering remote TransactionTooLargeException due to Service without Chimera impl, calling uid: 1000, calling pid: 0
2026-06-06 02:24:59.321  1388-1862  NullBinder              com.google.android.gms.persistent    I  NullBinder for android.net.action.RECOMMEND_NETWORKS triggering remote TransactionTooLargeException due to Service without Chimera impl, calling uid: 1000, calling pid: 0
2026-06-06 02:26:14.603  1388-1862  NullBinder              com.google.android.gms.persistent    I  NullBinder for android.net.action.RECOMMEND_NETWORKS triggering remote TransactionTooLargeException due to Service without Chimera impl, calling uid: 1000, calling pid: 0
2026-06-06 02:26:44.732  1388-1882  NullBinder              com.google.android.gms.persistent    I  NullBinder for android.net.action.RECOMMEND_NETWORKS triggering remote TransactionTooLargeException due to Service without Chimera impl, calling uid: 1000, calling pid: 0
2026-06-06 02:29:00.268  1388-6384  NullBinder              com.google.android.gms.persistent    I  NullBinder for android.net.action.RECOMMEND_NETWORKS triggering remote TransactionTooLargeException due to Service without Chimera impl, calling uid: 1000, calling pid: 0
2026-06-06 02:29:24.359  1388-1407  NullBinder              com.google.android.gms.persistent    I  NullBinder for android.net.action.RECOMMEND_NETWORKS triggering remote TransactionTooLargeException due to Service without Chimera impl, calling uid: 1000, calling pid: 0
2026-06-06 02:29:51.477  1388-1403  NullBinder              com.google.android.gms.persistent    I  NullBinder for android.net.action.RECOMMEND_NETWORKS triggering remote TransactionTooLargeException due to Service without Chimera impl, calling uid: 1000, calling pid: 0
2026-06-06 02:35:10.770  1388-1404  NullBinder              com.google.android.gms.persistent    I  NullBinder for android.net.action.RECOMMEND_NETWORKS triggering remote TransactionTooLargeException due to Service without Chimera impl, calling uid: 1000, calling pid: 0
2026-06-06 02:35:37.900  1388-1882  NullBinder              com.google.android.gms.persistent    I  NullBinder for android.net.action.RECOMMEND_NETWORKS triggering remote TransactionTooLargeException due to Service without Chimera impl, calling uid: 1000, calling pid: 0
2026-06-06 02:36:08.049  1388-1882  NullBinder              com.google.android.gms.persistent    I  NullBinder for android.net.action.RECOMMEND_NETWORKS triggering remote TransactionTooLargeException due to Service without Chimera impl, calling uid: 1000, calling pid: 0
2026-06-06 02:36:26.128  1388-1882  NullBinder              com.google.android.gms.persistent    I  NullBinder for android.net.action.RECOMMEND_NETWORKS triggering remote TransactionTooLargeException due to Service without Chimera impl, calling uid: 1000, calling pid: 0
2026-06-06 02:37:50.496  1388-6384  NullBinder              com.google.android.gms.persistent    I  NullBinder for android.net.action.RECOMMEND_NETWORKS triggering remote TransactionTooLargeException due to Service without Chimera impl, calling uid: 1000, calling pid: 0
2026-06-06 02:38:17.621  1388-6384  NullBinder              com.google.android.gms.persistent    I  NullBinder for android.net.action.RECOMMEND_NETWORKS triggering remote TransactionTooLargeException due to Service without Chimera impl, calling uid: 1000, calling pid: 0
2026-06-06 02:39:08.873  1388-6384  NullBinder              com.google.android.gms.persistent    I  NullBinder for android.net.action.RECOMMEND_NETWORKS triggering remote TransactionTooLargeException due to Service without Chimera impl, calling uid: 1000, calling pid: 0
2026-06-06 02:39:35.969  1388-6384  NullBinder              com.google.android.gms.persistent    I  NullBinder for android.net.action.RECOMMEND_NETWORKS triggering remote TransactionTooLargeException due to Service without Chimera impl, calling uid: 1000, calling pid: 0
2026-06-06 02:40:06.083  1388-2249  NullBinder              com.google.android.gms.persistent    I  NullBinder for android.net.action.RECOMMEND_NETWORKS triggering remote TransactionTooLargeException due to Service without Chimera impl, calling uid: 1000, calling pid: 0
2026-06-06 02:41:30.443  1388-1403  NullBinder              com.google.android.gms.persistent    I  NullBinder for android.net.action.RECOMMEND_NETWORKS triggering remote TransactionTooLargeException due to Service without Chimera impl, calling uid: 1000, calling pid: 0
2026-06-06 02:41:33.457  1388-1862  NullBinder              com.google.android.gms.persistent    I  NullBinder for android.net.action.RECOMMEND_NETWORKS triggering remote TransactionTooLargeException due to Service without Chimera impl, calling uid: 1000, calling pid: 0
2026-06-06 02:41:48.535  1388-1407  NullBinder              com.google.android.gms.persistent    I  NullBinder for android.net.action.RECOMMEND_NETWORKS triggering remote TransactionTooLargeException due to Service without Chimera impl, calling uid: 1000, calling pid: 0
2026-06-06 02:43:12.909  1388-6384  NullBinder              com.google.android.gms.persistent    I  NullBinder for android.net.action.RECOMMEND_NETWORKS triggering remote TransactionTooLargeException due to Service without Chimera impl, calling uid: 1000, calling pid: 0
2026-06-06 02:43:40.055  1388-1407  NullBinder              com.google.android.gms.persistent    I  NullBinder for android.net.action.RECOMMEND_NETWORKS triggering remote TransactionTooLargeException due to Service without Chimera impl, calling uid: 1000, calling pid: 0
2026-06-06 02:44:55.361  1388-1407  NullBinder              com.google.android.gms.persistent    I  NullBinder for android.net.action.RECOMMEND_NETWORKS triggering remote TransactionTooLargeException due to Service without Chimera impl, calling uid: 1000, calling pid: 0
2026-06-06 02:45:22.463  1388-6384  NullBinder              com.google.android.gms.persistent    I  NullBinder for android.net.action.RECOMMEND_NETWORKS triggering remote TransactionTooLargeException due to Service without Chimera impl, calling uid: 1000, calling pid: 0
2026-06-06 02:45:52.587  1388-1403  NullBinder              com.google.android.gms.persistent    I  NullBinder for android.net.action.RECOMMEND_NETWORKS triggering remote TransactionTooLargeException due to Service without Chimera impl, calling uid: 1000, calling pid: 0
2026-06-06 02:46:19.695  1388-2249  NullBinder              com.google.android.gms.persistent    I  NullBinder for android.net.action.RECOMMEND_NETWORKS triggering remote TransactionTooLargeException due to Service without Chimera impl, calling uid: 1000, calling pid: 0
2026-06-06 02:48:32.238  1388-1403  NullBinder              com.google.android.gms.persistent    I  NullBinder for android.net.action.RECOMMEND_NETWORKS triggering remote TransactionTooLargeException due to Service without Chimera impl, calling uid: 1000, calling pid: 0
2026-06-06 02:48:56.334  1388-1404  NullBinder              com.google.android.gms.persistent    I  NullBinder for android.net.action.RECOMMEND_NETWORKS triggering remote TransactionTooLargeException due to Service without Chimera impl, calling uid: 1000, calling pid: 0
2026-06-06 02:49:02.368  1388-15320 NullBinder              com.google.android.gms.persistent    I  NullBinder for android.net.action.RECOMMEND_NETWORKS triggering remote TransactionTooLargeException due to Service without Chimera impl, calling uid: 1000, calling pid: 0
2026-06-06 02:49:29.475  1388-1404  NullBinder              com.google.android.gms.persistent    I  NullBinder for android.net.action.RECOMMEND_NETWORKS triggering remote TransactionTooLargeException due to Service without Chimera impl, calling uid: 1000, calling pid: 0
2026-06-06 02:52:57.372  1388-15320 NullBinder              com.google.android.gms.persistent    I  NullBinder for android.net.action.RECOMMEND_NETWORKS triggering remote TransactionTooLargeException due to Service without Chimera impl, calling uid: 1000, calling pid: 0
2026-06-06 02:53:24.476  1388-1404  NullBinder              com.google.android.gms.persistent    I  NullBinder for android.net.action.RECOMMEND_NETWORKS triggering remote TransactionTooLargeException due to Service without Chimera impl, calling uid: 1000, calling pid: 0
2026-06-06 02:54:21.719  1388-6384  NullBinder              com.google.android.gms.persistent    I  NullBinder for android.net.action.RECOMMEND_NETWORKS triggering remote TransactionTooLargeException due to Service without Chimera impl, calling uid: 1000, calling pid: 0
2026-06-06 02:55:06.911  1388-1404  NullBinder              com.google.android.gms.persistent    I  NullBinder for android.net.action.RECOMMEND_NETWORKS triggering remote TransactionTooLargeException due to Service without Chimera impl, calling uid: 1000, calling pid: 0
2026-06-06 02:56:31.218  1388-1404  NullBinder              com.google.android.gms.persistent    I  NullBinder for android.net.action.RECOMMEND_NETWORKS triggering remote TransactionTooLargeException due to Service without Chimera impl, calling uid: 1000, calling pid: 0
2026-06-06 02:56:58.297  1388-1404  NullBinder              com.google.android.gms.persistent    I  NullBinder for android.net.action.RECOMMEND_NETWORKS triggering remote TransactionTooLargeException due to Service without Chimera impl, calling uid: 1000, calling pid: 0
2026-06-06 02:59:13.877  1388-1862  NullBinder              com.google.android.gms.persistent    I  NullBinder for android.net.action.RECOMMEND_NETWORKS triggering remote TransactionTooLargeException due to Service without Chimera impl, calling uid: 1000, calling pid: 0
2026-06-06 02:59:40.968  1388-6384  NullBinder              com.google.android.gms.persistent    I  NullBinder for android.net.action.RECOMMEND_NETWORKS triggering remote TransactionTooLargeException due to Service without Chimera impl, calling uid: 1000, calling pid: 0
2026-06-06 03:03:51.036  1388-1862  NullBinder              com.google.android.gms.persistent    I  NullBinder for android.net.action.RECOMMEND_NETWORKS triggering remote TransactionTooLargeException due to Service without Chimera impl, calling uid: 1000, calling pid: 0
2026-06-06 03:04:03.088  1388-6384  NullBinder              com.google.android.gms.persistent    I  NullBinder for android.net.action.RECOMMEND_NETWORKS triggering remote TransactionTooLargeException due to Service without Chimera impl, calling uid: 1000, calling pid: 0
2026-06-06 03:04:30.215  1388-15320 NullBinder              com.google.android.gms.persistent    I  NullBinder for android.net.action.RECOMMEND_NETWORKS triggering remote TransactionTooLargeException due to Service without Chimera impl, calling uid: 1000, calling pid: 0
2026-06-06 03:08:10.078  1388-1862  NullBinder              com.google.android.gms.persistent    I  NullBinder for android.net.action.RECOMMEND_NETWORKS triggering remote TransactionTooLargeException due to Service without Chimera impl, calling uid: 1000, calling pid: 0
2026-06-06 03:08:28.182  1388-1880  NullBinder              com.google.android.gms.persistent    I  NullBinder for android.net.action.RECOMMEND_NETWORKS triggering remote TransactionTooLargeException due to Service without Chimera impl, calling uid: 1000, calling pid: 0
2026-06-06 03:15:05.867  1388-1606  NullBinder              com.google.android.gms.persistent    I  NullBinder for android.net.action.RECOMMEND_NETWORKS triggering remote TransactionTooLargeException due to Service without Chimera impl, calling uid: 1000, calling pid: 0
2026-06-06 03:15:11.899  1388-1606  NullBinder              com.google.android.gms.persistent    I  NullBinder for android.net.action.RECOMMEND_NETWORKS triggering remote TransactionTooLargeException due to Service without Chimera impl, calling uid: 1000, calling pid: 0
2026-06-06 03:15:17.925  1388-1606  NullBinder              com.google.android.gms.persistent    I  NullBinder for android.net.action.RECOMMEND_NETWORKS triggering remote TransactionTooLargeException due to Service without Chimera impl, calling uid: 1000, calling pid: 0
2026-06-06 03:15:39.019  1388-1862  NullBinder              com.google.android.gms.persistent    I  NullBinder for android.net.action.RECOMMEND_NETWORKS triggering remote TransactionTooLargeException due to Service without Chimera impl, calling uid: 1000, calling pid: 0
2026-06-06 03:19:06.932  1388-6384  NullBinder              com.google.android.gms.persistent    I  NullBinder for android.net.action.RECOMMEND_NETWORKS triggering remote TransactionTooLargeException due to Service without Chimera impl, calling uid: 1000, calling pid: 0
2026-06-06 03:19:34.048  1388-6384  NullBinder              com.google.android.gms.persistent    I  NullBinder for android.net.action.RECOMMEND_NETWORKS triggering remote TransactionTooLargeException due to Service without Chimera impl, calling uid: 1000, calling pid: 0
2026-06-06 03:21:46.593  1388-3681  NullBinder              com.google.android.gms.persistent    I  NullBinder for android.net.action.RECOMMEND_NETWORKS triggering remote TransactionTooLargeException due to Service without Chimera impl, calling uid: 1000, calling pid: 0
2026-06-06 03:22:16.716  1388-3681  NullBinder              com.google.android.gms.persistent    I  NullBinder for android.net.action.RECOMMEND_NETWORKS triggering remote TransactionTooLargeException due to Service without Chimera impl, calling uid: 1000, calling pid: 0
2026-06-06 03:23:38.071  1388-1404  NullBinder              com.google.android.gms.persistent    I  NullBinder for android.net.action.RECOMMEND_NETWORKS triggering remote TransactionTooLargeException due to Service without Chimera impl, calling uid: 1000, calling pid: 0
2026-06-06 03:23:47.103  1388-1606  NullBinder              com.google.android.gms.persistent    I  NullBinder for android.net.action.RECOMMEND_NETWORKS triggering remote TransactionTooLargeException due to Service without Chimera impl, calling uid: 1000, calling pid: 0
2026-06-06 03:24:08.187  1388-3681  NullBinder              com.google.android.gms.persistent    I  NullBinder for android.net.action.RECOMMEND_NETWORKS triggering remote TransactionTooLargeException due to Service without Chimera impl, calling uid: 1000, calling pid: 0
2026-06-06 03:24:26.254  1388-1862  NullBinder              com.google.android.gms.persistent    I  NullBinder for android.net.action.RECOMMEND_NETWORKS triggering remote TransactionTooLargeException due to Service without Chimera impl, calling uid: 1000, calling pid: 0
2026-06-06 03:25:23.499  1388-1404  NullBinder              com.google.android.gms.persistent    I  NullBinder for android.net.action.RECOMMEND_NETWORKS triggering remote TransactionTooLargeException due to Service without Chimera impl, calling uid: 1000, calling pid: 0
2026-06-06 03:25:50.627  1388-1606  NullBinder              com.google.android.gms.persistent    I  NullBinder for android.net.action.RECOMMEND_NETWORKS triggering remote TransactionTooLargeException due to Service without Chimera impl, calling uid: 1000, calling pid: 0
2026-06-06 03:26:20.761  1388-1606  NullBinder              com.google.android.gms.persistent    I  NullBinder for android.net.action.RECOMMEND_NETWORKS triggering remote TransactionTooLargeException due to Service without Chimera impl, calling uid: 1000, calling pid: 0
2026-06-06 03:26:47.860  1388-1404  NullBinder              com.google.android.gms.persistent    I  NullBinder for android.net.action.RECOMMEND_NETWORKS triggering remote TransactionTooLargeException due to Service without Chimera impl, calling uid: 1000, calling pid: 0
2026-06-06 03:28:45.328  1388-6384  NullBinder              com.google.android.gms.persistent    I  NullBinder for android.net.action.RECOMMEND_NETWORKS triggering remote TransactionTooLargeException due to Service without Chimera impl, calling uid: 1000, calling pid: 0
2026-06-06 03:28:48.339  1388-1606  NullBinder              com.google.android.gms.persistent    I  NullBinder for android.net.action.RECOMMEND_NETWORKS triggering remote TransactionTooLargeException due to Service without Chimera impl, calling uid: 1000, calling pid: 0
2026-06-06 03:30:42.798  1388-1606  NullBinder              com.google.android.gms.persistent    I  NullBinder for android.net.action.RECOMMEND_NETWORKS triggering remote TransactionTooLargeException due to Service without Chimera impl, calling uid: 1000, calling pid: 0
2026-06-06 03:31:09.952  1388-1404  NullBinder              com.google.android.gms.persistent    I  NullBinder for android.net.action.RECOMMEND_NETWORKS triggering remote TransactionTooLargeException due to Service without Chimera impl, calling uid: 1000, calling pid: 0
2026-06-06 03:32:28.299  1388-1404  NullBinder              com.google.android.gms.persistent    I  NullBinder for android.net.action.RECOMMEND_NETWORKS triggering remote TransactionTooLargeException due to Service without Chimera impl, calling uid: 1000, calling pid: 0
2026-06-06 03:32:55.432  1388-1606  NullBinder              com.google.android.gms.persistent    I  NullBinder for android.net.action.RECOMMEND_NETWORKS triggering remote TransactionTooLargeException due to Service without Chimera impl, calling uid: 1000, calling pid: 0
2026-06-06 03:33:22.546  1388-15320 NullBinder              com.google.android.gms.persistent    I  NullBinder for android.net.action.RECOMMEND_NETWORKS triggering remote TransactionTooLargeException due to Service without Chimera impl, calling uid: 1000, calling pid: 0
2026-06-06 03:33:46.657  1388-1880  NullBinder              com.google.android.gms.persistent    I  NullBinder for android.net.action.RECOMMEND_NETWORKS triggering remote TransactionTooLargeException due to Service without Chimera impl, calling uid: 1000, calling pid: 0
2026-06-06 03:33:52.682  1388-6384  NullBinder              com.google.android.gms.persistent    I  NullBinder for android.net.action.RECOMMEND_NETWORKS triggering remote TransactionTooLargeException due to Service without Chimera impl, calling uid: 1000, calling pid: 0
2026-06-06 03:34:19.803  1388-6384  NullBinder              com.google.android.gms.persistent    I  NullBinder for android.net.action.RECOMMEND_NETWORKS triggering remote TransactionTooLargeException due to Service without Chimera impl, calling uid: 1000, calling pid: 0
2026-06-06 03:35:08.045  1388-18457 NullBinder              com.google.android.gms.persistent    I  NullBinder for android.net.action.RECOMMEND_NETWORKS triggering remote TransactionTooLargeException due to Service without Chimera impl, calling uid: 1000, calling pid: 0
2026-06-06 03:35:35.183  1388-18457 NullBinder              com.google.android.gms.persistent    I  NullBinder for android.net.action.RECOMMEND_NETWORKS triggering remote TransactionTooLargeException due to Service without Chimera impl, calling uid: 1000, calling pid: 0
2026-06-06 03:36:59.518  1388-18457 NullBinder              com.google.android.gms.persistent    I  NullBinder for android.net.action.RECOMMEND_NETWORKS triggering remote TransactionTooLargeException due to Service without Chimera impl, calling uid: 1000, calling pid: 0
2026-06-06 03:37:26.636  1388-18457 NullBinder              com.google.android.gms.persistent    I  NullBinder for android.net.action.RECOMMEND_NETWORKS triggering remote TransactionTooLargeException due to Service without Chimera impl, calling uid: 1000, calling pid: 0
2026-06-06 03:38:44.959  1388-1407  NullBinder              com.google.android.gms.persistent    I  NullBinder for android.net.action.RECOMMEND_NETWORKS triggering remote TransactionTooLargeException due to Service without Chimera impl, calling uid: 1000, calling pid: 0
2026-06-06 03:39:09.066  1388-18457 NullBinder              com.google.android.gms.persistent    I  NullBinder for android.net.action.RECOMMEND_NETWORKS triggering remote TransactionTooLargeException due to Service without Chimera impl, calling uid: 1000, calling pid: 0
2026-06-06 03:39:12.089  1388-18457 NullBinder              com.google.android.gms.persistent    I  NullBinder for android.net.action.RECOMMEND_NETWORKS triggering remote TransactionTooLargeException due to Service without Chimera impl, calling uid: 1000, calling pid: 0
2026-06-06 03:42:18.869  1388-1407  NullBinder              com.google.android.gms.persistent    I  NullBinder for android.net.action.RECOMMEND_NETWORKS triggering remote TransactionTooLargeException due to Service without Chimera impl, calling uid: 1000, calling pid: 0
2026-06-06 03:42:46.015  1388-1763  NullBinder              com.google.android.gms.persistent    I  NullBinder for android.net.action.RECOMMEND_NETWORKS triggering remote TransactionTooLargeException due to Service without Chimera impl, calling uid: 1000, calling pid: 0
2026-06-06 03:43:07.106  1388-1763  NullBinder              com.google.android.gms.persistent    I  NullBinder for android.net.action.RECOMMEND_NETWORKS triggering remote TransactionTooLargeException due to Service without Chimera impl, calling uid: 1000, calling pid: 0
2026-06-06 03:43:34.238  1388-1882  NullBinder              com.google.android.gms.persistent    I  NullBinder for android.net.action.RECOMMEND_NETWORKS triggering remote TransactionTooLargeException due to Service without Chimera impl, calling uid: 1000, calling pid: 0
2026-06-06 03:44:04.375  1388-1882  NullBinder              com.google.android.gms.persistent    I  NullBinder for android.net.action.RECOMMEND_NETWORKS triggering remote TransactionTooLargeException due to Service without Chimera impl, calling uid: 1000, calling pid: 0
2026-06-06 03:44:31.502  1388-1882  NullBinder              com.google.android.gms.persistent    I  NullBinder for android.net.action.RECOMMEND_NETWORKS triggering remote TransactionTooLargeException due to Service without Chimera impl, calling uid: 1000, calling pid: 0
2026-06-06 03:48:41.559  1388-1882  NullBinder              com.google.android.gms.persistent    I  NullBinder for android.net.action.RECOMMEND_NETWORKS triggering remote TransactionTooLargeException due to Service without Chimera impl, calling uid: 1000, calling pid: 0
2026-06-06 03:48:53.605  1388-15320 NullBinder              com.google.android.gms.persistent    I  NullBinder for android.net.action.RECOMMEND_NETWORKS triggering remote TransactionTooLargeException due to Service without Chimera impl, calling uid: 1000, calling pid: 0
2026-06-06 03:48:56.625  1388-15320 NullBinder              com.google.android.gms.persistent    I  NullBinder for android.net.action.RECOMMEND_NETWORKS triggering remote TransactionTooLargeException due to Service without Chimera impl, calling uid: 1000, calling pid: 0
2026-06-06 03:49:23.706  1388-2335  NullBinder              com.google.android.gms.persistent    I  NullBinder for android.net.action.RECOMMEND_NETWORKS triggering remote TransactionTooLargeException due to Service without Chimera impl, calling uid: 1000, calling pid: 0
2026-06-06 03:49:50.791  1388-15320 NullBinder              com.google.android.gms.persistent    I  NullBinder for android.net.action.RECOMMEND_NETWORKS triggering remote TransactionTooLargeException due to Service without Chimera impl, calling uid: 1000, calling pid: 0
2026-06-06 03:52:00.348  1388-1407  NullBinder              com.google.android.gms.persistent    I  NullBinder for android.net.action.RECOMMEND_NETWORKS triggering remote TransactionTooLargeException due to Service without Chimera impl, calling uid: 1000, calling pid: 0
2026-06-06 03:52:27.475  1388-15320 NullBinder              com.google.android.gms.persistent    I  NullBinder for android.net.action.RECOMMEND_NETWORKS triggering remote TransactionTooLargeException due to Service without Chimera impl, calling uid: 1000, calling pid: 0
2026-06-06 03:53:39.786  1388-1407  NullBinder              com.google.android.gms.persistent    I  NullBinder for android.net.action.RECOMMEND_NETWORKS triggering remote TransactionTooLargeException due to Service without Chimera impl, calling uid: 1000, calling pid: 0
2026-06-06 03:53:42.797  1388-1407  NullBinder              com.google.android.gms.persistent    I  NullBinder for android.net.action.RECOMMEND_NETWORKS triggering remote TransactionTooLargeException due to Service without Chimera impl, calling uid: 1000, calling pid: 0
2026-06-06 03:55:40.327  1388-18457 NullBinder              com.google.android.gms.persistent    I  NullBinder for android.net.action.RECOMMEND_NETWORKS triggering remote TransactionTooLargeException due to Service without Chimera impl, calling uid: 1000, calling pid: 0
2026-06-06 03:56:07.456  1388-18457 NullBinder              com.google.android.gms.persistent    I  NullBinder for android.net.action.RECOMMEND_NETWORKS triggering remote TransactionTooLargeException due to Service without Chimera impl, calling uid: 1000, calling pid: 0
2026-06-06 03:56:28.555  1388-1407  NullBinder              com.google.android.gms.persistent    I  NullBinder for android.net.action.RECOMMEND_NETWORKS triggering remote TransactionTooLargeException due to Service without Chimera impl, calling uid: 1000, calling pid: 0
2026-06-06 03:56:52.649  1388-1862  NullBinder              com.google.android.gms.persistent    I  NullBinder for android.net.action.RECOMMEND_NETWORKS triggering remote TransactionTooLargeException due to Service without Chimera impl, calling uid: 1000, calling pid: 0
2026-06-06 03:58:41.109  1388-1404  NullBinder              com.google.android.gms.persistent    I  NullBinder for android.net.action.RECOMMEND_NETWORKS triggering remote TransactionTooLargeException due to Service without Chimera impl, calling uid: 1000, calling pid: 0
2026-06-06 03:59:08.221  1388-15320 NullBinder              com.google.android.gms.persistent    I  NullBinder for android.net.action.RECOMMEND_NETWORKS triggering remote TransactionTooLargeException due to Service without Chimera impl, calling uid: 1000, calling pid: 0
2026-06-06 04:00:59.697  1388-6384  NullBinder              com.google.android.gms.persistent    I  NullBinder for android.net.action.RECOMMEND_NETWORKS triggering remote TransactionTooLargeException due to Service without Chimera impl, calling uid: 1000, calling pid: 0
2026-06-06 04:01:26.817  1388-1882  NullBinder              com.google.android.gms.persistent    I  NullBinder for android.net.action.RECOMMEND_NETWORKS triggering remote TransactionTooLargeException due to Service without Chimera impl, calling uid: 1000, calling pid: 0
2026-06-06 04:02:42.135  1388-18457 NullBinder              com.google.android.gms.persistent    I  NullBinder for android.net.action.RECOMMEND_NETWORKS triggering remote TransactionTooLargeException due to Service without Chimera impl, calling uid: 1000, calling pid: 0
2026-06-06 04:03:09.256  1388-1407  NullBinder              com.google.android.gms.persistent    I  NullBinder for android.net.action.RECOMMEND_NETWORKS triggering remote TransactionTooLargeException due to Service without Chimera impl, calling uid: 1000, calling pid: 0
2026-06-06 04:03:39.387  1388-18457 NullBinder              com.google.android.gms.persistent    I  NullBinder for android.net.action.RECOMMEND_NETWORKS triggering remote TransactionTooLargeException due to Service without Chimera impl, calling uid: 1000, calling pid: 0
2026-06-06 04:04:06.489  1388-15320 NullBinder              com.google.android.gms.persistent    I  NullBinder for android.net.action.RECOMMEND_NETWORKS triggering remote TransactionTooLargeException due to Service without Chimera impl, calling uid: 1000, calling pid: 0
2026-06-06 04:04:54.745  1388-18457 NullBinder              com.google.android.gms.persistent    I  NullBinder for android.net.action.RECOMMEND_NETWORKS triggering remote TransactionTooLargeException due to Service without Chimera impl, calling uid: 1000, calling pid: 0
2026-06-06 04:05:21.896  1388-1407  NullBinder              com.google.android.gms.persistent    I  NullBinder for android.net.action.RECOMMEND_NETWORKS triggering remote TransactionTooLargeException due to Service without Chimera impl, calling uid: 1000, calling pid: 0
2026-06-06 04:05:49.021  1388-6384  NullBinder              com.google.android.gms.persistent    I  NullBinder for android.net.action.RECOMMEND_NETWORKS triggering remote TransactionTooLargeException due to Service without Chimera impl, calling uid: 1000, calling pid: 0
2026-06-06 04:05:52.047  1388-1407  NullBinder              com.google.android.gms.persistent    I  NullBinder for android.net.action.RECOMMEND_NETWORKS triggering remote TransactionTooLargeException due to Service without Chimera impl, calling uid: 1000, calling pid: 0
2026-06-06 04:06:01.106  1388-6384  NullBinder              com.google.android.gms.persistent    I  NullBinder for android.net.action.RECOMMEND_NETWORKS triggering remote TransactionTooLargeException due to Service without Chimera impl, calling uid: 1000, calling pid: 0
2026-06-06 04:06:19.184  1388-18457 NullBinder              com.google.android.gms.persistent    I  NullBinder for android.net.action.RECOMMEND_NETWORKS triggering remote TransactionTooLargeException due to Service without Chimera impl, calling uid: 1000, calling pid: 0
2026-06-06 04:06:46.316  1388-1407  NullBinder              com.google.android.gms.persistent    I  NullBinder for android.net.action.RECOMMEND_NETWORKS triggering remote TransactionTooLargeException due to Service without Chimera impl, calling uid: 1000, calling pid: 0
2026-06-06 04:08:31.743  1388-1862  NullBinder              com.google.android.gms.persistent    I  NullBinder for android.net.action.RECOMMEND_NETWORKS triggering remote TransactionTooLargeException due to Service without Chimera impl, calling uid: 1000, calling pid: 0
2026-06-06 04:08:37.755  1388-18457 NullBinder              com.google.android.gms.persistent    I  NullBinder for android.net.action.RECOMMEND_NETWORKS triggering remote TransactionTooLargeException due to Service without Chimera impl, calling uid: 1000, calling pid: 0
2026-06-06 04:10:41.312  1388-6384  NullBinder              com.google.android.gms.persistent    I  NullBinder for android.net.action.RECOMMEND_NETWORKS triggering remote TransactionTooLargeException due to Service without Chimera impl, calling uid: 1000, calling pid: 0
2026-06-06 04:11:08.445  1388-1407  NullBinder              com.google.android.gms.persistent    I  NullBinder for android.net.action.RECOMMEND_NETWORKS triggering remote TransactionTooLargeException due to Service without Chimera impl, calling uid: 1000, calling pid: 0
2026-06-06 04:11:35.571  1388-1407  NullBinder              com.google.android.gms.persistent    I  NullBinder for android.net.action.RECOMMEND_NETWORKS triggering remote TransactionTooLargeException due to Service without Chimera impl, calling uid: 1000, calling pid: 0
2026-06-06 04:12:05.697  1388-18457 NullBinder              com.google.android.gms.persistent    I  NullBinder for android.net.action.RECOMMEND_NETWORKS triggering remote TransactionTooLargeException due to Service without Chimera impl, calling uid: 1000, calling pid: 0
2026-06-06 04:13:48.111  1388-1404  NullBinder              com.google.android.gms.persistent    I  NullBinder for android.net.action.RECOMMEND_NETWORKS triggering remote TransactionTooLargeException due to Service without Chimera impl, calling uid: 1000, calling pid: 0
2026-06-06 04:14:18.263  1388-1404  NullBinder              com.google.android.gms.persistent    I  NullBinder for android.net.action.RECOMMEND_NETWORKS triggering remote TransactionTooLargeException due to Service without Chimera impl, calling uid: 1000, calling pid: 0
2026-06-06 04:16:36.855  1388-1404  NullBinder              com.google.android.gms.persistent    I  NullBinder for android.net.action.RECOMMEND_NETWORKS triggering remote TransactionTooLargeException due to Service without Chimera impl, calling uid: 1000, calling pid: 0
2026-06-06 04:16:42.875  1388-1882  NullBinder              com.google.android.gms.persistent    I  NullBinder for android.net.action.RECOMMEND_NETWORKS triggering remote TransactionTooLargeException due to Service without Chimera impl, calling uid: 1000, calling pid: 0
2026-06-06 04:16:57.947  1388-15320 NullBinder              com.google.android.gms.persistent    I  NullBinder for android.net.action.RECOMMEND_NETWORKS triggering remote TransactionTooLargeException due to Service without Chimera impl, calling uid: 1000, calling pid: 0
2026-06-06 04:17:25.043  1388-2249  NullBinder              com.google.android.gms.persistent    I  NullBinder for android.net.action.RECOMMEND_NETWORKS triggering remote TransactionTooLargeException due to Service without Chimera impl, calling uid: 1000, calling pid: 0
2026-06-06 04:17:49.129  1388-1404  NullBinder              com.google.android.gms.persistent    I  NullBinder for android.net.action.RECOMMEND_NETWORKS triggering remote TransactionTooLargeException due to Service without Chimera impl, calling uid: 1000, calling pid: 0
2026-06-06 04:18:16.233  1388-1862  NullBinder              com.google.android.gms.persistent    I  NullBinder for android.net.action.RECOMMEND_NETWORKS triggering remote TransactionTooLargeException due to Service without Chimera impl, calling uid: 1000, calling pid: 0
2026-06-06 04:18:43.348  1388-18457 NullBinder              com.google.android.gms.persistent    I  NullBinder for android.net.action.RECOMMEND_NETWORKS triggering remote TransactionTooLargeException due to Service without Chimera impl, calling uid: 1000, calling pid: 0
2026-06-06 04:19:13.472  1388-1862  NullBinder              com.google.android.gms.persistent    I  NullBinder for android.net.action.RECOMMEND_NETWORKS triggering remote TransactionTooLargeException due to Service without Chimera impl, calling uid: 1000, calling pid: 0
2026-06-06 04:21:23.035  1388-1404  NullBinder              com.google.android.gms.persistent    I  NullBinder for android.net.action.RECOMMEND_NETWORKS triggering remote TransactionTooLargeException due to Service without Chimera impl, calling uid: 1000, calling pid: 0
2026-06-06 04:21:50.156  1388-2249  NullBinder              com.google.android.gms.persistent    I  NullBinder for android.net.action.RECOMMEND_NETWORKS triggering remote TransactionTooLargeException due to Service without Chimera impl, calling uid: 1000, calling pid: 0
2026-06-06 04:23:35.582  1388-1404  NullBinder              com.google.android.gms.persistent    I  NullBinder for android.net.action.RECOMMEND_NETWORKS triggering remote TransactionTooLargeException due to Service without Chimera impl, calling uid: 1000, calling pid: 0
2026-06-06 04:24:02.704  1388-1763  NullBinder              com.google.android.gms.persistent    I  NullBinder for android.net.action.RECOMMEND_NETWORKS triggering remote TransactionTooLargeException due to Service without Chimera impl, calling uid: 1000, calling pid: 0
2026-06-06 04:26:42.437  1388-2249  NullBinder              com.google.android.gms.persistent    I  NullBinder for android.net.action.RECOMMEND_NETWORKS triggering remote TransactionTooLargeException due to Service without Chimera impl, calling uid: 1000, calling pid: 0
2026-06-06 04:27:09.573  1388-15320 NullBinder              com.google.android.gms.persistent    I  NullBinder for android.net.action.RECOMMEND_NETWORKS triggering remote TransactionTooLargeException due to Service without Chimera impl, calling uid: 1000, calling pid: 0
2026-06-06 04:28:33.970  1388-15320 NullBinder              com.google.android.gms.persistent    I  NullBinder for android.net.action.RECOMMEND_NETWORKS triggering remote TransactionTooLargeException due to Service without Chimera impl, calling uid: 1000, calling pid: 0
2026-06-06 04:29:25.168  1388-15320 NullBinder              com.google.android.gms.persistent    I  NullBinder for android.net.action.RECOMMEND_NETWORKS triggering remote TransactionTooLargeException due to Service without Chimera impl, calling uid: 1000, calling pid: 0
2026-06-06 04:30:19.374  1388-1862  NullBinder              com.google.android.gms.persistent    I  NullBinder for android.net.action.RECOMMEND_NETWORKS triggering remote TransactionTooLargeException due to Service without Chimera impl, calling uid: 1000, calling pid: 0
2026-06-06 04:30:49.490  1388-1407  NullBinder              com.google.android.gms.persistent    I  NullBinder for android.net.action.RECOMMEND_NETWORKS triggering remote TransactionTooLargeException due to Service without Chimera impl, calling uid: 1000, calling pid: 0
2026-06-06 04:34:44.510  1388-1862  NullBinder              com.google.android.gms.persistent    I  NullBinder for android.net.action.RECOMMEND_NETWORKS triggering remote TransactionTooLargeException due to Service without Chimera impl, calling uid: 1000, calling pid: 0
2026-06-06 04:35:11.631  1388-1407  NullBinder              com.google.android.gms.persistent    I  NullBinder for android.net.action.RECOMMEND_NETWORKS triggering remote TransactionTooLargeException due to Service without Chimera impl, calling uid: 1000, calling pid: 0
2026-06-06 04:35:38.735  1388-1862  NullBinder              com.google.android.gms.persistent    I  NullBinder for android.net.action.RECOMMEND_NETWORKS triggering remote TransactionTooLargeException due to Service without Chimera impl, calling uid: 1000, calling pid: 0
2026-06-06 04:36:08.894  1388-1862  NullBinder              com.google.android.gms.persistent    I  NullBinder for android.net.action.RECOMMEND_NETWORKS triggering remote TransactionTooLargeException due to Service without Chimera impl, calling uid: 1000, calling pid: 0
2026-06-06 04:36:54.118  1388-1862  NullBinder              com.google.android.gms.persistent    I  NullBinder for android.net.action.RECOMMEND_NETWORKS triggering remote TransactionTooLargeException due to Service without Chimera impl, calling uid: 1000, calling pid: 0
2026-06-06 04:36:57.144  1388-1407  NullBinder              com.google.android.gms.persistent    I  NullBinder for android.net.action.RECOMMEND_NETWORKS triggering remote TransactionTooLargeException due to Service without Chimera impl, calling uid: 1000, calling pid: 0
2026-06-06 04:37:12.223  1388-2249  NullBinder              com.google.android.gms.persistent    I  NullBinder for android.net.action.RECOMMEND_NETWORKS triggering remote TransactionTooLargeException due to Service without Chimera impl, calling uid: 1000, calling pid: 0
2026-06-06 04:38:30.558  1388-1404  NullBinder              com.google.android.gms.persistent    I  NullBinder for android.net.action.RECOMMEND_NETWORKS triggering remote TransactionTooLargeException due to Service without Chimera impl, calling uid: 1000, calling pid: 0
2026-06-06 04:39:06.721  1388-1862  NullBinder              com.google.android.gms.persistent    I  NullBinder for android.net.action.RECOMMEND_NETWORKS triggering remote TransactionTooLargeException due to Service without Chimera impl, calling uid: 1000, calling pid: 0
2026-06-06 04:40:03.958  1388-1407  NullBinder              com.google.android.gms.persistent    I  NullBinder for android.net.action.RECOMMEND_NETWORKS triggering remote TransactionTooLargeException due to Service without Chimera impl, calling uid: 1000, calling pid: 0
2026-06-06 04:40:31.084  1388-18457 NullBinder              com.google.android.gms.persistent    I  NullBinder for android.net.action.RECOMMEND_NETWORKS triggering remote TransactionTooLargeException due to Service without Chimera impl, calling uid: 1000, calling pid: 0
2026-06-06 04:42:43.613  1388-1404  NullBinder              com.google.android.gms.persistent    I  NullBinder for android.net.action.RECOMMEND_NETWORKS triggering remote TransactionTooLargeException due to Service without Chimera impl, calling uid: 1000, calling pid: 0
2026-06-06 04:43:10.763  1388-1862  NullBinder              com.google.android.gms.persistent    I  NullBinder for android.net.action.RECOMMEND_NETWORKS triggering remote TransactionTooLargeException due to Service without Chimera impl, calling uid: 1000, calling pid: 0
2026-06-06 04:47:08.864  1388-18457 NullBinder              com.google.android.gms.persistent    I  NullBinder for android.net.action.RECOMMEND_NETWORKS triggering remote TransactionTooLargeException due to Service without Chimera impl, calling uid: 1000, calling pid: 0
2026-06-06 04:47:35.990  1388-1880  NullBinder              com.google.android.gms.persistent    I  NullBinder for android.net.action.RECOMMEND_NETWORKS triggering remote TransactionTooLargeException due to Service without Chimera impl, calling uid: 1000, calling pid: 0
2026-06-06 04:48:03.097  1388-1862  NullBinder              com.google.android.gms.persistent    I  NullBinder for android.net.action.RECOMMEND_NETWORKS triggering remote TransactionTooLargeException due to Service without Chimera impl, calling uid: 1000, calling pid: 0
2026-06-06 04:48:30.228  1388-2249  NullBinder              com.google.android.gms.persistent    I  NullBinder for android.net.action.RECOMMEND_NETWORKS triggering remote TransactionTooLargeException due to Service without Chimera impl, calling uid: 1000, calling pid: 0
2026-06-06 04:48:57.341  1388-15320 NullBinder              com.google.android.gms.persistent    I  NullBinder for android.net.action.RECOMMEND_NETWORKS triggering remote TransactionTooLargeException due to Service without Chimera impl, calling uid: 1000, calling pid: 0
2026-06-06 04:49:27.475  1388-1404  NullBinder              com.google.android.gms.persistent    I  NullBinder for android.net.action.RECOMMEND_NETWORKS triggering remote TransactionTooLargeException due to Service without Chimera impl, calling uid: 1000, calling pid: 0
2026-06-06 04:51:40.053  1388-2249  NullBinder              com.google.android.gms.persistent    I  NullBinder for android.net.action.RECOMMEND_NETWORKS triggering remote TransactionTooLargeException due to Service without Chimera impl, calling uid: 1000, calling pid: 0
2026-06-06 04:52:07.202  1388-15320 NullBinder              com.google.android.gms.persistent    I  NullBinder for android.net.action.RECOMMEND_NETWORKS triggering remote TransactionTooLargeException due to Service without Chimera impl, calling uid: 1000, calling pid: 0
2026-06-06 04:53:52.612  1388-1407  NullBinder              com.google.android.gms.persistent    I  NullBinder for android.net.action.RECOMMEND_NETWORKS triggering remote TransactionTooLargeException due to Service without Chimera impl, calling uid: 1000, calling pid: 0
2026-06-06 04:54:19.732  1388-1407  NullBinder              com.google.android.gms.persistent    I  NullBinder for android.net.action.RECOMMEND_NETWORKS triggering remote TransactionTooLargeException due to Service without Chimera impl, calling uid: 1000, calling pid: 0
2026-06-06 04:56:59.427  1388-15320 NullBinder              com.google.android.gms.persistent    I  NullBinder for android.net.action.RECOMMEND_NETWORKS triggering remote TransactionTooLargeException due to Service without Chimera impl, calling uid: 1000, calling pid: 0
2026-06-06 04:57:26.575  1388-1862  NullBinder              com.google.android.gms.persistent    I  NullBinder for android.net.action.RECOMMEND_NETWORKS triggering remote TransactionTooLargeException due to Service without Chimera impl, calling uid: 1000, calling pid: 0
2026-06-06 04:58:44.871  1388-1404  NullBinder              com.google.android.gms.persistent    I  NullBinder for android.net.action.RECOMMEND_NETWORKS triggering remote TransactionTooLargeException due to Service without Chimera impl, calling uid: 1000, calling pid: 0
2026-06-06 04:58:52.546  1902-7073  Bundle                  com.google.android.gms               W  Attempt to cast generated internal exception: (Fix with AI)
                                                                                                    java.lang.ClassCastException: java.lang.Integer cannot be cast to int[]
                                                                                                    	at android.os.BaseBundle.getIntArray(BaseBundle.java:1720)
                                                                                                    	at com.google.android.gms.ocr.service.ModelCleanUpTaskService.a(:com.google.android.gms@262031038@26.20.31 (260800-919905943):16)
                                                                                                    	at dbqt.call(:com.google.android.gms@262031038@26.20.31 (260800-919905943):36)
                                                                                                    	at java.util.concurrent.FutureTask.run(FutureTask.java:328)
                                                                                                    	at bkql.c(:com.google.android.gms@262031038@26.20.31 (260800-919905943):50)
                                                                                                    	at bkql.run(:com.google.android.gms@262031038@26.20.31 (260800-919905943):66)
                                                                                                    	at java.util.concurrent.ThreadPoolExecutor.runWorker(ThreadPoolExecutor.java:1100)
                                                                                                    	at java.util.concurrent.ThreadPoolExecutor$Worker.run(ThreadPoolExecutor.java:624)
                                                                                                    	at bkwd.run(:com.google.android.gms@262031038@26.20.31 (260800-919905943):8)
                                                                                                    	at java.lang.Thread.run(Thread.java:1572)
2026-06-06 04:59:11.996  1388-1862  NullBinder              com.google.android.gms.persistent    I  NullBinder for android.net.action.RECOMMEND_NETWORKS triggering remote TransactionTooLargeException due to Service without Chimera impl, calling uid: 1000, calling pid: 0
2026-06-06 05:00:27.338  1388-15320 NullBinder              com.google.android.gms.persistent    I  NullBinder for android.net.action.RECOMMEND_NETWORKS triggering remote TransactionTooLargeException due to Service without Chimera impl, calling uid: 1000, calling pid: 0
2026-06-06 05:00:54.476  1388-1407  NullBinder              com.google.android.gms.persistent    I  NullBinder for android.net.action.RECOMMEND_NETWORKS triggering remote TransactionTooLargeException due to Service without Chimera impl, calling uid: 1000, calling pid: 0
2026-06-06 05:03:25.136  1388-15320 NullBinder              com.google.android.gms.persistent    I  NullBinder for android.net.action.RECOMMEND_NETWORKS triggering remote TransactionTooLargeException due to Service without Chimera impl, calling uid: 1000, calling pid: 0
2026-06-06 05:03:37.194  1388-1404  NullBinder              com.google.android.gms.persistent    I  NullBinder for android.net.action.RECOMMEND_NETWORKS triggering remote TransactionTooLargeException due to Service without Chimera impl, calling uid: 1000, calling pid: 0
2026-06-06 05:04:04.323  1388-1862  NullBinder              com.google.android.gms.persistent    I  NullBinder for android.net.action.RECOMMEND_NETWORKS triggering remote TransactionTooLargeException due to Service without Chimera impl, calling uid: 1000, calling pid: 0
2026-06-06 05:05:01.551  1388-2249  NullBinder              com.google.android.gms.persistent    I  NullBinder for android.net.action.RECOMMEND_NETWORKS triggering remote TransactionTooLargeException due to Service without Chimera impl, calling uid: 1000, calling pid: 0
2026-06-06 05:05:28.680  1388-1862  NullBinder              com.google.android.gms.persistent    I  NullBinder for android.net.action.RECOMMEND_NETWORKS triggering remote TransactionTooLargeException due to Service without Chimera impl, calling uid: 1000, calling pid: 0
2026-06-06 05:05:49.760  1388-1404  NullBinder              com.google.android.gms.persistent    I  NullBinder for android.net.action.RECOMMEND_NETWORKS triggering remote TransactionTooLargeException due to Service without Chimera impl, calling uid: 1000, calling pid: 0
2026-06-06 05:05:52.778  1388-1404  NullBinder              com.google.android.gms.persistent    I  NullBinder for android.net.action.RECOMMEND_NETWORKS triggering remote TransactionTooLargeException due to Service without Chimera impl, calling uid: 1000, calling pid: 0
2026-06-06 05:06:16.887  1388-15320 NullBinder              com.google.android.gms.persistent    I  NullBinder for android.net.action.RECOMMEND_NETWORKS triggering remote TransactionTooLargeException due to Service without Chimera impl, calling uid: 1000, calling pid: 0
2026-06-06 05:06:43.993  1388-18457 NullBinder              com.google.android.gms.persistent    I  NullBinder for android.net.action.RECOMMEND_NETWORKS triggering remote TransactionTooLargeException due to Service without Chimera impl, calling uid: 1000, calling pid: 0
2026-06-06 05:09:23.691  1388-2333  NullBinder              com.google.android.gms.persistent    I  NullBinder for android.net.action.RECOMMEND_NETWORKS triggering remote TransactionTooLargeException due to Service without Chimera impl, calling uid: 1000, calling pid: 0
2026-06-06 05:09:53.826  1388-2333  NullBinder              com.google.android.gms.persistent    I  NullBinder for android.net.action.RECOMMEND_NETWORKS triggering remote TransactionTooLargeException due to Service without Chimera impl, calling uid: 1000, calling pid: 0
2026-06-06 05:10:20.917  1388-2333  NullBinder              com.google.android.gms.persistent    I  NullBinder for android.net.action.RECOMMEND_NETWORKS triggering remote TransactionTooLargeException due to Service without Chimera impl, calling uid: 1000, calling pid: 0
2026-06-06 05:10:48.013  1388-1763  NullBinder              com.google.android.gms.persistent    I  NullBinder for android.net.action.RECOMMEND_NETWORKS triggering remote TransactionTooLargeException due to Service without Chimera impl, calling uid: 1000, calling pid: 0
2026-06-06 05:12:57.574  1388-18457 NullBinder              com.google.android.gms.persistent    I  NullBinder for android.net.action.RECOMMEND_NETWORKS triggering remote TransactionTooLargeException due to Service without Chimera impl, calling uid: 1000, calling pid: 0
2026-06-06 05:13:24.727  1388-15320 NullBinder              com.google.android.gms.persistent    I  NullBinder for android.net.action.RECOMMEND_NETWORKS triggering remote TransactionTooLargeException due to Service without Chimera impl, calling uid: 1000, calling pid: 0
2026-06-06 05:14:15.986  1388-1404  NullBinder              com.google.android.gms.persistent    I  NullBinder for android.net.action.RECOMMEND_NETWORKS triggering remote TransactionTooLargeException due to Service without Chimera impl, calling uid: 1000, calling pid: 0
2026-06-06 05:14:43.125  1388-2335  NullBinder              com.google.android.gms.persistent    I  NullBinder for android.net.action.RECOMMEND_NETWORKS triggering remote TransactionTooLargeException due to Service without Chimera impl, calling uid: 1000, calling pid: 0
2026-06-06 05:15:10.253  1388-15320 NullBinder              com.google.android.gms.persistent    I  NullBinder for android.net.action.RECOMMEND_NETWORKS triggering remote TransactionTooLargeException due to Service without Chimera impl, calling uid: 1000, calling pid: 0
2026-06-06 05:17:10.747  1388-15320 NullBinder              com.google.android.gms.persistent    I  NullBinder for android.net.action.RECOMMEND_NETWORKS triggering remote TransactionTooLargeException due to Service without Chimera impl, calling uid: 1000, calling pid: 0
2026-06-06 05:17:13.762  1388-15320 NullBinder              com.google.android.gms.persistent    I  NullBinder for android.net.action.RECOMMEND_NETWORKS triggering remote TransactionTooLargeException due to Service without Chimera impl, calling uid: 1000, calling pid: 0
2026-06-06 05:17:22.810  1388-1763  NullBinder              com.google.android.gms.persistent    I  NullBinder for android.net.action.RECOMMEND_NETWORKS triggering remote TransactionTooLargeException due to Service without Chimera impl, calling uid: 1000, calling pid: 0
2026-06-06 05:17:49.916  1388-1407  NullBinder              com.google.android.gms.persistent    I  NullBinder for android.net.action.RECOMMEND_NETWORKS triggering remote TransactionTooLargeException due to Service without Chimera impl, calling uid: 1000, calling pid: 0
2026-06-06 05:18:47.175  1388-15320 NullBinder              com.google.android.gms.persistent    I  NullBinder for android.net.action.RECOMMEND_NETWORKS triggering remote TransactionTooLargeException due to Service without Chimera impl, calling uid: 1000, calling pid: 0
2026-06-06 05:19:08.259  1388-15320 NullBinder              com.google.android.gms.persistent    I  NullBinder for android.net.action.RECOMMEND_NETWORKS triggering remote TransactionTooLargeException due to Service without Chimera impl, calling uid: 1000, calling pid: 0
2026-06-06 05:19:35.387  1388-1404  NullBinder              com.google.android.gms.persistent    I  NullBinder for android.net.action.RECOMMEND_NETWORKS triggering remote TransactionTooLargeException due to Service without Chimera impl, calling uid: 1000, calling pid: 0
2026-06-06 05:20:02.494  1388-2335  NullBinder              com.google.android.gms.persistent    I  NullBinder for android.net.action.RECOMMEND_NETWORKS triggering remote TransactionTooLargeException due to Service without Chimera impl, calling uid: 1000, calling pid: 0
2026-06-06 05:23:36.411  1388-2335  NullBinder              com.google.android.gms.persistent    I  NullBinder for android.net.action.RECOMMEND_NETWORKS triggering remote TransactionTooLargeException due to Service without Chimera impl, calling uid: 1000, calling pid: 0
2026-06-06 05:24:27.652  1388-18457 NullBinder              com.google.android.gms.persistent    I  NullBinder for android.net.action.RECOMMEND_NETWORKS triggering remote TransactionTooLargeException due to Service without Chimera impl, calling uid: 1000, calling pid: 0
2026-06-06 05:25:48.994  1388-2335  NullBinder              com.google.android.gms.persistent    I  NullBinder for android.net.action.RECOMMEND_NETWORKS triggering remote TransactionTooLargeException due to Service without Chimera impl, calling uid: 1000, calling pid: 0
2026-06-06 05:26:16.114  1388-2335  NullBinder              com.google.android.gms.persistent    I  NullBinder for android.net.action.RECOMMEND_NETWORKS triggering remote TransactionTooLargeException due to Service without Chimera impl, calling uid: 1000, calling pid: 0
2026-06-06 05:26:43.259  1388-15320 NullBinder              com.google.android.gms.persistent    I  NullBinder for android.net.action.RECOMMEND_NETWORKS triggering remote TransactionTooLargeException due to Service without Chimera impl, calling uid: 1000, calling pid: 0
2026-06-06 05:27:07.354  1388-1407  NullBinder              com.google.android.gms.persistent    I  NullBinder for android.net.action.RECOMMEND_NETWORKS triggering remote TransactionTooLargeException due to Service without Chimera impl, calling uid: 1000, calling pid: 0
2026-06-06 05:28:31.694  1388-2335  NullBinder              com.google.android.gms.persistent    I  NullBinder for android.net.action.RECOMMEND_NETWORKS triggering remote TransactionTooLargeException due to Service without Chimera impl, calling uid: 1000, calling pid: 0
2026-06-06 05:29:01.816  1388-2335  NullBinder              com.google.android.gms.persistent    I  NullBinder for android.net.action.RECOMMEND_NETWORKS triggering remote TransactionTooLargeException due to Service without Chimera impl, calling uid: 1000, calling pid: 0
2026-06-06 05:30:17.126  1388-15320 NullBinder              com.google.android.gms.persistent    I  NullBinder for android.net.action.RECOMMEND_NETWORKS triggering remote TransactionTooLargeException due to Service without Chimera impl, calling uid: 1000, calling pid: 0
2026-06-06 05:30:44.260  1388-18457 NullBinder              com.google.android.gms.persistent    I  NullBinder for android.net.action.RECOMMEND_NETWORKS triggering remote TransactionTooLargeException due to Service without Chimera impl, calling uid: 1000, calling pid: 0
2026-06-06 05:33:17.931  1388-2333  NullBinder              com.google.android.gms.persistent    I  NullBinder for android.net.action.RECOMMEND_NETWORKS triggering remote TransactionTooLargeException due to Service without Chimera impl, calling uid: 1000, calling pid: 0
2026-06-06 05:33:20.940  1388-1763  NullBinder              com.google.android.gms.persistent    I  NullBinder for android.net.action.RECOMMEND_NETWORKS triggering remote TransactionTooLargeException due to Service without Chimera impl, calling uid: 1000, calling pid: 0
2026-06-06 05:33:23.957  1388-2333  NullBinder              com.google.android.gms.persistent    I  NullBinder for android.net.action.RECOMMEND_NETWORKS triggering remote TransactionTooLargeException due to Service without Chimera impl, calling uid: 1000, calling pid: 0
2026-06-06 05:33:51.065  1388-2333  NullBinder              com.google.android.gms.persistent    I  NullBinder for android.net.action.RECOMMEND_NETWORKS triggering remote TransactionTooLargeException due to Service without Chimera impl, calling uid: 1000, calling pid: 0
2026-06-06 05:34:33.241  1388-18457 NullBinder              com.google.android.gms.persistent    I  NullBinder for android.net.action.RECOMMEND_NETWORKS triggering remote TransactionTooLargeException due to Service without Chimera impl, calling uid: 1000, calling pid: 0
2026-06-06 05:34:36.265  1388-1763  NullBinder              com.google.android.gms.persistent    I  NullBinder for android.net.action.RECOMMEND_NETWORKS triggering remote TransactionTooLargeException due to Service without Chimera impl, calling uid: 1000, calling pid: 0
2026-06-06 05:34:48.311  1388-1763  NullBinder              com.google.android.gms.persistent    I  NullBinder for android.net.action.RECOMMEND_NETWORKS triggering remote TransactionTooLargeException due to Service without Chimera impl, calling uid: 1000, calling pid: 0
2026-06-06 05:34:54.335  1388-2333  NullBinder              com.google.android.gms.persistent    I  NullBinder for android.net.action.RECOMMEND_NETWORKS triggering remote TransactionTooLargeException due to Service without Chimera impl, calling uid: 1000, calling pid: 0
2026-06-06 05:35:09.413  1388-15320 NullBinder              com.google.android.gms.persistent    I  NullBinder for android.net.action.RECOMMEND_NETWORKS triggering remote TransactionTooLargeException due to Service without Chimera impl, calling uid: 1000, calling pid: 0
2026-06-06 05:36:03.681  1388-1763  NullBinder              com.google.android.gms.persistent    I  NullBinder for android.net.action.RECOMMEND_NETWORKS triggering remote TransactionTooLargeException due to Service without Chimera impl, calling uid: 1000, calling pid: 0
2026-06-06 05:36:33.820  1388-2333  NullBinder              com.google.android.gms.persistent    I  NullBinder for android.net.action.RECOMMEND_NETWORKS triggering remote TransactionTooLargeException due to Service without Chimera impl, calling uid: 1000, calling pid: 0
2026-06-06 05:37:00.940  1388-2335  NullBinder              com.google.android.gms.persistent    I  NullBinder for android.net.action.RECOMMEND_NETWORKS triggering remote TransactionTooLargeException due to Service without Chimera impl, calling uid: 1000, calling pid: 0
2026-06-06 05:38:43.370  1388-2333  NullBinder              com.google.android.gms.persistent    I  NullBinder for android.net.action.RECOMMEND_NETWORKS triggering remote TransactionTooLargeException due to Service without Chimera impl, calling uid: 1000, calling pid: 0
2026-06-06 05:39:10.478  1388-2333  NullBinder              com.google.android.gms.persistent    I  NullBinder for android.net.action.RECOMMEND_NETWORKS triggering remote TransactionTooLargeException due to Service without Chimera impl, calling uid: 1000, calling pid: 0
2026-06-06 05:45:26.993  1388-2335  NullBinder              com.google.android.gms.persistent    I  NullBinder for android.net.action.RECOMMEND_NETWORKS triggering remote TransactionTooLargeException due to Service without Chimera impl, calling uid: 1000, calling pid: 0
2026-06-06 05:45:48.081  1388-1763  NullBinder              com.google.android.gms.persistent    I  NullBinder for android.net.action.RECOMMEND_NETWORKS triggering remote TransactionTooLargeException due to Service without Chimera impl, calling uid: 1000, calling pid: 0
2026-06-06 05:47:12.425  1388-2333  NullBinder              com.google.android.gms.persistent    I  NullBinder for android.net.action.RECOMMEND_NETWORKS triggering remote TransactionTooLargeException due to Service without Chimera impl, calling uid: 1000, calling pid: 0
2026-06-06 05:47:39.548  1388-1404  NullBinder              com.google.android.gms.persistent    I  NullBinder for android.net.action.RECOMMEND_NETWORKS triggering remote TransactionTooLargeException due to Service without Chimera impl, calling uid: 1000, calling pid: 0
2026-06-06 05:48:27.736  1388-1404  NullBinder              com.google.android.gms.persistent    I  NullBinder for android.net.action.RECOMMEND_NETWORKS triggering remote TransactionTooLargeException due to Service without Chimera impl, calling uid: 1000, calling pid: 0
2026-06-06 05:49:24.991  1388-1404  NullBinder              com.google.android.gms.persistent    I  NullBinder for android.net.action.RECOMMEND_NETWORKS triggering remote TransactionTooLargeException due to Service without Chimera impl, calling uid: 1000, calling pid: 0
2026-06-06 05:49:52.121  1388-1404  NullBinder              com.google.android.gms.persistent    I  NullBinder for android.net.action.RECOMMEND_NETWORKS triggering remote TransactionTooLargeException due to Service without Chimera impl, calling uid: 1000, calling pid: 0
2026-06-06 05:50:19.234  1388-1763  NullBinder              com.google.android.gms.persistent    I  NullBinder for android.net.action.RECOMMEND_NETWORKS triggering remote TransactionTooLargeException due to Service without Chimera impl, calling uid: 1000, calling pid: 0
2026-06-06 05:54:14.305  1388-2249  NullBinder              com.google.android.gms.persistent    I  NullBinder for android.net.action.RECOMMEND_NETWORKS triggering remote TransactionTooLargeException due to Service without Chimera impl, calling uid: 1000, calling pid: 0
2026-06-06 05:54:41.425  1388-2249  NullBinder              com.google.android.gms.persistent    I  NullBinder for android.net.action.RECOMMEND_NETWORKS triggering remote TransactionTooLargeException due to Service without Chimera impl, calling uid: 1000, calling pid: 0
2026-06-06 05:56:05.762  1388-1404  NullBinder              com.google.android.gms.persistent    I  NullBinder for android.net.action.RECOMMEND_NETWORKS triggering remote TransactionTooLargeException due to Service without Chimera impl, calling uid: 1000, calling pid: 0
2026-06-06 05:56:26.841  1388-1763  NullBinder              com.google.android.gms.persistent    I  NullBinder for android.net.action.RECOMMEND_NETWORKS triggering remote TransactionTooLargeException due to Service without Chimera impl, calling uid: 1000, calling pid: 0
2026-06-06 05:56:53.985  1388-18457 NullBinder              com.google.android.gms.persistent    I  NullBinder for android.net.action.RECOMMEND_NETWORKS triggering remote TransactionTooLargeException due to Service without Chimera impl, calling uid: 1000, calling pid: 0
2026-06-06 05:57:24.089  1388-18457 NullBinder              com.google.android.gms.persistent    I  NullBinder for android.net.action.RECOMMEND_NETWORKS triggering remote TransactionTooLargeException due to Service without Chimera impl, calling uid: 1000, calling pid: 0
2026-06-06 05:58:18.337  1388-1407  NullBinder              com.google.android.gms.persistent    I  NullBinder for android.net.action.RECOMMEND_NETWORKS triggering remote TransactionTooLargeException due to Service without Chimera impl, calling uid: 1000, calling pid: 0
2026-06-06 05:59:06.517  1388-1763  NullBinder              com.google.android.gms.persistent    I  NullBinder for android.net.action.RECOMMEND_NETWORKS triggering remote TransactionTooLargeException due to Service without Chimera impl, calling uid: 1000, calling pid: 0
2026-06-06 06:00:30.847  1388-2333  NullBinder              com.google.android.gms.persistent    I  NullBinder for android.net.action.RECOMMEND_NETWORKS triggering remote TransactionTooLargeException due to Service without Chimera impl, calling uid: 1000, calling pid: 0
2026-06-06 06:00:57.971  1388-2249  NullBinder              com.google.android.gms.persistent    I  NullBinder for android.net.action.RECOMMEND_NETWORKS triggering remote TransactionTooLargeException due to Service without Chimera impl, calling uid: 1000, calling pid: 0
2026-06-06 06:03:37.644  1388-1763  NullBinder              com.google.android.gms.persistent    I  NullBinder for android.net.action.RECOMMEND_NETWORKS triggering remote TransactionTooLargeException due to Service without Chimera impl, calling uid: 1000, calling pid: 0
2026-06-06 06:03:43.678  1388-2333  NullBinder              com.google.android.gms.persistent    I  NullBinder for android.net.action.RECOMMEND_NETWORKS triggering remote TransactionTooLargeException due to Service without Chimera impl, calling uid: 1000, calling pid: 0
2026-06-06 06:05:53.283  1388-18457 NullBinder              com.google.android.gms.persistent    I  NullBinder for android.net.action.RECOMMEND_NETWORKS triggering remote TransactionTooLargeException due to Service without Chimera impl, calling uid: 1000, calling pid: 0
2026-06-06 06:06:20.398  1388-1407  NullBinder              com.google.android.gms.persistent    I  NullBinder for android.net.action.RECOMMEND_NETWORKS triggering remote TransactionTooLargeException due to Service without Chimera impl, calling uid: 1000, calling pid: 0
2026-06-06 06:06:47.510  1388-1407  NullBinder              com.google.android.gms.persistent    I  NullBinder for android.net.action.RECOMMEND_NETWORKS triggering remote TransactionTooLargeException due to Service without Chimera impl, calling uid: 1000, calling pid: 0
2026-06-06 06:07:08.600  1388-2335  NullBinder              com.google.android.gms.persistent    I  NullBinder for android.net.action.RECOMMEND_NETWORKS triggering remote TransactionTooLargeException due to Service without Chimera impl, calling uid: 1000, calling pid: 0
2026-06-06 06:07:41.726  1388-1407  NullBinder              com.google.android.gms.persistent    I  NullBinder for android.net.action.RECOMMEND_NETWORKS triggering remote TransactionTooLargeException due to Service without Chimera impl, calling uid: 1000, calling pid: 0
2026-06-06 06:07:47.760  1388-1763  NullBinder              com.google.android.gms.persistent    I  NullBinder for android.net.action.RECOMMEND_NETWORKS triggering remote TransactionTooLargeException due to Service without Chimera impl, calling uid: 1000, calling pid: 0
2026-06-06 06:07:53.796  1388-18457 NullBinder              com.google.android.gms.persistent    I  NullBinder for android.net.action.RECOMMEND_NETWORKS triggering remote TransactionTooLargeException due to Service without Chimera impl, calling uid: 1000, calling pid: 0
2026-06-06 06:08:02.835  1388-18457 NullBinder              com.google.android.gms.persistent    I  NullBinder for android.net.action.RECOMMEND_NETWORKS triggering remote TransactionTooLargeException due to Service without Chimera impl, calling uid: 1000, calling pid: 0
2026-06-06 06:08:11.882  1388-2333  NullBinder              com.google.android.gms.persistent    I  NullBinder for android.net.action.RECOMMEND_NETWORKS triggering remote TransactionTooLargeException due to Service without Chimera impl, calling uid: 1000, calling pid: 0
2026-06-06 06:11:12.683  1388-1404  NullBinder              com.google.android.gms.persistent    I  NullBinder for android.net.action.RECOMMEND_NETWORKS triggering remote TransactionTooLargeException due to Service without Chimera impl, calling uid: 1000, calling pid: 0
2026-06-06 06:11:39.803  1388-2249  NullBinder              com.google.android.gms.persistent    I  NullBinder for android.net.action.RECOMMEND_NETWORKS triggering remote TransactionTooLargeException due to Service without Chimera impl, calling uid: 1000, calling pid: 0
2026-06-06 06:12:55.097  1388-1407  NullBinder              com.google.android.gms.persistent    I  NullBinder for android.net.action.RECOMMEND_NETWORKS triggering remote TransactionTooLargeException due to Service without Chimera impl, calling uid: 1000, calling pid: 0
2026-06-06 06:13:10.178  1388-1407  NullBinder              com.google.android.gms.persistent    I  NullBinder for android.net.action.RECOMMEND_NETWORKS triggering remote TransactionTooLargeException due to Service without Chimera impl, calling uid: 1000, calling pid: 0
2026-06-06 06:13:14.508 18078-18111 bunl                    com...ooglequicksearchbox:googleapp  E  fetch grpc failed (Fix with AI)
                                                                                                    java.util.NoSuchElementException: No value present
                                                                                                    	at j$.util.Optional.orElseThrow(r8-map-id-314201f68e4b79cd934cb98a2701368edeef6fd6e6e6452c8ecfc3490919fb1a:10)
                                                                                                    	at bunl.a(PG:185)
                                                                                                    	at bunj.invokeSuspend(PG:12)
                                                                                                    	at fqas.resumeWith(PG:11)
                                                                                                    	at fqkz.run(PG:115)
                                                                                                    	at eofy.run(PG:3)
                                                                                                    	at csoj.run(PG:5)
                                                                                                    	at eyga.run(PG:46)
                                                                                                    	at csnv.run(PG:81)
                                                                                                    	at java.lang.Thread.run(Thread.java:1572)
                                                                                                    	at cspn.run(PG:63)
2026-06-06 06:13:49.334  1388-1404  NullBinder              com.google.android.gms.persistent    I  NullBinder for android.net.action.RECOMMEND_NETWORKS triggering remote TransactionTooLargeException due to Service without Chimera impl, calling uid: 1000, calling pid: 0
2026-06-06 06:14:43.591  1388-1763  NullBinder              com.google.android.gms.persistent    I  NullBinder for android.net.action.RECOMMEND_NETWORKS triggering remote TransactionTooLargeException due to Service without Chimera impl, calling uid: 1000, calling pid: 0
2026-06-06 06:15:07.658  1388-1404  NullBinder              com.google.android.gms.persistent    I  NullBinder for android.net.action.RECOMMEND_NETWORKS triggering remote TransactionTooLargeException due to Service without Chimera impl, calling uid: 1000, calling pid: 0
2026-06-06 06:17:47.347  1388-1407  NullBinder              com.google.android.gms.persistent    I  NullBinder for android.net.action.RECOMMEND_NETWORKS triggering remote TransactionTooLargeException due to Service without Chimera impl, calling uid: 1000, calling pid: 0
2026-06-06 06:18:05.427  1388-1404  NullBinder              com.google.android.gms.persistent    I  NullBinder for android.net.action.RECOMMEND_NETWORKS triggering remote TransactionTooLargeException due to Service without Chimera impl, calling uid: 1000, calling pid: 0
2026-06-06 06:18:14.482  1388-1404  NullBinder              com.google.android.gms.persistent    I  NullBinder for android.net.action.RECOMMEND_NETWORKS triggering remote TransactionTooLargeException due to Service without Chimera impl, calling uid: 1000, calling pid: 0
2026-06-06 06:18:44.601  1388-18457 NullBinder              com.google.android.gms.persistent    I  NullBinder for android.net.action.RECOMMEND_NETWORKS triggering remote TransactionTooLargeException due to Service without Chimera impl, calling uid: 1000, calling pid: 0
2026-06-06 06:21:24.263  1388-18457 NullBinder              com.google.android.gms.persistent    I  NullBinder for android.net.action.RECOMMEND_NETWORKS triggering remote TransactionTooLargeException due to Service without Chimera impl, calling uid: 1000, calling pid: 0
2026-06-06 06:21:51.350  1388-1763  NullBinder              com.google.android.gms.persistent    I  NullBinder for android.net.action.RECOMMEND_NETWORKS triggering remote TransactionTooLargeException due to Service without Chimera impl, calling uid: 1000, calling pid: 0
2026-06-06 06:24:58.056  1388-1763  NullBinder              com.google.android.gms.persistent    I  NullBinder for android.net.action.RECOMMEND_NETWORKS triggering remote TransactionTooLargeException due to Service without Chimera impl, calling uid: 1000, calling pid: 0
2026-06-06 06:25:25.152  1388-2333  NullBinder              com.google.android.gms.persistent    I  NullBinder for android.net.action.RECOMMEND_NETWORKS triggering remote TransactionTooLargeException due to Service without Chimera impl, calling uid: 1000, calling pid: 0
2026-06-06 06:25:49.266  1388-2333  NullBinder              com.google.android.gms.persistent    I  NullBinder for android.net.action.RECOMMEND_NETWORKS triggering remote TransactionTooLargeException due to Service without Chimera impl, calling uid: 1000, calling pid: 0
2026-06-06 06:26:13.359  1388-2333  NullBinder              com.google.android.gms.persistent    I  NullBinder for android.net.action.RECOMMEND_NETWORKS triggering remote TransactionTooLargeException due to Service without Chimera impl, calling uid: 1000, calling pid: 0
2026-06-06 06:29:10.865  2082-24056 blia                    com.android.vending                  I  I/O exception (java.net.SocketException) caught when processing request: Broken pipe
2026-06-06 06:29:11.118  1388-1763  NullBinder              com.google.android.gms.persistent    I  NullBinder for android.net.action.RECOMMEND_NETWORKS triggering remote TransactionTooLargeException due to Service without Chimera impl, calling uid: 1000, calling pid: 0
2026-06-06 06:29:14.139  1388-1763  NullBinder              com.google.android.gms.persistent    I  NullBinder for android.net.action.RECOMMEND_NETWORKS triggering remote TransactionTooLargeException due to Service without Chimera impl, calling uid: 1000, calling pid: 0
2026-06-06 06:33:27.224  1388-15320 NullBinder              com.google.android.gms.persistent    I  NullBinder for android.net.action.RECOMMEND_NETWORKS triggering remote TransactionTooLargeException due to Service without Chimera impl, calling uid: 1000, calling pid: 0
2026-06-06 06:33:48.315  1388-1880  NullBinder              com.google.android.gms.persistent    I  NullBinder for android.net.action.RECOMMEND_NETWORKS triggering remote TransactionTooLargeException due to Service without Chimera impl, calling uid: 1000, calling pid: 0
2026-06-06 06:36:27.947  1388-1880  NullBinder              com.google.android.gms.persistent    I  NullBinder for android.net.action.RECOMMEND_NETWORKS triggering remote TransactionTooLargeException due to Service without Chimera impl, calling uid: 1000, calling pid: 0
2026-06-06 06:36:55.064  1388-1404  NullBinder              com.google.android.gms.persistent    I  NullBinder for android.net.action.RECOMMEND_NETWORKS triggering remote TransactionTooLargeException due to Service without Chimera impl, calling uid: 1000, calling pid: 0
2026-06-06 06:38:16.421  1388-15320 NullBinder              com.google.android.gms.persistent    I  NullBinder for android.net.action.RECOMMEND_NETWORKS triggering remote TransactionTooLargeException due to Service without Chimera impl, calling uid: 1000, calling pid: 0
2026-06-06 06:38:46.532  1388-18457 NullBinder              com.google.android.gms.persistent    I  NullBinder for android.net.action.RECOMMEND_NETWORKS triggering remote TransactionTooLargeException due to Service without Chimera impl, calling uid: 1000, calling pid: 0
2026-06-06 06:40:04.878  1388-1880  NullBinder              com.google.android.gms.persistent    I  NullBinder for android.net.action.RECOMMEND_NETWORKS triggering remote TransactionTooLargeException due to Service without Chimera impl, calling uid: 1000, calling pid: 0
2026-06-06 06:40:31.989  1388-2335  NullBinder              com.google.android.gms.persistent    I  NullBinder for android.net.action.RECOMMEND_NETWORKS triggering remote TransactionTooLargeException due to Service without Chimera impl, calling uid: 1000, calling pid: 0
2026-06-06 06:42:44.567  1388-2249  NullBinder              com.google.android.gms.persistent    I  NullBinder for android.net.action.RECOMMEND_NETWORKS triggering remote TransactionTooLargeException due to Service without Chimera impl, calling uid: 1000, calling pid: 0
2026-06-06 06:43:05.674  1388-15320 NullBinder              com.google.android.gms.persistent    I  NullBinder for android.net.action.RECOMMEND_NETWORKS triggering remote TransactionTooLargeException due to Service without Chimera impl, calling uid: 1000, calling pid: 0
2026-06-06 06:43:11.710  1388-18457 NullBinder              com.google.android.gms.persistent    I  NullBinder for android.net.action.RECOMMEND_NETWORKS triggering remote TransactionTooLargeException due to Service without Chimera impl, calling uid: 1000, calling pid: 0
2026-06-06 06:43:38.820  1388-2249  NullBinder              com.google.android.gms.persistent    I  NullBinder for android.net.action.RECOMMEND_NETWORKS triggering remote TransactionTooLargeException due to Service without Chimera impl, calling uid: 1000, calling pid: 0
2026-06-06 06:45:24.243  1388-1404  NullBinder              com.google.android.gms.persistent    I  NullBinder for android.net.action.RECOMMEND_NETWORKS triggering remote TransactionTooLargeException due to Service without Chimera impl, calling uid: 1000, calling pid: 0
2026-06-06 06:45:51.359  1388-1763  NullBinder              com.google.android.gms.persistent    I  NullBinder for android.net.action.RECOMMEND_NETWORKS triggering remote TransactionTooLargeException due to Service without Chimera impl, calling uid: 1000, calling pid: 0
2026-06-06 06:47:09.690  1388-2333  NullBinder              com.google.android.gms.persistent    I  NullBinder for android.net.action.RECOMMEND_NETWORKS triggering remote TransactionTooLargeException due to Service without Chimera impl, calling uid: 1000, calling pid: 0
2026-06-06 06:47:33.787  1388-2333  NullBinder              com.google.android.gms.persistent    I  NullBinder for android.net.action.RECOMMEND_NETWORKS triggering remote TransactionTooLargeException due to Service without Chimera impl, calling uid: 1000, calling pid: 0
2026-06-06 06:48:03.881  1388-2333  NullBinder              com.google.android.gms.persistent    I  NullBinder for android.net.action.RECOMMEND_NETWORKS triggering remote TransactionTooLargeException due to Service without Chimera impl, calling uid: 1000, calling pid: 0
2026-06-06 06:48:30.998  1388-2335  NullBinder              com.google.android.gms.persistent    I  NullBinder for android.net.action.RECOMMEND_NETWORKS triggering remote TransactionTooLargeException due to Service without Chimera impl, calling uid: 1000, calling pid: 0
2026-06-06 06:49:25.224  1388-6384  NullBinder              com.google.android.gms.persistent    I  NullBinder for android.net.action.RECOMMEND_NETWORKS triggering remote TransactionTooLargeException due to Service without Chimera impl, calling uid: 1000, calling pid: 0
2026-06-06 06:49:49.330  1388-1404  NullBinder              com.google.android.gms.persistent    I  NullBinder for android.net.action.RECOMMEND_NETWORKS triggering remote TransactionTooLargeException due to Service without Chimera impl, calling uid: 1000, calling pid: 0
2026-06-06 06:50:26.897  1388-3135  AsyncOperation          com.google.android.gms.persistent    W  operation=GetExperimentTokensOperationCall, opStatusCode=29505 [CONTEXT service_id=51 ] (Fix with AI)
                                                                                                    OperationException[Status{statusCode=No config packages for log source, or config package not registered, resolution=null}]
                                                                                                    	at fduk.h(:com.google.android.gms@262031038@26.20.31 (260800-919905943):64)
                                                                                                    	at fduk.f(:com.google.android.gms@262031038@26.20.31 (260800-919905943):16)
                                                                                                    	at czya.fH(:com.google.android.gms@262031038@26.20.31 (260800-919905943):1)
                                                                                                    	at czyl.run(:com.google.android.gms@262031038@26.20.31 (260800-919905943):121)
                                                                                                    	at hdne.run(:com.google.android.gms@262031038@26.20.31 (260800-919905943):23)
                                                                                                    	at bkql.c(:com.google.android.gms@262031038@26.20.31 (260800-919905943):50)
                                                                                                    	at bkql.run(:com.google.android.gms@262031038@26.20.31 (260800-919905943):66)
                                                                                                    	at java.util.concurrent.ThreadPoolExecutor.runWorker(ThreadPoolExecutor.java:1100)
                                                                                                    	at java.util.concurrent.ThreadPoolExecutor$Worker.run(ThreadPoolExecutor.java:624)
                                                                                                    	at bkwd.run(:com.google.android.gms@262031038@26.20.31 (260800-919905943):8)
                                                                                                    	at java.lang.Thread.run(Thread.java:1572)
2026-06-06 06:50:27.054  2082-2082  Finsky                  com.android.vending                  E  [2] bqot failed GRPC call! (Fix with AI)
                                                                                                    java.lang.UnsupportedOperationException: Unauth not supported in gRPC BrowseService.
                                                                                                    	at aauc.c(PG:179)
                                                                                                    	at aaua.b(PG:181)
                                                                                                    	at aaua.a(PG:34)
                                                                                                    	at org.chromium.net.AndroidNetworkLibrary.q(PG:14)
                                                                                                    	at cajm.y(PG:29)
                                                                                                    	at cajm.z(PG:12)
                                                                                                    	at aaub.b(PG:37)
                                                                                                    	at aaub.ni(PG:23)
                                                                                                    	at sef.b(PG:25)
                                                                                                    	at cchl.rS(PG:5)
                                                                                                    	at ccov.run(PG:109)
                                                                                                    	at java.util.concurrent.ThreadPoolExecutor.runWorker(ThreadPoolExecutor.java:1100)
                                                                                                    	at java.util.concurrent.ThreadPoolExecutor$Worker.run(ThreadPoolExecutor.java:624)
                                                                                                    	at vwj.run(PG:617)
                                                                                                    	at java.lang.Thread.run(Thread.java:1572)
2026-06-06 06:50:28.492  1388-2335  NullBinder              com.google.android.gms.persistent    I  NullBinder for android.net.action.RECOMMEND_NETWORKS triggering remote TransactionTooLargeException due to Service without Chimera impl, calling uid: 1000, calling pid: 0
2026-06-06 06:50:31.522  1388-2249  NullBinder              com.google.android.gms.persistent    I  NullBinder for android.net.action.RECOMMEND_NETWORKS triggering remote TransactionTooLargeException due to Service without Chimera impl, calling uid: 1000, calling pid: 0
2026-06-06 06:50:37.558  1388-18457 NullBinder              com.google.android.gms.persistent    I  NullBinder for android.net.action.RECOMMEND_NETWORKS triggering remote TransactionTooLargeException due to Service without Chimera impl, calling uid: 1000, calling pid: 0
2026-06-06 06:50:43.589  1388-2333  NullBinder              com.google.android.gms.persistent    I  NullBinder for android.net.action.RECOMMEND_NETWORKS triggering remote TransactionTooLargeException due to Service without Chimera impl, calling uid: 1000, calling pid: 0
2026-06-06 06:51:04.682  1388-1404  NullBinder              com.google.android.gms.persistent    I  NullBinder for android.net.action.RECOMMEND_NETWORKS triggering remote TransactionTooLargeException due to Service without Chimera impl, calling uid: 1000, calling pid: 0
2026-06-06 06:51:31.796  1388-1404  NullBinder              com.google.android.gms.persistent    I  NullBinder for android.net.action.RECOMMEND_NETWORKS triggering remote TransactionTooLargeException due to Service without Chimera impl, calling uid: 1000, calling pid: 0
2026-06-06 06:51:58.891  1388-1404  NullBinder              com.google.android.gms.persistent    I  NullBinder for android.net.action.RECOMMEND_NETWORKS triggering remote TransactionTooLargeException due to Service without Chimera impl, calling uid: 1000, calling pid: 0
2026-06-06 06:53:02.139  1388-2249  NullBinder              com.google.android.gms.persistent    I  NullBinder for android.net.action.RECOMMEND_NETWORKS triggering remote TransactionTooLargeException due to Service without Chimera impl, calling uid: 1000, calling pid: 0
2026-06-06 06:53:23.233  1388-6384  NullBinder              com.google.android.gms.persistent    I  NullBinder for android.net.action.RECOMMEND_NETWORKS triggering remote TransactionTooLargeException due to Service without Chimera impl, calling uid: 1000, calling pid: 0
2026-06-06 06:53:50.343  1388-2249  NullBinder              com.google.android.gms.persistent    I  NullBinder for android.net.action.RECOMMEND_NETWORKS triggering remote TransactionTooLargeException due to Service without Chimera impl, calling uid: 1000, calling pid: 0
2026-06-06 06:54:17.485  1388-1862  NullBinder              com.google.android.gms.persistent    I  NullBinder for android.net.action.RECOMMEND_NETWORKS triggering remote TransactionTooLargeException due to Service without Chimera impl, calling uid: 1000, calling pid: 0
2026-06-06 06:55:38.822  1388-1880  NullBinder              com.google.android.gms.persistent    I  NullBinder for android.net.action.RECOMMEND_NETWORKS triggering remote TransactionTooLargeException due to Service without Chimera impl, calling uid: 1000, calling pid: 0
2026-06-06 06:56:05.934  1388-6384  NullBinder              com.google.android.gms.persistent    I  NullBinder for android.net.action.RECOMMEND_NETWORKS triggering remote TransactionTooLargeException due to Service without Chimera impl, calling uid: 1000, calling pid: 0
2026-06-06 06:56:33.044  1388-18457 NullBinder              com.google.android.gms.persistent    I  NullBinder for android.net.action.RECOMMEND_NETWORKS triggering remote TransactionTooLargeException due to Service without Chimera impl, calling uid: 1000, calling pid: 0
2026-06-06 06:57:00.181  1388-2249  NullBinder              com.google.android.gms.persistent    I  NullBinder for android.net.action.RECOMMEND_NETWORKS triggering remote TransactionTooLargeException due to Service without Chimera impl, calling uid: 1000, calling pid: 0
2026-06-06 07:00:09.901  1388-2249  NullBinder              com.google.android.gms.persistent    I  NullBinder for android.net.action.RECOMMEND_NETWORKS triggering remote TransactionTooLargeException due to Service without Chimera impl, calling uid: 1000, calling pid: 0
2026-06-06 07:00:27.973  1388-2335  NullBinder              com.google.android.gms.persistent    I  NullBinder for android.net.action.RECOMMEND_NETWORKS triggering remote TransactionTooLargeException due to Service without Chimera impl, calling uid: 1000, calling pid: 0
2026-06-06 07:00:58.102  1388-1880  NullBinder              com.google.android.gms.persistent    I  NullBinder for android.net.action.RECOMMEND_NETWORKS triggering remote TransactionTooLargeException due to Service without Chimera impl, calling uid: 1000, calling pid: 0
2026-06-06 07:01:07.134  1388-6384  NullBinder              com.google.android.gms.persistent    I  NullBinder for android.net.action.RECOMMEND_NETWORKS triggering remote TransactionTooLargeException due to Service without Chimera impl, calling uid: 1000, calling pid: 0
2026-06-06 07:01:25.197  1388-1862  NullBinder              com.google.android.gms.persistent    I  NullBinder for android.net.action.RECOMMEND_NETWORKS triggering remote TransactionTooLargeException due to Service without Chimera impl, calling uid: 1000, calling pid: 0
2026-06-06 07:01:52.288  1388-1862  NullBinder              com.google.android.gms.persistent    I  NullBinder for android.net.action.RECOMMEND_NETWORKS triggering remote TransactionTooLargeException due to Service without Chimera impl, calling uid: 1000, calling pid: 0
2026-06-06 07:02:58.562  1388-1404  NullBinder              com.google.android.gms.persistent    I  NullBinder for android.net.action.RECOMMEND_NETWORKS triggering remote TransactionTooLargeException due to Service without Chimera impl, calling uid: 1000, calling pid: 0
2026-06-06 07:03:01.593  1388-1862  NullBinder              com.google.android.gms.persistent    I  NullBinder for android.net.action.RECOMMEND_NETWORKS triggering remote TransactionTooLargeException due to Service without Chimera impl, calling uid: 1000, calling pid: 0
2026-06-06 07:03:07.617  1388-1763  NullBinder              com.google.android.gms.persistent    I  NullBinder for android.net.action.RECOMMEND_NETWORKS triggering remote TransactionTooLargeException due to Service without Chimera impl, calling uid: 1000, calling pid: 0
2026-06-06 07:03:37.718  1388-1862  NullBinder              com.google.android.gms.persistent    I  NullBinder for android.net.action.RECOMMEND_NETWORKS triggering remote TransactionTooLargeException due to Service without Chimera impl, calling uid: 1000, calling pid: 0
2026-06-06 07:09:51.246  1388-6384  NullBinder              com.google.android.gms.persistent    I  NullBinder for android.net.action.RECOMMEND_NETWORKS triggering remote TransactionTooLargeException due to Service without Chimera impl, calling uid: 1000, calling pid: 0
2026-06-06 07:09:54.261  1388-2333  NullBinder              com.google.android.gms.persistent    I  NullBinder for android.net.action.RECOMMEND_NETWORKS triggering remote TransactionTooLargeException due to Service without Chimera impl, calling uid: 1000, calling pid: 0
2026-06-06 07:09:57.281  1388-1862  NullBinder              com.google.android.gms.persistent    I  NullBinder for android.net.action.RECOMMEND_NETWORKS triggering remote TransactionTooLargeException due to Service without Chimera impl, calling uid: 1000, calling pid: 0
2026-06-06 07:10:03.307  1388-1862  NullBinder              com.google.android.gms.persistent    I  NullBinder for android.net.action.RECOMMEND_NETWORKS triggering remote TransactionTooLargeException due to Service without Chimera impl, calling uid: 1000, calling pid: 0
2026-06-06 07:10:09.346  1388-1763  NullBinder              com.google.android.gms.persistent    I  NullBinder for android.net.action.RECOMMEND_NETWORKS triggering remote TransactionTooLargeException due to Service without Chimera impl, calling uid: 1000, calling pid: 0
2026-06-06 07:10:18.376  1388-1763  NullBinder              com.google.android.gms.persistent    I  NullBinder for android.net.action.RECOMMEND_NETWORKS triggering remote TransactionTooLargeException due to Service without Chimera impl, calling uid: 1000, calling pid: 0
2026-06-06 07:12:30.933  1388-18457 NullBinder              com.google.android.gms.persistent    I  NullBinder for android.net.action.RECOMMEND_NETWORKS triggering remote TransactionTooLargeException due to Service without Chimera impl, calling uid: 1000, calling pid: 0
2026-06-06 07:13:25.168  1388-1763  NullBinder              com.google.android.gms.persistent    I  NullBinder for android.net.action.RECOMMEND_NETWORKS triggering remote TransactionTooLargeException due to Service without Chimera impl, calling uid: 1000, calling pid: 0
2026-06-06 07:15:10.621  1388-1880  NullBinder              com.google.android.gms.persistent    I  NullBinder for android.net.action.RECOMMEND_NETWORKS triggering remote TransactionTooLargeException due to Service without Chimera impl, calling uid: 1000, calling pid: 0
2026-06-06 07:15:37.739  1388-2335  NullBinder              com.google.android.gms.persistent    I  NullBinder for android.net.action.RECOMMEND_NETWORKS triggering remote TransactionTooLargeException due to Service without Chimera impl, calling uid: 1000, calling pid: 0
2026-06-06 07:17:47.292  1388-1763  NullBinder              com.google.android.gms.persistent    I  NullBinder for android.net.action.RECOMMEND_NETWORKS triggering remote TransactionTooLargeException due to Service without Chimera impl, calling uid: 1000, calling pid: 0
2026-06-06 07:17:56.325  1388-1763  NullBinder              com.google.android.gms.persistent    I  NullBinder for android.net.action.RECOMMEND_NETWORKS triggering remote TransactionTooLargeException due to Service without Chimera impl, calling uid: 1000, calling pid: 0
2026-06-06 07:18:17.414  1388-1880  NullBinder              com.google.android.gms.persistent    I  NullBinder for android.net.action.RECOMMEND_NETWORKS triggering remote TransactionTooLargeException due to Service without Chimera impl, calling uid: 1000, calling pid: 0
2026-06-06 07:18:44.523  1388-2335  NullBinder              com.google.android.gms.persistent    I  NullBinder for android.net.action.RECOMMEND_NETWORKS triggering remote TransactionTooLargeException due to Service without Chimera impl, calling uid: 1000, calling pid: 0
2026-06-06 07:19:08.638  1388-1880  NullBinder              com.google.android.gms.persistent    I  NullBinder for android.net.action.RECOMMEND_NETWORKS triggering remote TransactionTooLargeException due to Service without Chimera impl, calling uid: 1000, calling pid: 0
2026-06-06 07:19:32.725  1388-1763  NullBinder              com.google.android.gms.persistent    I  NullBinder for android.net.action.RECOMMEND_NETWORKS triggering remote TransactionTooLargeException due to Service without Chimera impl, calling uid: 1000, calling pid: 0
2026-06-06 07:19:38.746  1388-2333  NullBinder              com.google.android.gms.persistent    I  NullBinder for android.net.action.RECOMMEND_NETWORKS triggering remote TransactionTooLargeException due to Service without Chimera impl, calling uid: 1000, calling pid: 0
2026-06-06 07:19:59.852  1388-1862  NullBinder              com.google.android.gms.persistent    I  NullBinder for android.net.action.RECOMMEND_NETWORKS triggering remote TransactionTooLargeException due to Service without Chimera impl, calling uid: 1000, calling pid: 0
2026-06-06 07:20:29.992  1388-6384  NullBinder              com.google.android.gms.persistent    I  NullBinder for android.net.action.RECOMMEND_NETWORKS triggering remote TransactionTooLargeException due to Service without Chimera impl, calling uid: 1000, calling pid: 0
2026-06-06 07:21:24.239  1388-18457 NullBinder              com.google.android.gms.persistent    I  NullBinder for android.net.action.RECOMMEND_NETWORKS triggering remote TransactionTooLargeException due to Service without Chimera impl, calling uid: 1000, calling pid: 0
2026-06-06 07:21:48.334  1388-2333  NullBinder              com.google.android.gms.persistent    I  NullBinder for android.net.action.RECOMMEND_NETWORKS triggering remote TransactionTooLargeException due to Service without Chimera impl, calling uid: 1000, calling pid: 0
2026-06-06 07:23:09.699  1388-18457 NullBinder              com.google.android.gms.persistent    I  NullBinder for android.net.action.RECOMMEND_NETWORKS triggering remote TransactionTooLargeException due to Service without Chimera impl, calling uid: 1000, calling pid: 0
2026-06-06 07:23:39.832  1388-18457 NullBinder              com.google.android.gms.persistent    I  NullBinder for android.net.action.RECOMMEND_NETWORKS triggering remote TransactionTooLargeException due to Service without Chimera impl, calling uid: 1000, calling pid: 0
2026-06-06 07:25:52.406  1388-6384  NullBinder              com.google.android.gms.persistent    I  NullBinder for android.net.action.RECOMMEND_NETWORKS triggering remote TransactionTooLargeException due to Service without Chimera impl, calling uid: 1000, calling pid: 0
2026-06-06 07:26:19.525  1388-18457 NullBinder              com.google.android.gms.persistent    I  NullBinder for android.net.action.RECOMMEND_NETWORKS triggering remote TransactionTooLargeException due to Service without Chimera impl, calling uid: 1000, calling pid: 0
2026-06-06 07:27:34.828  1388-6384  NullBinder              com.google.android.gms.persistent    I  NullBinder for android.net.action.RECOMMEND_NETWORKS triggering remote TransactionTooLargeException due to Service without Chimera impl, calling uid: 1000, calling pid: 0
2026-06-06 07:27:55.935  1388-1880  NullBinder              com.google.android.gms.persistent    I  NullBinder for android.net.action.RECOMMEND_NETWORKS triggering remote TransactionTooLargeException due to Service without Chimera impl, calling uid: 1000, calling pid: 0
2026-06-06 07:28:01.956  1388-1880  NullBinder              com.google.android.gms.persistent    I  NullBinder for android.net.action.RECOMMEND_NETWORKS triggering remote TransactionTooLargeException due to Service without Chimera impl, calling uid: 1000, calling pid: 0
2026-06-06 07:28:29.094  1388-1763  NullBinder              com.google.android.gms.persistent    I  NullBinder for android.net.action.RECOMMEND_NETWORKS triggering remote TransactionTooLargeException due to Service without Chimera impl, calling uid: 1000, calling pid: 0
2026-06-06 07:30:41.678  1388-1407  NullBinder              com.google.android.gms.persistent    I  NullBinder for android.net.action.RECOMMEND_NETWORKS triggering remote TransactionTooLargeException due to Service without Chimera impl, calling uid: 1000, calling pid: 0
2026-06-06 07:31:08.815  1388-18457 NullBinder              com.google.android.gms.persistent    I  NullBinder for android.net.action.RECOMMEND_NETWORKS triggering remote TransactionTooLargeException due to Service without Chimera impl, calling uid: 1000, calling pid: 0
2026-06-06 07:32:57.309  1388-6384  NullBinder              com.google.android.gms.persistent    I  NullBinder for android.net.action.RECOMMEND_NETWORKS triggering remote TransactionTooLargeException due to Service without Chimera impl, calling uid: 1000, calling pid: 0
2026-06-06 07:33:21.410  1388-6384  NullBinder              com.google.android.gms.persistent    I  NullBinder for android.net.action.RECOMMEND_NETWORKS triggering remote TransactionTooLargeException due to Service without Chimera impl, calling uid: 1000, calling pid: 0
2026-06-06 07:36:01.050  1388-1880  NullBinder              com.google.android.gms.persistent    I  NullBinder for android.net.action.RECOMMEND_NETWORKS triggering remote TransactionTooLargeException due to Service without Chimera impl, calling uid: 1000, calling pid: 0
2026-06-06 07:36:28.169  1388-1763  NullBinder              com.google.android.gms.persistent    I  NullBinder for android.net.action.RECOMMEND_NETWORKS triggering remote TransactionTooLargeException due to Service without Chimera impl, calling uid: 1000, calling pid: 0
2026-06-06 07:37:52.537  1388-1763  NullBinder              com.google.android.gms.persistent    I  NullBinder for android.net.action.RECOMMEND_NETWORKS triggering remote TransactionTooLargeException due to Service without Chimera impl, calling uid: 1000, calling pid: 0
2026-06-06 07:38:43.764  1388-15320 NullBinder              com.google.android.gms.persistent    I  NullBinder for android.net.action.RECOMMEND_NETWORKS triggering remote TransactionTooLargeException due to Service without Chimera impl, calling uid: 1000, calling pid: 0
2026-06-06 07:39:38.033  1388-1763  NullBinder              com.google.android.gms.persistent    I  NullBinder for android.net.action.RECOMMEND_NETWORKS triggering remote TransactionTooLargeException due to Service without Chimera impl, calling uid: 1000, calling pid: 0
2026-06-06 07:40:08.143  1388-1880  NullBinder              com.google.android.gms.persistent    I  NullBinder for android.net.action.RECOMMEND_NETWORKS triggering remote TransactionTooLargeException due to Service without Chimera impl, calling uid: 1000, calling pid: 0
2026-06-06 07:44:03.148  1388-18457 NullBinder              com.google.android.gms.persistent    I  NullBinder for android.net.action.RECOMMEND_NETWORKS triggering remote TransactionTooLargeException due to Service without Chimera impl, calling uid: 1000, calling pid: 0
2026-06-06 07:44:30.280  1388-18457 NullBinder              com.google.android.gms.persistent    I  NullBinder for android.net.action.RECOMMEND_NETWORKS triggering remote TransactionTooLargeException due to Service without Chimera impl, calling uid: 1000, calling pid: 0
2026-06-06 07:45:00.436  1388-1763  NullBinder              com.google.android.gms.persistent    I  NullBinder for android.net.action.RECOMMEND_NETWORKS triggering remote TransactionTooLargeException due to Service without Chimera impl, calling uid: 1000, calling pid: 0
2026-06-06 07:45:24.557  1388-1880  NullBinder              com.google.android.gms.persistent    I  NullBinder for android.net.action.RECOMMEND_NETWORKS triggering remote TransactionTooLargeException due to Service without Chimera impl, calling uid: 1000, calling pid: 0
2026-06-06 07:47:37.109  1388-1763  NullBinder              com.google.android.gms.persistent    I  NullBinder for android.net.action.RECOMMEND_NETWORKS triggering remote TransactionTooLargeException due to Service without Chimera impl, calling uid: 1000, calling pid: 0
2026-06-06 07:47:49.164  1388-6384  NullBinder              com.google.android.gms.persistent    I  NullBinder for android.net.action.RECOMMEND_NETWORKS triggering remote TransactionTooLargeException due to Service without Chimera impl, calling uid: 1000, calling pid: 0
2026-06-06 07:48:07.244  1388-2333  NullBinder              com.google.android.gms.persistent    I  NullBinder for android.net.action.RECOMMEND_NETWORKS triggering remote TransactionTooLargeException due to Service without Chimera impl, calling uid: 1000, calling pid: 0
2026-06-06 07:48:52.445  1388-1763  NullBinder              com.google.android.gms.persistent    I  NullBinder for android.net.action.RECOMMEND_NETWORKS triggering remote TransactionTooLargeException due to Service without Chimera impl, calling uid: 1000, calling pid: 0
2026-06-06 07:49:22.589  1388-1880  NullBinder              com.google.android.gms.persistent    I  NullBinder for android.net.action.RECOMMEND_NETWORKS triggering remote TransactionTooLargeException due to Service without Chimera impl, calling uid: 1000, calling pid: 0
2026-06-06 07:49:49.719  1388-1880  NullBinder              com.google.android.gms.persistent    I  NullBinder for android.net.action.RECOMMEND_NETWORKS triggering remote TransactionTooLargeException due to Service without Chimera impl, calling uid: 1000, calling pid: 0
2026-06-06 07:52:02.305  1388-2333  NullBinder              com.google.android.gms.persistent    I  NullBinder for android.net.action.RECOMMEND_NETWORKS triggering remote TransactionTooLargeException due to Service without Chimera impl, calling uid: 1000, calling pid: 0
2026-06-06 07:52:29.452  1388-6384  NullBinder              com.google.android.gms.persistent    I  NullBinder for android.net.action.RECOMMEND_NETWORKS triggering remote TransactionTooLargeException due to Service without Chimera impl, calling uid: 1000, calling pid: 0
2026-06-06 07:53:47.815  1388-15320 NullBinder              com.google.android.gms.persistent    I  NullBinder for android.net.action.RECOMMEND_NETWORKS triggering remote TransactionTooLargeException due to Service without Chimera impl, calling uid: 1000, calling pid: 0
2026-06-06 07:54:14.926  1388-1407  NullBinder              com.google.android.gms.persistent    I  NullBinder for android.net.action.RECOMMEND_NETWORKS triggering remote TransactionTooLargeException due to Service without Chimera impl, calling uid: 1000, calling pid: 0
2026-06-06 07:56:27.515  1388-15320 NullBinder              com.google.android.gms.persistent    I  NullBinder for android.net.action.RECOMMEND_NETWORKS triggering remote TransactionTooLargeException due to Service without Chimera impl, calling uid: 1000, calling pid: 0
2026-06-06 07:56:57.677  1388-15320 NullBinder              com.google.android.gms.persistent    I  NullBinder for android.net.action.RECOMMEND_NETWORKS triggering remote TransactionTooLargeException due to Service without Chimera impl, calling uid: 1000, calling pid: 0
2026-06-06 07:57:51.912  1388-1407  NullBinder              com.google.android.gms.persistent    I  NullBinder for android.net.action.RECOMMEND_NETWORKS triggering remote TransactionTooLargeException due to Service without Chimera impl, calling uid: 1000, calling pid: 0
2026-06-06 07:58:19.014  1388-15320 NullBinder              com.google.android.gms.persistent    I  NullBinder for android.net.action.RECOMMEND_NETWORKS triggering remote TransactionTooLargeException due to Service without Chimera impl, calling uid: 1000, calling pid: 0
2026-06-06 08:00:58.682  1388-2333  NullBinder              com.google.android.gms.persistent    I  NullBinder for android.net.action.RECOMMEND_NETWORKS triggering remote TransactionTooLargeException due to Service without Chimera impl, calling uid: 1000, calling pid: 0
2026-06-06 08:01:25.807  1388-2333  NullBinder              com.google.android.gms.persistent    I  NullBinder for android.net.action.RECOMMEND_NETWORKS triggering remote TransactionTooLargeException due to Service without Chimera impl, calling uid: 1000, calling pid: 0
2026-06-06 08:03:11.297  1388-6384  NullBinder              com.google.android.gms.persistent    I  NullBinder for android.net.action.RECOMMEND_NETWORKS triggering remote TransactionTooLargeException due to Service without Chimera impl, calling uid: 1000, calling pid: 0
2026-06-06 08:03:38.420  1388-1407  NullBinder              com.google.android.gms.persistent    I  NullBinder for android.net.action.RECOMMEND_NETWORKS triggering remote TransactionTooLargeException due to Service without Chimera impl, calling uid: 1000, calling pid: 0
2026-06-06 08:06:18.108  1388-6384  NullBinder              com.google.android.gms.persistent    I  NullBinder for android.net.action.RECOMMEND_NETWORKS triggering remote TransactionTooLargeException due to Service without Chimera impl, calling uid: 1000, calling pid: 0
2026-06-06 08:06:45.232  1388-1407  NullBinder              com.google.android.gms.persistent    I  NullBinder for android.net.action.RECOMMEND_NETWORKS triggering remote TransactionTooLargeException due to Service without Chimera impl, calling uid: 1000, calling pid: 0
2026-06-06 08:08:03.516  1388-1407  NullBinder              com.google.android.gms.persistent    I  NullBinder for android.net.action.RECOMMEND_NETWORKS triggering remote TransactionTooLargeException due to Service without Chimera impl, calling uid: 1000, calling pid: 0
2026-06-06 08:08:30.617  1388-2333  NullBinder              com.google.android.gms.persistent    I  NullBinder for android.net.action.RECOMMEND_NETWORKS triggering remote TransactionTooLargeException due to Service without Chimera impl, calling uid: 1000, calling pid: 0
2026-06-06 08:09:48.922  1388-6384  NullBinder              com.google.android.gms.persistent    I  NullBinder for android.net.action.RECOMMEND_NETWORKS triggering remote TransactionTooLargeException due to Service without Chimera impl, calling uid: 1000, calling pid: 0
2026-06-06 08:10:07.020  1388-1404  NullBinder              com.google.android.gms.persistent    I  NullBinder for android.net.action.RECOMMEND_NETWORKS triggering remote TransactionTooLargeException due to Service without Chimera impl, calling uid: 1000, calling pid: 0
2026-06-06 08:10:13.057  1388-1404  NullBinder              com.google.android.gms.persistent    I  NullBinder for android.net.action.RECOMMEND_NETWORKS triggering remote TransactionTooLargeException due to Service without Chimera impl, calling uid: 1000, calling pid: 0
2026-06-06 08:10:16.072  1388-18457 NullBinder              com.google.android.gms.persistent    I  NullBinder for android.net.action.RECOMMEND_NETWORKS triggering remote TransactionTooLargeException due to Service without Chimera impl, calling uid: 1000, calling pid: 0
2026-06-06 08:10:22.110  1388-1763  NullBinder              com.google.android.gms.persistent    I  NullBinder for android.net.action.RECOMMEND_NETWORKS triggering remote TransactionTooLargeException due to Service without Chimera impl, calling uid: 1000, calling pid: 0
2026-06-06 08:10:40.205  1388-1404  NullBinder              com.google.android.gms.persistent    I  NullBinder for android.net.action.RECOMMEND_NETWORKS triggering remote TransactionTooLargeException due to Service without Chimera impl, calling uid: 1000, calling pid: 0
2026-06-06 08:11:07.335  1388-6384  NullBinder              com.google.android.gms.persistent    I  NullBinder for android.net.action.RECOMMEND_NETWORKS triggering remote TransactionTooLargeException due to Service without Chimera impl, calling uid: 1000, calling pid: 0
2026-06-06 08:17:26.991  1388-2333  NullBinder              com.google.android.gms.persistent    I  NullBinder for android.net.action.RECOMMEND_NETWORKS triggering remote TransactionTooLargeException due to Service without Chimera impl, calling uid: 1000, calling pid: 0
2026-06-06 08:17:45.098  1388-2333  NullBinder              com.google.android.gms.persistent    I  NullBinder for android.net.action.RECOMMEND_NETWORKS triggering remote TransactionTooLargeException due to Service without Chimera impl, calling uid: 1000, calling pid: 0
2026-06-06 08:17:48.126  1388-2333  NullBinder              com.google.android.gms.persistent    I  NullBinder for android.net.action.RECOMMEND_NETWORKS triggering remote TransactionTooLargeException due to Service without Chimera impl, calling uid: 1000, calling pid: 0
2026-06-06 08:18:15.258  1388-2333  NullBinder              com.google.android.gms.persistent    I  NullBinder for android.net.action.RECOMMEND_NETWORKS triggering remote TransactionTooLargeException due to Service without Chimera impl, calling uid: 1000, calling pid: 0
2026-06-06 08:19:09.506  1388-2333  NullBinder              com.google.android.gms.persistent    I  NullBinder for android.net.action.RECOMMEND_NETWORKS triggering remote TransactionTooLargeException due to Service without Chimera impl, calling uid: 1000, calling pid: 0
2026-06-06 08:19:36.611  1388-18457 NullBinder              com.google.android.gms.persistent    I  NullBinder for android.net.action.RECOMMEND_NETWORKS triggering remote TransactionTooLargeException due to Service without Chimera impl, calling uid: 1000, calling pid: 0
2026-06-06 08:20:09.793  1388-2333  NullBinder              com.google.android.gms.persistent    I  NullBinder for android.net.action.RECOMMEND_NETWORKS triggering remote TransactionTooLargeException due to Service without Chimera impl, calling uid: 1000, calling pid: 0
2026-06-06 08:20:12.799  1388-2333  NullBinder              com.google.android.gms.persistent    I  NullBinder for android.net.action.RECOMMEND_NETWORKS triggering remote TransactionTooLargeException due to Service without Chimera impl, calling uid: 1000, calling pid: 0
2026-06-06 08:20:27.888  1388-1862  NullBinder              com.google.android.gms.persistent    I  NullBinder for android.net.action.RECOMMEND_NETWORKS triggering remote TransactionTooLargeException due to Service without Chimera impl, calling uid: 1000, calling pid: 0
2026-06-06 08:20:55.015  1388-1880  NullBinder              com.google.android.gms.persistent    I  NullBinder for android.net.action.RECOMMEND_NETWORKS triggering remote TransactionTooLargeException due to Service without Chimera impl, calling uid: 1000, calling pid: 0
2026-06-06 08:21:22.144  1388-1880  NullBinder              com.google.android.gms.persistent    I  NullBinder for android.net.action.RECOMMEND_NETWORKS triggering remote TransactionTooLargeException due to Service without Chimera impl, calling uid: 1000, calling pid: 0
2026-06-06 08:21:49.257  1388-1763  NullBinder              com.google.android.gms.persistent    I  NullBinder for android.net.action.RECOMMEND_NETWORKS triggering remote TransactionTooLargeException due to Service without Chimera impl, calling uid: 1000, calling pid: 0
2026-06-06 08:22:43.477  1388-1880  NullBinder              com.google.android.gms.persistent    I  NullBinder for android.net.action.RECOMMEND_NETWORKS triggering remote TransactionTooLargeException due to Service without Chimera impl, calling uid: 1000, calling pid: 0
2026-06-06 08:23:34.668  1388-1880  NullBinder              com.google.android.gms.persistent    I  NullBinder for android.net.action.RECOMMEND_NETWORKS triggering remote TransactionTooLargeException due to Service without Chimera impl, calling uid: 1000, calling pid: 0
2026-06-06 08:25:50.251  1388-1880  NullBinder              com.google.android.gms.persistent    I  NullBinder for android.net.action.RECOMMEND_NETWORKS triggering remote TransactionTooLargeException due to Service without Chimera impl, calling uid: 1000, calling pid: 0
2026-06-06 08:26:17.402  1388-1862  NullBinder              com.google.android.gms.persistent    I  NullBinder for android.net.action.RECOMMEND_NETWORKS triggering remote TransactionTooLargeException due to Service without Chimera impl, calling uid: 1000, calling pid: 0
2026-06-06 08:28:08.888  1388-15320 NullBinder              com.google.android.gms.persistent    I  NullBinder for android.net.action.RECOMMEND_NETWORKS triggering remote TransactionTooLargeException due to Service without Chimera impl, calling uid: 1000, calling pid: 0
2026-06-06 08:28:26.998  1388-1880  NullBinder              com.google.android.gms.persistent    I  NullBinder for android.net.action.RECOMMEND_NETWORKS triggering remote TransactionTooLargeException due to Service without Chimera impl, calling uid: 1000, calling pid: 0
2026-06-06 08:30:21.467  1388-1880  NullBinder              com.google.android.gms.persistent    I  NullBinder for android.net.action.RECOMMEND_NETWORKS triggering remote TransactionTooLargeException due to Service without Chimera impl, calling uid: 1000, calling pid: 0
2026-06-06 08:30:48.599  1388-6384  NullBinder              com.google.android.gms.persistent    I  NullBinder for android.net.action.RECOMMEND_NETWORKS triggering remote TransactionTooLargeException due to Service without Chimera impl, calling uid: 1000, calling pid: 0
2026-06-06 08:31:09.679  1388-18457 NullBinder              com.google.android.gms.persistent    I  NullBinder for android.net.action.RECOMMEND_NETWORKS triggering remote TransactionTooLargeException due to Service without Chimera impl, calling uid: 1000, calling pid: 0
2026-06-06 08:31:33.772  1388-1880  NullBinder              com.google.android.gms.persistent    I  NullBinder for android.net.action.RECOMMEND_NETWORKS triggering remote TransactionTooLargeException due to Service without Chimera impl, calling uid: 1000, calling pid: 0
2026-06-06 08:32:58.134  1388-6384  NullBinder              com.google.android.gms.persistent    I  NullBinder for android.net.action.RECOMMEND_NETWORKS triggering remote TransactionTooLargeException due to Service without Chimera impl, calling uid: 1000, calling pid: 0
2026-06-06 08:33:25.243  1388-15320 NullBinder              com.google.android.gms.persistent    I  NullBinder for android.net.action.RECOMMEND_NETWORKS triggering remote TransactionTooLargeException due to Service without Chimera impl, calling uid: 1000, calling pid: 0
2026-06-06 08:37:23.217  1388-2333  NullBinder              com.google.android.gms.persistent    I  NullBinder for android.net.action.RECOMMEND_NETWORKS triggering remote TransactionTooLargeException due to Service without Chimera impl, calling uid: 1000, calling pid: 0
2026-06-06 08:37:38.277  1388-2333  NullBinder              com.google.android.gms.persistent    I  NullBinder for android.net.action.RECOMMEND_NETWORKS triggering remote TransactionTooLargeException due to Service without Chimera impl, calling uid: 1000, calling pid: 0
2026-06-06 08:37:50.330  1388-2333  NullBinder              com.google.android.gms.persistent    I  NullBinder for android.net.action.RECOMMEND_NETWORKS triggering remote TransactionTooLargeException due to Service without Chimera impl, calling uid: 1000, calling pid: 0
2026-06-06 08:38:17.446  1388-2333  NullBinder              com.google.android.gms.persistent    I  NullBinder for android.net.action.RECOMMEND_NETWORKS triggering remote TransactionTooLargeException due to Service without Chimera impl, calling uid: 1000, calling pid: 0
2026-06-06 08:39:08.709  1388-1880  NullBinder              com.google.android.gms.persistent    I  NullBinder for android.net.action.RECOMMEND_NETWORKS triggering remote TransactionTooLargeException due to Service without Chimera impl, calling uid: 1000, calling pid: 0
2026-06-06 08:39:32.834  1388-2333  NullBinder              com.google.android.gms.persistent    I  NullBinder for android.net.action.RECOMMEND_NETWORKS triggering remote TransactionTooLargeException due to Service without Chimera impl, calling uid: 1000, calling pid: 0
2026-06-06 08:43:36.956  1388-1404  NullBinder              com.google.android.gms.persistent    I  NullBinder for android.net.action.RECOMMEND_NETWORKS triggering remote TransactionTooLargeException due to Service without Chimera impl, calling uid: 1000, calling pid: 0
2026-06-06 08:44:04.137  1388-1880  NullBinder              com.google.android.gms.persistent    I  NullBinder for android.net.action.RECOMMEND_NETWORKS triggering remote TransactionTooLargeException due to Service without Chimera impl, calling uid: 1000, calling pid: 0
2026-06-06 08:44:28.257  1388-1404  NullBinder              com.google.android.gms.persistent    I  NullBinder for android.net.action.RECOMMEND_NETWORKS triggering remote TransactionTooLargeException due to Service without Chimera impl, calling uid: 1000, calling pid: 0
2026-06-06 08:44:55.376  1388-1404  NullBinder              com.google.android.gms.persistent    I  NullBinder for android.net.action.RECOMMEND_NETWORKS triggering remote TransactionTooLargeException due to Service without Chimera impl, calling uid: 1000, calling pid: 0
2026-06-06 08:47:07.993  1388-1862  NullBinder              com.google.android.gms.persistent    I  NullBinder for android.net.action.RECOMMEND_NETWORKS triggering remote TransactionTooLargeException due to Service without Chimera impl, calling uid: 1000, calling pid: 0
2026-06-06 08:47:35.132  1388-1407  NullBinder              com.google.android.gms.persistent    I  NullBinder for android.net.action.RECOMMEND_NETWORKS triggering remote TransactionTooLargeException due to Service without Chimera impl, calling uid: 1000, calling pid: 0
2026-06-06 08:48:02.255  1388-15320 NullBinder              com.google.android.gms.persistent    I  NullBinder for android.net.action.RECOMMEND_NETWORKS triggering remote TransactionTooLargeException due to Service without Chimera impl, calling uid: 1000, calling pid: 0
2026-06-06 08:48:29.372  1388-18457 NullBinder              com.google.android.gms.persistent    I  NullBinder for android.net.action.RECOMMEND_NETWORKS triggering remote TransactionTooLargeException due to Service without Chimera impl, calling uid: 1000, calling pid: 0
2026-06-06 08:50:41.922  1388-1407  NullBinder              com.google.android.gms.persistent    I  NullBinder for android.net.action.RECOMMEND_NETWORKS triggering remote TransactionTooLargeException due to Service without Chimera impl, calling uid: 1000, calling pid: 0
2026-06-06 08:51:09.028  1388-1880  NullBinder              com.google.android.gms.persistent    I  NullBinder for android.net.action.RECOMMEND_NETWORKS triggering remote TransactionTooLargeException due to Service without Chimera impl, calling uid: 1000, calling pid: 0
2026-06-06 08:51:39.182  1388-6384  NullBinder              com.google.android.gms.persistent    I  NullBinder for android.net.action.RECOMMEND_NETWORKS triggering remote TransactionTooLargeException due to Service without Chimera impl, calling uid: 1000, calling pid: 0
2026-06-06 08:52:06.295  1388-15320 NullBinder              com.google.android.gms.persistent    I  NullBinder for android.net.action.RECOMMEND_NETWORKS triggering remote TransactionTooLargeException due to Service without Chimera impl, calling uid: 1000, calling pid: 0
2026-06-06 08:52:36.416  1388-1880  NullBinder              com.google.android.gms.persistent    I  NullBinder for android.net.action.RECOMMEND_NETWORKS triggering remote TransactionTooLargeException due to Service without Chimera impl, calling uid: 1000, calling pid: 0
2026-06-06 08:52:54.514  1388-1862  NullBinder              com.google.android.gms.persistent    I  NullBinder for android.net.action.RECOMMEND_NETWORKS triggering remote TransactionTooLargeException due to Service without Chimera impl, calling uid: 1000, calling pid: 0
2026-06-06 08:52:57.521  1388-15320 NullBinder              com.google.android.gms.persistent    I  NullBinder for android.net.action.RECOMMEND_NETWORKS triggering remote TransactionTooLargeException due to Service without Chimera impl, calling uid: 1000, calling pid: 0
2026-06-06 08:53:51.805  1388-1880  NullBinder              com.google.android.gms.persistent    I  NullBinder for android.net.action.RECOMMEND_NETWORKS triggering remote TransactionTooLargeException due to Service without Chimera impl, calling uid: 1000, calling pid: 0
2026-06-06 08:55:15.143  1388-1862  NullBinder              com.google.android.gms.persistent    I  NullBinder for android.net.action.RECOMMEND_NETWORKS triggering remote TransactionTooLargeException due to Service without Chimera impl, calling uid: 1000, calling pid: 0
2026-06-06 08:55:25.226  1388-1880  NullBinder              com.google.android.gms.persistent    I  NullBinder for android.net.action.RECOMMEND_NETWORKS triggering remote TransactionTooLargeException due to Service without Chimera impl, calling uid: 1000, calling pid: 0
2026-06-06 08:55:31.271  1388-18457 NullBinder              com.google.android.gms.persistent    I  NullBinder for android.net.action.RECOMMEND_NETWORKS triggering remote TransactionTooLargeException due to Service without Chimera impl, calling uid: 1000, calling pid: 0
2026-06-06 08:55:34.279  1388-18457 NullBinder              com.google.android.gms.persistent    I  NullBinder for android.net.action.RECOMMEND_NETWORKS triggering remote TransactionTooLargeException due to Service without Chimera impl, calling uid: 1000, calling pid: 0
2026-06-06 08:56:01.407  1388-1880  NullBinder              com.google.android.gms.persistent    I  NullBinder for android.net.action.RECOMMEND_NETWORKS triggering remote TransactionTooLargeException due to Service without Chimera impl, calling uid: 1000, calling pid: 0
2026-06-06 08:56:55.657  1388-15320 NullBinder              com.google.android.gms.persistent    I  NullBinder for android.net.action.RECOMMEND_NETWORKS triggering remote TransactionTooLargeException due to Service without Chimera impl, calling uid: 1000, calling pid: 0
2026-06-06 08:57:22.753  1388-1862  NullBinder              com.google.android.gms.persistent    I  NullBinder for android.net.action.RECOMMEND_NETWORKS triggering remote TransactionTooLargeException due to Service without Chimera impl, calling uid: 1000, calling pid: 0
2026-06-06 08:57:49.856  1388-1407  NullBinder              com.google.android.gms.persistent    I  NullBinder for android.net.action.RECOMMEND_NETWORKS triggering remote TransactionTooLargeException due to Service without Chimera impl, calling uid: 1000, calling pid: 0
2026-06-06 08:58:13.948  1388-18457 NullBinder              com.google.android.gms.persistent    I  NullBinder for android.net.action.RECOMMEND_NETWORKS triggering remote TransactionTooLargeException due to Service without Chimera impl, calling uid: 1000, calling pid: 0
2026-06-06 09:00:56.604  1388-1407  NullBinder              com.google.android.gms.persistent    I  NullBinder for android.net.action.RECOMMEND_NETWORKS triggering remote TransactionTooLargeException due to Service without Chimera impl, calling uid: 1000, calling pid: 0
2026-06-06 09:01:23.730  1388-1880  NullBinder              com.google.android.gms.persistent    I  NullBinder for android.net.action.RECOMMEND_NETWORKS triggering remote TransactionTooLargeException due to Service without Chimera impl, calling uid: 1000, calling pid: 0
2026-06-06 09:02:48.107  1388-1407  NullBinder              com.google.android.gms.persistent    I  NullBinder for android.net.action.RECOMMEND_NETWORKS triggering remote TransactionTooLargeException due to Service without Chimera impl, calling uid: 1000, calling pid: 0
2026-06-06 09:03:09.211  1388-1880  NullBinder              com.google.android.gms.persistent    I  NullBinder for android.net.action.RECOMMEND_NETWORKS triggering remote TransactionTooLargeException due to Service without Chimera impl, calling uid: 1000, calling pid: 0
2026-06-06 09:07:34.379  1388-1862  NullBinder              com.google.android.gms.persistent    I  NullBinder for android.net.action.RECOMMEND_NETWORKS triggering remote TransactionTooLargeException due to Service without Chimera impl, calling uid: 1000, calling pid: 0
2026-06-06 09:07:37.401  1388-1880  NullBinder              com.google.android.gms.persistent    I  NullBinder for android.net.action.RECOMMEND_NETWORKS triggering remote TransactionTooLargeException due to Service without Chimera impl, calling uid: 1000, calling pid: 0
2026-06-06 09:08:07.530  1388-1880  NullBinder              com.google.android.gms.persistent    I  NullBinder for android.net.action.RECOMMEND_NETWORKS triggering remote TransactionTooLargeException due to Service without Chimera impl, calling uid: 1000, calling pid: 0
2026-06-06 09:09:50.003  1388-18457 NullBinder              com.google.android.gms.persistent    I  NullBinder for android.net.action.RECOMMEND_NETWORKS triggering remote TransactionTooLargeException due to Service without Chimera impl, calling uid: 1000, calling pid: 0
2026-06-06 09:10:17.145  1388-1404  NullBinder              com.google.android.gms.persistent    I  NullBinder for android.net.action.RECOMMEND_NETWORKS triggering remote TransactionTooLargeException due to Service without Chimera impl, calling uid: 1000, calling pid: 0
2026-06-06 09:10:44.272  1388-15320 NullBinder              com.google.android.gms.persistent    I  NullBinder for android.net.action.RECOMMEND_NETWORKS triggering remote TransactionTooLargeException due to Service without Chimera impl, calling uid: 1000, calling pid: 0
2026-06-06 09:11:08.393  1388-1404  NullBinder              com.google.android.gms.persistent    I  NullBinder for android.net.action.RECOMMEND_NETWORKS triggering remote TransactionTooLargeException due to Service without Chimera impl, calling uid: 1000, calling pid: 0
2026-06-06 09:12:29.789  1388-2333  NullBinder              com.google.android.gms.persistent    I  NullBinder for android.net.action.RECOMMEND_NETWORKS triggering remote TransactionTooLargeException due to Service without Chimera impl, calling uid: 1000, calling pid: 0
2026-06-06 09:12:32.794  1388-15320 NullBinder              com.google.android.gms.persistent    I  NullBinder for android.net.action.RECOMMEND_NETWORKS triggering remote TransactionTooLargeException due to Service without Chimera impl, calling uid: 1000, calling pid: 0
2026-06-06 09:12:59.915  1388-1880  NullBinder              com.google.android.gms.persistent    I  NullBinder for android.net.action.RECOMMEND_NETWORKS triggering remote TransactionTooLargeException due to Service without Chimera impl, calling uid: 1000, calling pid: 0
2026-06-06 09:13:24.002  1388-2333  NullBinder              com.google.android.gms.persistent    I  NullBinder for android.net.action.RECOMMEND_NETWORKS triggering remote TransactionTooLargeException due to Service without Chimera impl, calling uid: 1000, calling pid: 0
2026-06-06 09:13:39.070  1388-2335  NullBinder              com.google.android.gms.persistent    I  NullBinder for android.net.action.RECOMMEND_NETWORKS triggering remote TransactionTooLargeException due to Service without Chimera impl, calling uid: 1000, calling pid: 0
2026-06-06 09:13:45.107  1388-1763  NullBinder              com.google.android.gms.persistent    I  NullBinder for android.net.action.RECOMMEND_NETWORKS triggering remote TransactionTooLargeException due to Service without Chimera impl, calling uid: 1000, calling pid: 0
2026-06-06 09:14:15.253  1388-1407  NullBinder              com.google.android.gms.persistent    I  NullBinder for android.net.action.RECOMMEND_NETWORKS triggering remote TransactionTooLargeException due to Service without Chimera impl, calling uid: 1000, calling pid: 0
2026-06-06 09:15:09.501  1388-1763  NullBinder              com.google.android.gms.persistent    I  NullBinder for android.net.action.RECOMMEND_NETWORKS triggering remote TransactionTooLargeException due to Service without Chimera impl, calling uid: 1000, calling pid: 0
2026-06-06 09:15:36.606  1388-15320 NullBinder              com.google.android.gms.persistent    I  NullBinder for android.net.action.RECOMMEND_NETWORKS triggering remote TransactionTooLargeException due to Service without Chimera impl, calling uid: 1000, calling pid: 0
2026-06-06 09:17:52.141  1388-1407  NullBinder              com.google.android.gms.persistent    I  NullBinder for android.net.action.RECOMMEND_NETWORKS triggering remote TransactionTooLargeException due to Service without Chimera impl, calling uid: 1000, calling pid: 0
2026-06-06 09:18:19.293  1388-2335  NullBinder              com.google.android.gms.persistent    I  NullBinder for android.net.action.RECOMMEND_NETWORKS triggering remote TransactionTooLargeException due to Service without Chimera impl, calling uid: 1000, calling pid: 0
2026-06-06 09:20:19.792  1388-2335  NullBinder              com.google.android.gms.persistent    I  NullBinder for android.net.action.RECOMMEND_NETWORKS triggering remote TransactionTooLargeException due to Service without Chimera impl, calling uid: 1000, calling pid: 0
2026-06-06 09:20:25.807  1388-2335  NullBinder              com.google.android.gms.persistent    I  NullBinder for android.net.action.RECOMMEND_NETWORKS triggering remote TransactionTooLargeException due to Service without Chimera impl, calling uid: 1000, calling pid: 0
2026-06-06 09:20:31.854  1388-2335  NullBinder              com.google.android.gms.persistent    I  NullBinder for android.net.action.RECOMMEND_NETWORKS triggering remote TransactionTooLargeException due to Service without Chimera impl, calling uid: 1000, calling pid: 0
2026-06-06 09:20:55.981  1388-1407  NullBinder              com.google.android.gms.persistent    I  NullBinder for android.net.action.RECOMMEND_NETWORKS triggering remote TransactionTooLargeException due to Service without Chimera impl, calling uid: 1000, calling pid: 0
2026-06-06 09:21:50.246  1388-2335  NullBinder              com.google.android.gms.persistent    I  NullBinder for android.net.action.RECOMMEND_NETWORKS triggering remote TransactionTooLargeException due to Service without Chimera impl, calling uid: 1000, calling pid: 0
2026-06-06 09:22:14.344  1388-2335  NullBinder              com.google.android.gms.persistent    I  NullBinder for android.net.action.RECOMMEND_NETWORKS triggering remote TransactionTooLargeException due to Service without Chimera impl, calling uid: 1000, calling pid: 0
2026-06-06 09:24:29.917  1388-1407  NullBinder              com.google.android.gms.persistent    I  NullBinder for android.net.action.RECOMMEND_NETWORKS triggering remote TransactionTooLargeException due to Service without Chimera impl, calling uid: 1000, calling pid: 0
2026-06-06 09:24:54.038  1388-1880  NullBinder              com.google.android.gms.persistent    I  NullBinder for android.net.action.RECOMMEND_NETWORKS triggering remote TransactionTooLargeException due to Service without Chimera impl, calling uid: 1000, calling pid: 0
2026-06-06 09:25:36.220  1388-15320 NullBinder              com.google.android.gms.persistent    I  NullBinder for android.net.action.RECOMMEND_NETWORKS triggering remote TransactionTooLargeException due to Service without Chimera impl, calling uid: 1000, calling pid: 0
2026-06-06 09:25:48.278  1388-15320 NullBinder              com.google.android.gms.persistent    I  NullBinder for android.net.action.RECOMMEND_NETWORKS triggering remote TransactionTooLargeException due to Service without Chimera impl, calling uid: 1000, calling pid: 0
2026-06-06 09:26:15.396  1388-18457 NullBinder              com.google.android.gms.persistent    I  NullBinder for android.net.action.RECOMMEND_NETWORKS triggering remote TransactionTooLargeException due to Service without Chimera impl, calling uid: 1000, calling pid: 0
2026-06-06 09:27:09.611  1388-1407  NullBinder              com.google.android.gms.persistent    I  NullBinder for android.net.action.RECOMMEND_NETWORKS triggering remote TransactionTooLargeException due to Service without Chimera impl, calling uid: 1000, calling pid: 0
2026-06-06 09:27:27.700  1388-2335  NullBinder              com.google.android.gms.persistent    I  NullBinder for android.net.action.RECOMMEND_NETWORKS triggering remote TransactionTooLargeException due to Service without Chimera impl, calling uid: 1000, calling pid: 0
2026-06-06 09:27:36.726  1388-1862  NullBinder              com.google.android.gms.persistent    I  NullBinder for android.net.action.RECOMMEND_NETWORKS triggering remote TransactionTooLargeException due to Service without Chimera impl, calling uid: 1000, calling pid: 0
2026-06-06 09:28:03.878  1388-18457 NullBinder              com.google.android.gms.persistent    I  NullBinder for android.net.action.RECOMMEND_NETWORKS triggering remote TransactionTooLargeException due to Service without Chimera impl, calling uid: 1000, calling pid: 0
2026-06-06 09:28:58.085  1388-1880  NullBinder              com.google.android.gms.persistent    I  NullBinder for android.net.action.RECOMMEND_NETWORKS triggering remote TransactionTooLargeException due to Service without Chimera impl, calling uid: 1000, calling pid: 0
2026-06-06 09:29:25.229  1388-15320 NullBinder              com.google.android.gms.persistent    I  NullBinder for android.net.action.RECOMMEND_NETWORKS triggering remote TransactionTooLargeException due to Service without Chimera impl, calling uid: 1000, calling pid: 0
2026-06-06 09:31:37.750  1388-1763  NullBinder              com.google.android.gms.persistent    I  NullBinder for android.net.action.RECOMMEND_NETWORKS triggering remote TransactionTooLargeException due to Service without Chimera impl, calling uid: 1000, calling pid: 0
2026-06-06 09:32:04.884  1388-1763  NullBinder              com.google.android.gms.persistent    I  NullBinder for android.net.action.RECOMMEND_NETWORKS triggering remote TransactionTooLargeException due to Service without Chimera impl, calling uid: 1000, calling pid: 0
2026-06-06 09:32:26.000  1388-1880  NullBinder              com.google.android.gms.persistent    I  NullBinder for android.net.action.RECOMMEND_NETWORKS triggering remote TransactionTooLargeException due to Service without Chimera impl, calling uid: 1000, calling pid: 0
2026-06-06 09:32:29.022  1388-18457 NullBinder              com.google.android.gms.persistent    I  NullBinder for android.net.action.RECOMMEND_NETWORKS triggering remote TransactionTooLargeException due to Service without Chimera impl, calling uid: 1000, calling pid: 0
2026-06-06 09:34:17.491  1388-2335  NullBinder              com.google.android.gms.persistent    I  NullBinder for android.net.action.RECOMMEND_NETWORKS triggering remote TransactionTooLargeException due to Service without Chimera impl, calling uid: 1000, calling pid: 0
2026-06-06 09:34:47.617  1388-1880  NullBinder              com.google.android.gms.persistent    I  NullBinder for android.net.action.RECOMMEND_NETWORKS triggering remote TransactionTooLargeException due to Service without Chimera impl, calling uid: 1000, calling pid: 0
2026-06-06 09:37:00.205  1388-1404  NullBinder              com.google.android.gms.persistent    I  NullBinder for android.net.action.RECOMMEND_NETWORKS triggering remote TransactionTooLargeException due to Service without Chimera impl, calling uid: 1000, calling pid: 0
2026-06-06 09:37:27.296  1388-6384  NullBinder              com.google.android.gms.persistent    I  NullBinder for android.net.action.RECOMMEND_NETWORKS triggering remote TransactionTooLargeException due to Service without Chimera impl, calling uid: 1000, calling pid: 0
2026-06-06 09:37:48.410  1388-1880  NullBinder              com.google.android.gms.persistent    I  NullBinder for android.net.action.RECOMMEND_NETWORKS triggering remote TransactionTooLargeException due to Service without Chimera impl, calling uid: 1000, calling pid: 0
2026-06-06 09:38:15.534  1388-1880  NullBinder              com.google.android.gms.persistent    I  NullBinder for android.net.action.RECOMMEND_NETWORKS triggering remote TransactionTooLargeException due to Service without Chimera impl, calling uid: 1000, calling pid: 0
2026-06-06 09:38:42.666  1388-18457 NullBinder              com.google.android.gms.persistent    I  NullBinder for android.net.action.RECOMMEND_NETWORKS triggering remote TransactionTooLargeException due to Service without Chimera impl, calling uid: 1000, calling pid: 0
2026-06-06 09:42:46.727  1388-15320 NullBinder              com.google.android.gms.persistent    I  NullBinder for android.net.action.RECOMMEND_NETWORKS triggering remote TransactionTooLargeException due to Service without Chimera impl, calling uid: 1000, calling pid: 0
2026-06-06 09:43:07.842  1388-1862  NullBinder              com.google.android.gms.persistent    I  NullBinder for android.net.action.RECOMMEND_NETWORKS triggering remote TransactionTooLargeException due to Service without Chimera impl, calling uid: 1000, calling pid: 0
2026-06-06 09:43:34.935  1388-18457 NullBinder              com.google.android.gms.persistent    I  NullBinder for android.net.action.RECOMMEND_NETWORKS triggering remote TransactionTooLargeException due to Service without Chimera impl, calling uid: 1000, calling pid: 0
2026-06-06 09:44:02.077  1388-18457 NullBinder              com.google.android.gms.persistent    I  NullBinder for android.net.action.RECOMMEND_NETWORKS triggering remote TransactionTooLargeException due to Service without Chimera impl, calling uid: 1000, calling pid: 0
2026-06-06 09:46:17.623  1388-1862  NullBinder              com.google.android.gms.persistent    I  NullBinder for android.net.action.RECOMMEND_NETWORKS triggering remote TransactionTooLargeException due to Service without Chimera impl, calling uid: 1000, calling pid: 0
2026-06-06 09:46:44.747  1388-18457 NullBinder              com.google.android.gms.persistent    I  NullBinder for android.net.action.RECOMMEND_NETWORKS triggering remote TransactionTooLargeException due to Service without Chimera impl, calling uid: 1000, calling pid: 0
2026-06-06 09:47:23.927  1388-1404  NullBinder              com.google.android.gms.persistent    I  NullBinder for android.net.action.RECOMMEND_NETWORKS triggering remote TransactionTooLargeException due to Service without Chimera impl, calling uid: 1000, calling pid: 0
2026-06-06 09:48:06.129  1388-2335  NullBinder              com.google.android.gms.persistent    I  NullBinder for android.net.action.RECOMMEND_NETWORKS triggering remote TransactionTooLargeException due to Service without Chimera impl, calling uid: 1000, calling pid: 0
2026-06-06 09:48:27.201  1388-1862  NullBinder              com.google.android.gms.persistent    I  NullBinder for android.net.action.RECOMMEND_NETWORKS triggering remote TransactionTooLargeException due to Service without Chimera impl, calling uid: 1000, calling pid: 0
2026-06-06 09:50:45.849  1388-1862  NullBinder              com.google.android.gms.persistent    I  NullBinder for android.net.action.RECOMMEND_NETWORKS triggering remote TransactionTooLargeException due to Service without Chimera impl, calling uid: 1000, calling pid: 0
2026-06-06 09:51:09.967  1388-15320 NullBinder              com.google.android.gms.persistent    I  NullBinder for android.net.action.RECOMMEND_NETWORKS triggering remote TransactionTooLargeException due to Service without Chimera impl, calling uid: 1000, calling pid: 0
2026-06-06 09:52:31.346  1388-1404  NullBinder              com.google.android.gms.persistent    I  NullBinder for android.net.action.RECOMMEND_NETWORKS triggering remote TransactionTooLargeException due to Service without Chimera impl, calling uid: 1000, calling pid: 0
2026-06-06 09:52:58.473  1388-1862  NullBinder              com.google.android.gms.persistent    I  NullBinder for android.net.action.RECOMMEND_NETWORKS triggering remote TransactionTooLargeException due to Service without Chimera impl, calling uid: 1000, calling pid: 0
2026-06-06 09:54:43.914  1388-1862  NullBinder              com.google.android.gms.persistent    I  NullBinder for android.net.action.RECOMMEND_NETWORKS triggering remote TransactionTooLargeException due to Service without Chimera impl, calling uid: 1000, calling pid: 0
2026-06-06 09:55:11.029  1388-1862  NullBinder              com.google.android.gms.persistent    I  NullBinder for android.net.action.RECOMMEND_NETWORKS triggering remote TransactionTooLargeException due to Service without Chimera impl, calling uid: 1000, calling pid: 0
2026-06-06 09:55:38.150  1388-18457 NullBinder              com.google.android.gms.persistent    I  NullBinder for android.net.action.RECOMMEND_NETWORKS triggering remote TransactionTooLargeException due to Service without Chimera impl, calling uid: 1000, calling pid: 0
2026-06-06 09:56:05.287  1388-18457 NullBinder              com.google.android.gms.persistent    I  NullBinder for android.net.action.RECOMMEND_NETWORKS triggering remote TransactionTooLargeException due to Service without Chimera impl, calling uid: 1000, calling pid: 0
2026-06-06 09:56:29.367  1388-6384  NullBinder              com.google.android.gms.persistent    I  NullBinder for android.net.action.RECOMMEND_NETWORKS triggering remote TransactionTooLargeException due to Service without Chimera impl, calling uid: 1000, calling pid: 0
2026-06-06 09:57:20.569  1388-1880  NullBinder              com.google.android.gms.persistent    I  NullBinder for android.net.action.RECOMMEND_NETWORKS triggering remote TransactionTooLargeException due to Service without Chimera impl, calling uid: 1000, calling pid: 0
2026-06-06 09:57:50.713  1388-15320 NullBinder              com.google.android.gms.persistent    I  NullBinder for android.net.action.RECOMMEND_NETWORKS triggering remote TransactionTooLargeException due to Service without Chimera impl, calling uid: 1000, calling pid: 0
2026-06-06 09:59:36.190  1388-1862  NullBinder              com.google.android.gms.persistent    I  NullBinder for android.net.action.RECOMMEND_NETWORKS triggering remote TransactionTooLargeException due to Service without Chimera impl, calling uid: 1000, calling pid: 0
2026-06-06 10:00:03.299  1388-15320 NullBinder              com.google.android.gms.persistent    I  NullBinder for android.net.action.RECOMMEND_NETWORKS triggering remote TransactionTooLargeException due to Service without Chimera impl, calling uid: 1000, calling pid: 0
2026-06-06 10:02:12.862  1388-1404  NullBinder              com.google.android.gms.persistent    I  NullBinder for android.net.action.RECOMMEND_NETWORKS triggering remote TransactionTooLargeException due to Service without Chimera impl, calling uid: 1000, calling pid: 0
2026-06-06 10:02:21.924  1388-18457 NullBinder              com.google.android.gms.persistent    I  NullBinder for android.net.action.RECOMMEND_NETWORKS triggering remote TransactionTooLargeException due to Service without Chimera impl, calling uid: 1000, calling pid: 0
2026-06-06 10:02:40.015  1388-18457 NullBinder              com.google.android.gms.persistent    I  NullBinder for android.net.action.RECOMMEND_NETWORKS triggering remote TransactionTooLargeException due to Service without Chimera impl, calling uid: 1000, calling pid: 0
2026-06-06 10:03:07.159  1388-18457 NullBinder              com.google.android.gms.persistent    I  NullBinder for android.net.action.RECOMMEND_NETWORKS triggering remote TransactionTooLargeException due to Service without Chimera impl, calling uid: 1000, calling pid: 0
2026-06-06 10:04:58.651  1388-1404  NullBinder              com.google.android.gms.persistent    I  NullBinder for android.net.action.RECOMMEND_NETWORKS triggering remote TransactionTooLargeException due to Service without Chimera impl, calling uid: 1000, calling pid: 0
2026-06-06 10:05:22.789  1388-1404  NullBinder              com.google.android.gms.persistent    I  NullBinder for android.net.action.RECOMMEND_NETWORKS triggering remote TransactionTooLargeException due to Service without Chimera impl, calling uid: 1000, calling pid: 0
2026-06-06 10:08:32.611  1388-1862  NullBinder              com.google.android.gms.persistent    I  NullBinder for android.net.action.RECOMMEND_NETWORKS triggering remote TransactionTooLargeException due to Service without Chimera impl, calling uid: 1000, calling pid: 0
2026-06-06 10:08:56.708  1388-18457 NullBinder              com.google.android.gms.persistent    I  NullBinder for android.net.action.RECOMMEND_NETWORKS triggering remote TransactionTooLargeException due to Service without Chimera impl, calling uid: 1000, calling pid: 0
2026-06-06 10:12:30.607  1388-6384  NullBinder              com.google.android.gms.persistent    I  NullBinder for android.net.action.RECOMMEND_NETWORKS triggering remote TransactionTooLargeException due to Service without Chimera impl, calling uid: 1000, calling pid: 0
2026-06-06 10:12:57.722  1388-18457 NullBinder              com.google.android.gms.persistent    I  NullBinder for android.net.action.RECOMMEND_NETWORKS triggering remote TransactionTooLargeException due to Service without Chimera impl, calling uid: 1000, calling pid: 0
2026-06-06 10:13:24.849  1388-18457 NullBinder              com.google.android.gms.persistent    I  NullBinder for android.net.action.RECOMMEND_NETWORKS triggering remote TransactionTooLargeException due to Service without Chimera impl, calling uid: 1000, calling pid: 0
2026-06-06 10:13:51.982  1388-18457 NullBinder              com.google.android.gms.persistent    I  NullBinder for android.net.action.RECOMMEND_NETWORKS triggering remote TransactionTooLargeException due to Service without Chimera impl, calling uid: 1000, calling pid: 0
2026-06-06 10:14:19.120  1388-6384  NullBinder              com.google.android.gms.persistent    I  NullBinder for android.net.action.RECOMMEND_NETWORKS triggering remote TransactionTooLargeException due to Service without Chimera impl, calling uid: 1000, calling pid: 0
2026-06-06 10:16:28.656  1388-6384  NullBinder              com.google.android.gms.persistent    I  NullBinder for android.net.action.RECOMMEND_NETWORKS triggering remote TransactionTooLargeException due to Service without Chimera impl, calling uid: 1000, calling pid: 0
2026-06-06 10:16:55.792  1388-1404  NullBinder              com.google.android.gms.persistent    I  NullBinder for android.net.action.RECOMMEND_NETWORKS triggering remote TransactionTooLargeException due to Service without Chimera impl, calling uid: 1000, calling pid: 0
2026-06-06 10:17:22.929  1388-6384  NullBinder              com.google.android.gms.persistent    I  NullBinder for android.net.action.RECOMMEND_NETWORKS triggering remote TransactionTooLargeException due to Service without Chimera impl, calling uid: 1000, calling pid: 0
2026-06-06 10:17:41.028  1388-2335  NullBinder              com.google.android.gms.persistent    I  NullBinder for android.net.action.RECOMMEND_NETWORKS triggering remote TransactionTooLargeException due to Service without Chimera impl, calling uid: 1000, calling pid: 0
2026-06-06 10:17:50.067  1388-18457 NullBinder              com.google.android.gms.persistent    I  NullBinder for android.net.action.RECOMMEND_NETWORKS triggering remote TransactionTooLargeException due to Service without Chimera impl, calling uid: 1000, calling pid: 0
2026-06-06 10:17:53.085  1388-1862  NullBinder              com.google.android.gms.persistent    I  NullBinder for android.net.action.RECOMMEND_NETWORKS triggering remote TransactionTooLargeException due to Service without Chimera impl, calling uid: 1000, calling pid: 0
2026-06-06 10:18:14.207  1388-1763  NullBinder              com.google.android.gms.persistent    I  NullBinder for android.net.action.RECOMMEND_NETWORKS triggering remote TransactionTooLargeException due to Service without Chimera impl, calling uid: 1000, calling pid: 0
2026-06-06 10:20:05.654  1388-1763  NullBinder              com.google.android.gms.persistent    I  NullBinder for android.net.action.RECOMMEND_NETWORKS triggering remote TransactionTooLargeException due to Service without Chimera impl, calling uid: 1000, calling pid: 0
2026-06-06 10:20:29.751  1388-2335  NullBinder              com.google.android.gms.persistent    I  NullBinder for android.net.action.RECOMMEND_NETWORKS triggering remote TransactionTooLargeException due to Service without Chimera impl, calling uid: 1000, calling pid: 0
2026-06-06 10:21:11.910  1388-1862  NullBinder              com.google.android.gms.persistent    I  NullBinder for android.net.action.RECOMMEND_NETWORKS triggering remote TransactionTooLargeException due to Service without Chimera impl, calling uid: 1000, calling pid: 0
2026-06-06 10:21:14.930  1388-1862  NullBinder              com.google.android.gms.persistent    I  NullBinder for android.net.action.RECOMMEND_NETWORKS triggering remote TransactionTooLargeException due to Service without Chimera impl, calling uid: 1000, calling pid: 0
2026-06-06 10:21:20.957  1388-2335  NullBinder              com.google.android.gms.persistent    I  NullBinder for android.net.action.RECOMMEND_NETWORKS triggering remote TransactionTooLargeException due to Service without Chimera impl, calling uid: 1000, calling pid: 0
2026-06-06 10:21:23.978  1388-1862  NullBinder              com.google.android.gms.persistent    I  NullBinder for android.net.action.RECOMMEND_NETWORKS triggering remote TransactionTooLargeException due to Service without Chimera impl, calling uid: 1000, calling pid: 0
2026-06-06 10:21:26.997  1388-18457 NullBinder              com.google.android.gms.persistent    I  NullBinder for android.net.action.RECOMMEND_NETWORKS triggering remote TransactionTooLargeException due to Service without Chimera impl, calling uid: 1000, calling pid: 0
2026-06-06 10:22:15.198  1388-18457 NullBinder              com.google.android.gms.persistent    I  NullBinder for android.net.action.RECOMMEND_NETWORKS triggering remote TransactionTooLargeException due to Service without Chimera impl, calling uid: 1000, calling pid: 0
2026-06-06 10:22:18.233  1388-6384  NullBinder              com.google.android.gms.persistent    I  NullBinder for android.net.action.RECOMMEND_NETWORKS triggering remote TransactionTooLargeException due to Service without Chimera impl, calling uid: 1000, calling pid: 0
2026-06-06 10:23:09.433  1388-1862  NullBinder              com.google.android.gms.persistent    I  NullBinder for android.net.action.RECOMMEND_NETWORKS triggering remote TransactionTooLargeException due to Service without Chimera impl, calling uid: 1000, calling pid: 0
2026-06-06 10:23:18.472  1388-2335  NullBinder              com.google.android.gms.persistent    I  NullBinder for android.net.action.RECOMMEND_NETWORKS triggering remote TransactionTooLargeException due to Service without Chimera impl, calling uid: 1000, calling pid: 0
2026-06-06 10:23:36.548  1388-1862  NullBinder              com.google.android.gms.persistent    I  NullBinder for android.net.action.RECOMMEND_NETWORKS triggering remote TransactionTooLargeException due to Service without Chimera impl, calling uid: 1000, calling pid: 0
2026-06-06 10:24:03.673  1388-6384  NullBinder              com.google.android.gms.persistent    I  NullBinder for android.net.action.RECOMMEND_NETWORKS triggering remote TransactionTooLargeException due to Service without Chimera impl, calling uid: 1000, calling pid: 0
2026-06-06 10:26:16.266  1388-2333  NullBinder              com.google.android.gms.persistent    I  NullBinder for android.net.action.RECOMMEND_NETWORKS triggering remote TransactionTooLargeException due to Service without Chimera impl, calling uid: 1000, calling pid: 0
2026-06-06 10:26:43.441  1388-18457 NullBinder              com.google.android.gms.persistent    I  NullBinder for android.net.action.RECOMMEND_NETWORKS triggering remote TransactionTooLargeException due to Service without Chimera impl, calling uid: 1000, calling pid: 0
2026-06-06 10:27:16.607  1388-18457 NullBinder              com.google.android.gms.persistent    I  NullBinder for android.net.action.RECOMMEND_NETWORKS triggering remote TransactionTooLargeException due to Service without Chimera impl, calling uid: 1000, calling pid: 0
2026-06-06 10:28:07.860  1388-1862  NullBinder              com.google.android.gms.persistent    I  NullBinder for android.net.action.RECOMMEND_NETWORKS triggering remote TransactionTooLargeException due to Service without Chimera impl, calling uid: 1000, calling pid: 0
2026-06-06 10:28:28.939  1388-1862  NullBinder              com.google.android.gms.persistent    I  NullBinder for android.net.action.RECOMMEND_NETWORKS triggering remote TransactionTooLargeException due to Service without Chimera impl, calling uid: 1000, calling pid: 0
2026-06-06 10:30:44.546  1388-1404  NullBinder              com.google.android.gms.persistent    I  NullBinder for android.net.action.RECOMMEND_NETWORKS triggering remote TransactionTooLargeException due to Service without Chimera impl, calling uid: 1000, calling pid: 0
2026-06-06 10:31:08.685  1388-2335  NullBinder              com.google.android.gms.persistent    I  NullBinder for android.net.action.RECOMMEND_NETWORKS triggering remote TransactionTooLargeException due to Service without Chimera impl, calling uid: 1000, calling pid: 0
2026-06-06 10:32:30.035  1388-1763  NullBinder              com.google.android.gms.persistent    I  NullBinder for android.net.action.RECOMMEND_NETWORKS triggering remote TransactionTooLargeException due to Service without Chimera impl, calling uid: 1000, calling pid: 0
2026-06-06 10:32:57.167  1388-2335  NullBinder              com.google.android.gms.persistent    I  NullBinder for android.net.action.RECOMMEND_NETWORKS triggering remote TransactionTooLargeException due to Service without Chimera impl, calling uid: 1000, calling pid: 0
2026-06-06 10:35:06.732  1388-2335  NullBinder              com.google.android.gms.persistent    I  NullBinder for android.net.action.RECOMMEND_NETWORKS triggering remote TransactionTooLargeException due to Service without Chimera impl, calling uid: 1000, calling pid: 0
2026-06-06 10:35:33.862  1388-1862  NullBinder              com.google.android.gms.persistent    I  NullBinder for android.net.action.RECOMMEND_NETWORKS triggering remote TransactionTooLargeException due to Service without Chimera impl, calling uid: 1000, calling pid: 0
2026-06-06 10:36:55.274  1388-1880  NullBinder              com.google.android.gms.persistent    I  NullBinder for android.net.action.RECOMMEND_NETWORKS triggering remote TransactionTooLargeException due to Service without Chimera impl, calling uid: 1000, calling pid: 0
2026-06-06 10:37:13.335  1388-18457 NullBinder              com.google.android.gms.persistent    I  NullBinder for android.net.action.RECOMMEND_NETWORKS triggering remote TransactionTooLargeException due to Service without Chimera impl, calling uid: 1000, calling pid: 0
2026-06-06 10:37:22.362  1388-2335  NullBinder              com.google.android.gms.persistent    I  NullBinder for android.net.action.RECOMMEND_NETWORKS triggering remote TransactionTooLargeException due to Service without Chimera impl, calling uid: 1000, calling pid: 0
2026-06-06 10:37:49.503  1388-1763  NullBinder              com.google.android.gms.persistent    I  NullBinder for android.net.action.RECOMMEND_NETWORKS triggering remote TransactionTooLargeException due to Service without Chimera impl, calling uid: 1000, calling pid: 0
2026-06-06 10:45:51.571  1388-1404  NullBinder              com.google.android.gms.persistent    I  NullBinder for android.net.action.RECOMMEND_NETWORKS triggering remote TransactionTooLargeException due to Service without Chimera impl, calling uid: 1000, calling pid: 0
2026-06-06 10:46:18.704  1388-2335  NullBinder              com.google.android.gms.persistent    I  NullBinder for android.net.action.RECOMMEND_NETWORKS triggering remote TransactionTooLargeException due to Service without Chimera impl, calling uid: 1000, calling pid: 0
2026-06-06 10:47:37.043  1388-1763  NullBinder              com.google.android.gms.persistent    I  NullBinder for android.net.action.RECOMMEND_NETWORKS triggering remote TransactionTooLargeException due to Service without Chimera impl, calling uid: 1000, calling pid: 0
2026-06-06 10:48:04.167  1388-1763  NullBinder              com.google.android.gms.persistent    I  NullBinder for android.net.action.RECOMMEND_NETWORKS triggering remote TransactionTooLargeException due to Service without Chimera impl, calling uid: 1000, calling pid: 0
2026-06-06 10:52:05.250  1388-1763  NullBinder              com.google.android.gms.persistent    I  NullBinder for android.net.action.RECOMMEND_NETWORKS triggering remote TransactionTooLargeException due to Service without Chimera impl, calling uid: 1000, calling pid: 0
2026-06-06 10:52:08.276  1388-1862  NullBinder              com.google.android.gms.persistent    I  NullBinder for android.net.action.RECOMMEND_NETWORKS triggering remote TransactionTooLargeException due to Service without Chimera impl, calling uid: 1000, calling pid: 0
2026-06-06 10:52:29.377  1388-1862  NullBinder              com.google.android.gms.persistent    I  NullBinder for android.net.action.RECOMMEND_NETWORKS triggering remote TransactionTooLargeException due to Service without Chimera impl, calling uid: 1000, calling pid: 0
2026-06-06 10:52:56.503  1388-6384  NullBinder              com.google.android.gms.persistent    I  NullBinder for android.net.action.RECOMMEND_NETWORKS triggering remote TransactionTooLargeException due to Service without Chimera impl, calling uid: 1000, calling pid: 0
2026-06-06 10:53:23.617  1388-2335  NullBinder              com.google.android.gms.persistent    I  NullBinder for android.net.action.RECOMMEND_NETWORKS triggering remote TransactionTooLargeException due to Service without Chimera impl, calling uid: 1000, calling pid: 0
2026-06-06 10:53:50.733  1388-1763  NullBinder              com.google.android.gms.persistent    I  NullBinder for android.net.action.RECOMMEND_NETWORKS triggering remote TransactionTooLargeException due to Service without Chimera impl, calling uid: 1000, calling pid: 0
2026-06-06 10:54:17.881  1388-6384  NullBinder              com.google.android.gms.persistent    I  NullBinder for android.net.action.RECOMMEND_NETWORKS triggering remote TransactionTooLargeException due to Service without Chimera impl, calling uid: 1000, calling pid: 0
2026-06-06 10:56:33.437  1388-2333  NullBinder              com.google.android.gms.persistent    I  NullBinder for android.net.action.RECOMMEND_NETWORKS triggering remote TransactionTooLargeException due to Service without Chimera impl, calling uid: 1000, calling pid: 0
2026-06-06 10:57:00.558  1388-1880  NullBinder              com.google.android.gms.persistent    I  NullBinder for android.net.action.RECOMMEND_NETWORKS triggering remote TransactionTooLargeException due to Service without Chimera impl, calling uid: 1000, calling pid: 0
2026-06-06 10:57:27.702  1388-2333  NullBinder              com.google.android.gms.persistent    I  NullBinder for android.net.action.RECOMMEND_NETWORKS triggering remote TransactionTooLargeException due to Service without Chimera impl, calling uid: 1000, calling pid: 0
2026-06-06 10:57:48.790  1388-18457 NullBinder              com.google.android.gms.persistent    I  NullBinder for android.net.action.RECOMMEND_NETWORKS triggering remote TransactionTooLargeException due to Service without Chimera impl, calling uid: 1000, calling pid: 0
2026-06-06 10:58:15.904  1388-6384  NullBinder              com.google.android.gms.persistent    I  NullBinder for android.net.action.RECOMMEND_NETWORKS triggering remote TransactionTooLargeException due to Service without Chimera impl, calling uid: 1000, calling pid: 0
2026-06-06 10:58:42.997  1388-1862  NullBinder              com.google.android.gms.persistent    I  NullBinder for android.net.action.RECOMMEND_NETWORKS triggering remote TransactionTooLargeException due to Service without Chimera impl, calling uid: 1000, calling pid: 0
2026-06-06 11:00:55.585  1388-2335  NullBinder              com.google.android.gms.persistent    I  NullBinder for android.net.action.RECOMMEND_NETWORKS triggering remote TransactionTooLargeException due to Service without Chimera impl, calling uid: 1000, calling pid: 0
2026-06-06 11:01:22.695  1388-1763  NullBinder              com.google.android.gms.persistent    I  NullBinder for android.net.action.RECOMMEND_NETWORKS triggering remote TransactionTooLargeException due to Service without Chimera impl, calling uid: 1000, calling pid: 0
2026-06-06 11:02:16.953  1388-2335  NullBinder              com.google.android.gms.persistent    I  NullBinder for android.net.action.RECOMMEND_NETWORKS triggering remote TransactionTooLargeException due to Service without Chimera impl, calling uid: 1000, calling pid: 0
2026-06-06 11:02:47.098  1388-18457 NullBinder              com.google.android.gms.persistent    I  NullBinder for android.net.action.RECOMMEND_NETWORKS triggering remote TransactionTooLargeException due to Service without Chimera impl, calling uid: 1000, calling pid: 0
2026-06-06 11:03:08.174  1388-1880  NullBinder              com.google.android.gms.persistent    I  NullBinder for android.net.action.RECOMMEND_NETWORKS triggering remote TransactionTooLargeException due to Service without Chimera impl, calling uid: 1000, calling pid: 0
2026-06-06 11:05:26.792  1388-1880  NullBinder              com.google.android.gms.persistent    I  NullBinder for android.net.action.RECOMMEND_NETWORKS triggering remote TransactionTooLargeException due to Service without Chimera impl, calling uid: 1000, calling pid: 0
2026-06-06 11:05:47.894  1388-2333  NullBinder              com.google.android.gms.persistent    I  NullBinder for android.net.action.RECOMMEND_NETWORKS triggering remote TransactionTooLargeException due to Service without Chimera impl, calling uid: 1000, calling pid: 0
2026-06-06 11:10:42.094 13241-13276 agvn                    com...d.googlequicksearchbox:search  W  Failed to fetch account name for ROBIN_SUPERVISED_ACCOUNT_CHECKER (Fix with AI)
                                                                                                    java.lang.NullPointerException: Attempt to invoke virtual method 'java.lang.Class java.lang.Object.getClass()' on a null object reference
                                                                                                    	at aiol.b(PG:82)
                                                                                                    	at agvn.b(PG:58)
                                                                                                    	at agvz.invokeSuspend(PG:120)
                                                                                                    	at fqas.resumeWith(PG:11)
                                                                                                    	at fqkz.run(PG:115)
                                                                                                    	at eofy.run(PG:3)
                                                                                                    	at epuk.run(PG:17)
                                                                                                    	at csoj.run(PG:5)
                                                                                                    	at eyga.run(PG:46)
                                                                                                    	at csnv.run(PG:81)
                                                                                                    	at java.lang.Thread.run(Thread.java:1572)
                                                                                                    	at cspn.run(PG:63)
2026-06-06 11:16:02.554  1388-1763  NullBinder              com.google.android.gms.persistent    I  NullBinder for android.net.action.RECOMMEND_NETWORKS triggering remote TransactionTooLargeException due to Service without Chimera impl, calling uid: 1000, calling pid: 0
2026-06-06 11:16:29.696  1388-2333  NullBinder              com.google.android.gms.persistent    I  NullBinder for android.net.action.RECOMMEND_NETWORKS triggering remote TransactionTooLargeException due to Service without Chimera impl, calling uid: 1000, calling pid: 0
2026-06-06 11:17:23.929  1388-6384  NullBinder              com.google.android.gms.persistent    I  NullBinder for android.net.action.RECOMMEND_NETWORKS triggering remote TransactionTooLargeException due to Service without Chimera impl, calling uid: 1000, calling pid: 0
2026-06-06 11:18:18.168  1388-6384  NullBinder              com.google.android.gms.persistent    I  NullBinder for android.net.action.RECOMMEND_NETWORKS triggering remote TransactionTooLargeException due to Service without Chimera impl, calling uid: 1000, calling pid: 0
2026-06-06 11:18:48.306  1388-15320 NullBinder              com.google.android.gms.persistent    I  NullBinder for android.net.action.RECOMMEND_NETWORKS triggering remote TransactionTooLargeException due to Service without Chimera impl, calling uid: 1000, calling pid: 0
2026-06-06 11:18:51.325  1388-15320 NullBinder              com.google.android.gms.persistent    I  NullBinder for android.net.action.RECOMMEND_NETWORKS triggering remote TransactionTooLargeException due to Service without Chimera impl, calling uid: 1000, calling pid: 0
2026-06-06 11:18:57.349  1388-6384  NullBinder              com.google.android.gms.persistent    I  NullBinder for android.net.action.RECOMMEND_NETWORKS triggering remote TransactionTooLargeException due to Service without Chimera impl, calling uid: 1000, calling pid: 0
2026-06-06 11:18:57.354   728-940   ConnectivityService     system_server                        E  RemoteException caught trying to send a callback msg for NetworkRequest [ LISTEN id=160, [ Capabilities: INTERNET&NOT_RESTRICTED&TRUSTED&NOT_VCN_MANAGED&NOT_BANDWIDTH_CONSTRAINED Uid: 10207 RequestorUid: 10207 RequestorPkg: com.google.android.gms MatchNonThreadLocalNetworks UnderlyingNetworks: Null] ]
2026-06-06 11:18:57.359   728-940   ConnectivityService     system_server                        E  RemoteException caught trying to send a callback msg for NetworkRequest [ TRACK_DEFAULT id=161, [ Capabilities: INTERNET&NOT_RESTRICTED&TRUSTED&NOT_VCN_MANAGED&NOT_BANDWIDTH_CONSTRAINED Uid: 10207 RequestorUid: 10207 RequestorPkg: com.google.android.gms UnderlyingNetworks: Null] ]
2026-06-06 11:19:00.357  1388-1404  NullBinder              com.google.android.gms.persistent    I  NullBinder for android.net.action.RECOMMEND_NETWORKS triggering remote TransactionTooLargeException due to Service without Chimera impl, calling uid: 1000, calling pid: 0
2026-06-06 11:19:03.380  1388-1880  NullBinder              com.google.android.gms.persistent    I  NullBinder for android.net.action.RECOMMEND_NETWORKS triggering remote TransactionTooLargeException due to Service without Chimera impl, calling uid: 1000, calling pid: 0
2026-06-06 11:19:09.400  1388-15320 NullBinder              com.google.android.gms.persistent    I  NullBinder for android.net.action.RECOMMEND_NETWORKS triggering remote TransactionTooLargeException due to Service without Chimera impl, calling uid: 1000, calling pid: 0
2026-06-06 11:20:57.859  1388-1880  NullBinder              com.google.android.gms.persistent    I  NullBinder for android.net.action.RECOMMEND_NETWORKS triggering remote TransactionTooLargeException due to Service without Chimera impl, calling uid: 1000, calling pid: 0
2026-06-06 11:21:00.874  1388-15320 NullBinder              com.google.android.gms.persistent    I  NullBinder for android.net.action.RECOMMEND_NETWORKS triggering remote TransactionTooLargeException due to Service without Chimera impl, calling uid: 1000, calling pid: 0
2026-06-06 11:21:21.978  1388-18457 NullBinder              com.google.android.gms.persistent    I  NullBinder for android.net.action.RECOMMEND_NETWORKS triggering remote TransactionTooLargeException due to Service without Chimera impl, calling uid: 1000, calling pid: 0
2026-06-06 11:21:49.099  1388-18457 NullBinder              com.google.android.gms.persistent    I  NullBinder for android.net.action.RECOMMEND_NETWORKS triggering remote TransactionTooLargeException due to Service without Chimera impl, calling uid: 1000, calling pid: 0
2026-06-06 11:22:04.179  1388-2333  NullBinder              com.google.android.gms.persistent    I  NullBinder for android.net.action.RECOMMEND_NETWORKS triggering remote TransactionTooLargeException due to Service without Chimera impl, calling uid: 1000, calling pid: 0
2026-06-06 11:22:16.236  1388-2333  NullBinder              com.google.android.gms.persistent    I  NullBinder for android.net.action.RECOMMEND_NETWORKS triggering remote TransactionTooLargeException due to Service without Chimera impl, calling uid: 1000, calling pid: 0
2026-06-06 11:22:43.356  1388-2333  NullBinder              com.google.android.gms.persistent    I  NullBinder for android.net.action.RECOMMEND_NETWORKS triggering remote TransactionTooLargeException due to Service without Chimera impl, calling uid: 1000, calling pid: 0
2026-06-06 11:22:52.409  1388-1880  NullBinder              com.google.android.gms.persistent    I  NullBinder for android.net.action.RECOMMEND_NETWORKS triggering remote TransactionTooLargeException due to Service without Chimera impl, calling uid: 1000, calling pid: 0
2026-06-06 11:22:55.435  1388-1880  NullBinder              com.google.android.gms.persistent    I  NullBinder for android.net.action.RECOMMEND_NETWORKS triggering remote TransactionTooLargeException due to Service without Chimera impl, calling uid: 1000, calling pid: 0
2026-06-06 11:23:07.487  1388-2333  NullBinder              com.google.android.gms.persistent    I  NullBinder for android.net.action.RECOMMEND_NETWORKS triggering remote TransactionTooLargeException due to Service without Chimera impl, calling uid: 1000, calling pid: 0
2026-06-06 11:23:10.520  1388-2333  NullBinder              com.google.android.gms.persistent    I  NullBinder for android.net.action.RECOMMEND_NETWORKS triggering remote TransactionTooLargeException due to Service without Chimera impl, calling uid: 1000, calling pid: 0
2026-06-06 11:25:23.115  1388-18457 NullBinder              com.google.android.gms.persistent    I  NullBinder for android.net.action.RECOMMEND_NETWORKS triggering remote TransactionTooLargeException due to Service without Chimera impl, calling uid: 1000, calling pid: 0
2026-06-06 11:25:29.144  1388-1404  NullBinder              com.google.android.gms.persistent    I  NullBinder for android.net.action.RECOMMEND_NETWORKS triggering remote TransactionTooLargeException due to Service without Chimera impl, calling uid: 1000, calling pid: 0
2026-06-06 11:27:02.600  1388-1862  NullBinder              com.google.android.gms.persistent    I  NullBinder for android.net.action.RECOMMEND_NETWORKS triggering remote TransactionTooLargeException due to Service without Chimera impl, calling uid: 1000, calling pid: 0
2026-06-06 11:27:35.732  1388-15320 NullBinder              com.google.android.gms.persistent    I  NullBinder for android.net.action.RECOMMEND_NETWORKS triggering remote TransactionTooLargeException due to Service without Chimera impl, calling uid: 1000, calling pid: 0
2026-06-06 11:28:29.950  1388-6384  NullBinder              com.google.android.gms.persistent    I  NullBinder for android.net.action.RECOMMEND_NETWORKS triggering remote TransactionTooLargeException due to Service without Chimera impl, calling uid: 1000, calling pid: 0
2026-06-06 11:28:57.079  1388-2333  NullBinder              com.google.android.gms.persistent    I  NullBinder for android.net.action.RECOMMEND_NETWORKS triggering remote TransactionTooLargeException due to Service without Chimera impl, calling uid: 1000, calling pid: 0
2026-06-06 11:32:55.096  1388-1404  NullBinder              com.google.android.gms.persistent    I  NullBinder for android.net.action.RECOMMEND_NETWORKS triggering remote TransactionTooLargeException due to Service without Chimera impl, calling uid: 1000, calling pid: 0
2026-06-06 11:33:22.218  1388-1880  NullBinder              com.google.android.gms.persistent    I  NullBinder for android.net.action.RECOMMEND_NETWORKS triggering remote TransactionTooLargeException due to Service without Chimera impl, calling uid: 1000, calling pid: 0
2026-06-06 11:33:49.319  1388-6384  NullBinder              com.google.android.gms.persistent    I  NullBinder for android.net.action.RECOMMEND_NETWORKS triggering remote TransactionTooLargeException due to Service without Chimera impl, calling uid: 1000, calling pid: 0
2026-06-06 11:34:16.480  1388-15320 NullBinder              com.google.android.gms.persistent    I  NullBinder for android.net.action.RECOMMEND_NETWORKS triggering remote TransactionTooLargeException due to Service without Chimera impl, calling uid: 1000, calling pid: 0
2026-06-06 11:36:32.019  1388-6384  NullBinder              com.google.android.gms.persistent    I  NullBinder for android.net.action.RECOMMEND_NETWORKS triggering remote TransactionTooLargeException due to Service without Chimera impl, calling uid: 1000, calling pid: 0
2026-06-06 11:36:59.122  1388-18457 NullBinder              com.google.android.gms.persistent    I  NullBinder for android.net.action.RECOMMEND_NETWORKS triggering remote TransactionTooLargeException due to Service without Chimera impl, calling uid: 1000, calling pid: 0
2026-06-06 11:37:26.225  1388-6384  NullBinder              com.google.android.gms.persistent    I  NullBinder for android.net.action.RECOMMEND_NETWORKS triggering remote TransactionTooLargeException due to Service without Chimera impl, calling uid: 1000, calling pid: 0
2026-06-06 11:37:50.315  1388-1880  NullBinder              com.google.android.gms.persistent    I  NullBinder for android.net.action.RECOMMEND_NETWORKS triggering remote TransactionTooLargeException due to Service without Chimera impl, calling uid: 1000, calling pid: 0
2026-06-06 11:38:17.428  1388-1862  NullBinder              com.google.android.gms.persistent    I  NullBinder for android.net.action.RECOMMEND_NETWORKS triggering remote TransactionTooLargeException due to Service without Chimera impl, calling uid: 1000, calling pid: 0
2026-06-06 11:38:44.565  1388-18457 NullBinder              com.google.android.gms.persistent    I  NullBinder for android.net.action.RECOMMEND_NETWORKS triggering remote TransactionTooLargeException due to Service without Chimera impl, calling uid: 1000, calling pid: 0
2026-06-06 11:40:57.137  1388-1404  NullBinder              com.google.android.gms.persistent    I  NullBinder for android.net.action.RECOMMEND_NETWORKS triggering remote TransactionTooLargeException due to Service without Chimera impl, calling uid: 1000, calling pid: 0
2026-06-06 11:41:24.259  1388-1862  NullBinder              com.google.android.gms.persistent    I  NullBinder for android.net.action.RECOMMEND_NETWORKS triggering remote TransactionTooLargeException due to Service without Chimera impl, calling uid: 1000, calling pid: 0
2026-06-06 11:42:18.513  1388-1404  NullBinder              com.google.android.gms.persistent    I  NullBinder for android.net.action.RECOMMEND_NETWORKS triggering remote TransactionTooLargeException due to Service without Chimera impl, calling uid: 1000, calling pid: 0
2026-06-06 11:42:45.609  1388-18457 NullBinder              com.google.android.gms.persistent    I  NullBinder for android.net.action.RECOMMEND_NETWORKS triggering remote TransactionTooLargeException due to Service without Chimera impl, calling uid: 1000, calling pid: 0
2026-06-06 11:43:09.742  1388-18457 NullBinder              com.google.android.gms.persistent    I  NullBinder for android.net.action.RECOMMEND_NETWORKS triggering remote TransactionTooLargeException due to Service without Chimera impl, calling uid: 1000, calling pid: 0
2026-06-06 11:45:25.395  1388-6384  NullBinder              com.google.android.gms.persistent    I  NullBinder for android.net.action.RECOMMEND_NETWORKS triggering remote TransactionTooLargeException due to Service without Chimera impl, calling uid: 1000, calling pid: 0
2026-06-06 11:45:49.512  1388-15320 NullBinder              com.google.android.gms.persistent    I  NullBinder for android.net.action.RECOMMEND_NETWORKS triggering remote TransactionTooLargeException due to Service without Chimera impl, calling uid: 1000, calling pid: 0
2026-06-06 11:51:57.079  1388-1404  NullBinder              com.google.android.gms.persistent    I  NullBinder for android.net.action.RECOMMEND_NETWORKS triggering remote TransactionTooLargeException due to Service without Chimera impl, calling uid: 1000, calling pid: 0
2026-06-06 11:52:03.119  1388-15320 NullBinder              com.google.android.gms.persistent    I  NullBinder for android.net.action.RECOMMEND_NETWORKS triggering remote TransactionTooLargeException due to Service without Chimera impl, calling uid: 1000, calling pid: 0
2026-06-06 11:52:30.250  1388-1404  NullBinder              com.google.android.gms.persistent    I  NullBinder for android.net.action.RECOMMEND_NETWORKS triggering remote TransactionTooLargeException due to Service without Chimera impl, calling uid: 1000, calling pid: 0
2026-06-06 11:54:42.871  1388-1763  NullBinder              com.google.android.gms.persistent    I  NullBinder for android.net.action.RECOMMEND_NETWORKS triggering remote TransactionTooLargeException due to Service without Chimera impl, calling uid: 1000, calling pid: 0
2026-06-06 11:55:09.964  1388-1404  NullBinder              com.google.android.gms.persistent    I  NullBinder for android.net.action.RECOMMEND_NETWORKS triggering remote TransactionTooLargeException due to Service without Chimera impl, calling uid: 1000, calling pid: 0
2026-06-06 11:55:34.103  1388-15320 NullBinder              com.google.android.gms.persistent    I  NullBinder for android.net.action.RECOMMEND_NETWORKS triggering remote TransactionTooLargeException due to Service without Chimera impl, calling uid: 1000, calling pid: 0
2026-06-06 11:57:22.585  1388-2335  NullBinder              com.google.android.gms.persistent    I  NullBinder for android.net.action.RECOMMEND_NETWORKS triggering remote TransactionTooLargeException due to Service without Chimera impl, calling uid: 1000, calling pid: 0
2026-06-06 11:57:49.719  1388-6384  NullBinder              com.google.android.gms.persistent    I  NullBinder for android.net.action.RECOMMEND_NETWORKS triggering remote TransactionTooLargeException due to Service without Chimera impl, calling uid: 1000, calling pid: 0
2026-06-06 11:58:16.854  1388-6384  NullBinder              com.google.android.gms.persistent    I  NullBinder for android.net.action.RECOMMEND_NETWORKS triggering remote TransactionTooLargeException due to Service without Chimera impl, calling uid: 1000, calling pid: 0
2026-06-06 11:58:25.902  1388-6384  NullBinder              com.google.android.gms.persistent    I  NullBinder for android.net.action.RECOMMEND_NETWORKS triggering remote TransactionTooLargeException due to Service without Chimera impl, calling uid: 1000, calling pid: 0
2026-06-06 12:01:53.741  1388-1404  NullBinder              com.google.android.gms.persistent    I  NullBinder for android.net.action.RECOMMEND_NETWORKS triggering remote TransactionTooLargeException due to Service without Chimera impl, calling uid: 1000, calling pid: 0
2026-06-06 12:01:56.755  1388-1763  NullBinder              com.google.android.gms.persistent    I  NullBinder for android.net.action.RECOMMEND_NETWORKS triggering remote TransactionTooLargeException due to Service without Chimera impl, calling uid: 1000, calling pid: 0
2026-06-06 12:04:06.355  1388-2333  NullBinder              com.google.android.gms.persistent    I  NullBinder for android.net.action.RECOMMEND_NETWORKS triggering remote TransactionTooLargeException due to Service without Chimera impl, calling uid: 1000, calling pid: 0
2026-06-06 12:04:30.464  1388-15320 NullBinder              com.google.android.gms.persistent    I  NullBinder for android.net.action.RECOMMEND_NETWORKS triggering remote TransactionTooLargeException due to Service without Chimera impl, calling uid: 1000, calling pid: 0
2026-06-06 12:07:10.201  1388-1763  NullBinder              com.google.android.gms.persistent    I  NullBinder for android.net.action.RECOMMEND_NETWORKS triggering remote TransactionTooLargeException due to Service without Chimera impl, calling uid: 1000, calling pid: 0
2026-06-06 12:07:34.306  1388-2335  NullBinder              com.google.android.gms.persistent    I  NullBinder for android.net.action.RECOMMEND_NETWORKS triggering remote TransactionTooLargeException due to Service without Chimera impl, calling uid: 1000, calling pid: 0
2026-06-06 12:08:31.554  1388-2335  NullBinder              com.google.android.gms.persistent    I  NullBinder for android.net.action.RECOMMEND_NETWORKS triggering remote TransactionTooLargeException due to Service without Chimera impl, calling uid: 1000, calling pid: 0
2026-06-06 12:08:55.673  1388-1882  NullBinder              com.google.android.gms.persistent    I  NullBinder for android.net.action.RECOMMEND_NETWORKS triggering remote TransactionTooLargeException due to Service without Chimera impl, calling uid: 1000, calling pid: 0
2026-06-06 12:10:14.013  1388-2335  NullBinder              com.google.android.gms.persistent    I  NullBinder for android.net.action.RECOMMEND_NETWORKS triggering remote TransactionTooLargeException due to Service without Chimera impl, calling uid: 1000, calling pid: 0
2026-06-06 12:10:41.118  1388-1404  NullBinder              com.google.android.gms.persistent    I  NullBinder for android.net.action.RECOMMEND_NETWORKS triggering remote TransactionTooLargeException due to Service without Chimera impl, calling uid: 1000, calling pid: 0
2026-06-06 12:12:53.751  1388-1882  NullBinder              com.google.android.gms.persistent    I  NullBinder for android.net.action.RECOMMEND_NETWORKS triggering remote TransactionTooLargeException due to Service without Chimera impl, calling uid: 1000, calling pid: 0
2026-06-06 12:13:20.877  1388-1763  NullBinder              com.google.android.gms.persistent    I  NullBinder for android.net.action.RECOMMEND_NETWORKS triggering remote TransactionTooLargeException due to Service without Chimera impl, calling uid: 1000, calling pid: 0
2026-06-06 12:14:42.233  1388-1882  NullBinder              com.google.android.gms.persistent    I  NullBinder for android.net.action.RECOMMEND_NETWORKS triggering remote TransactionTooLargeException due to Service without Chimera impl, calling uid: 1000, calling pid: 0
2026-06-06 12:15:09.364  1388-2335  NullBinder              com.google.android.gms.persistent    I  NullBinder for android.net.action.RECOMMEND_NETWORKS triggering remote TransactionTooLargeException due to Service without Chimera impl, calling uid: 1000, calling pid: 0
2026-06-06 12:16:00.578  1388-2335  NullBinder              com.google.android.gms.persistent    I  NullBinder for android.net.action.RECOMMEND_NETWORKS triggering remote TransactionTooLargeException due to Service without Chimera impl, calling uid: 1000, calling pid: 0
2026-06-06 12:16:27.693  1388-1404  NullBinder              com.google.android.gms.persistent    I  NullBinder for android.net.action.RECOMMEND_NETWORKS triggering remote TransactionTooLargeException due to Service without Chimera impl, calling uid: 1000, calling pid: 0
2026-06-06 12:16:30.728  1388-2335  NullBinder              com.google.android.gms.persistent    I  NullBinder for android.net.action.RECOMMEND_NETWORKS triggering remote TransactionTooLargeException due to Service without Chimera impl, calling uid: 1000, calling pid: 0
2026-06-06 12:16:51.831  1388-15320 NullBinder              com.google.android.gms.persistent    I  NullBinder for android.net.action.RECOMMEND_NETWORKS triggering remote TransactionTooLargeException due to Service without Chimera impl, calling uid: 1000, calling pid: 0
2026-06-06 12:16:57.860  1388-1606  NullBinder              com.google.android.gms.persistent    I  NullBinder for android.net.action.RECOMMEND_NETWORKS triggering remote TransactionTooLargeException due to Service without Chimera impl, calling uid: 1000, calling pid: 0
2026-06-06 12:17:24.988  1388-1404  NullBinder              com.google.android.gms.persistent    I  NullBinder for android.net.action.RECOMMEND_NETWORKS triggering remote TransactionTooLargeException due to Service without Chimera impl, calling uid: 1000, calling pid: 0
2026-06-06 12:19:55.635  1388-1404  NullBinder              com.google.android.gms.persistent    I  NullBinder for android.net.action.RECOMMEND_NETWORKS triggering remote TransactionTooLargeException due to Service without Chimera impl, calling uid: 1000, calling pid: 0
2026-06-06 12:20:01.675  1388-1404  NullBinder              com.google.android.gms.persistent    I  NullBinder for android.net.action.RECOMMEND_NETWORKS triggering remote TransactionTooLargeException due to Service without Chimera impl, calling uid: 1000, calling pid: 0
2026-06-06 12:21:23.029  1388-1882  NullBinder              com.google.android.gms.persistent    I  NullBinder for android.net.action.RECOMMEND_NETWORKS triggering remote TransactionTooLargeException due to Service without Chimera impl, calling uid: 1000, calling pid: 0
2026-06-06 12:21:50.149  1388-2335  NullBinder              com.google.android.gms.persistent    I  NullBinder for android.net.action.RECOMMEND_NETWORKS triggering remote TransactionTooLargeException due to Service without Chimera impl, calling uid: 1000, calling pid: 0
2026-06-06 12:23:02.498  1388-1404  NullBinder              com.google.android.gms.persistent    I  NullBinder for android.net.action.RECOMMEND_NETWORKS triggering remote TransactionTooLargeException due to Service without Chimera impl, calling uid: 1000, calling pid: 0
2026-06-06 12:23:05.529  1388-15320 NullBinder              com.google.android.gms.persistent    I  NullBinder for android.net.action.RECOMMEND_NETWORKS triggering remote TransactionTooLargeException due to Service without Chimera impl, calling uid: 1000, calling pid: 0
2026-06-06 12:23:08.553  1388-1763  NullBinder              com.google.android.gms.persistent    I  NullBinder for android.net.action.RECOMMEND_NETWORKS triggering remote TransactionTooLargeException due to Service without Chimera impl, calling uid: 1000, calling pid: 0
2026-06-06 12:23:11.567  1388-1606  NullBinder              com.google.android.gms.persistent    I  NullBinder for android.net.action.RECOMMEND_NETWORKS triggering remote TransactionTooLargeException due to Service without Chimera impl, calling uid: 1000, calling pid: 0
2026-06-06 12:23:38.697  1388-1404  NullBinder              com.google.android.gms.persistent    I  NullBinder for android.net.action.RECOMMEND_NETWORKS triggering remote TransactionTooLargeException due to Service without Chimera impl, calling uid: 1000, calling pid: 0
2026-06-06 12:24:02.845  1388-15320 NullBinder              com.google.android.gms.persistent    I  NullBinder for android.net.action.RECOMMEND_NETWORKS triggering remote TransactionTooLargeException due to Service without Chimera impl, calling uid: 1000, calling pid: 0
2026-06-06 12:25:00.099  1388-1882  NullBinder              com.google.android.gms.persistent    I  NullBinder for android.net.action.RECOMMEND_NETWORKS triggering remote TransactionTooLargeException due to Service without Chimera impl, calling uid: 1000, calling pid: 0
2026-06-06 12:25:27.211  1388-2335  NullBinder              com.google.android.gms.persistent    I  NullBinder for android.net.action.RECOMMEND_NETWORKS triggering remote TransactionTooLargeException due to Service without Chimera impl, calling uid: 1000, calling pid: 0
2026-06-06 12:26:42.527  1388-1404  NullBinder              com.google.android.gms.persistent    I  NullBinder for android.net.action.RECOMMEND_NETWORKS triggering remote TransactionTooLargeException due to Service without Chimera impl, calling uid: 1000, calling pid: 0
2026-06-06 12:26:48.562  1388-2335  NullBinder              com.google.android.gms.persistent    I  NullBinder for android.net.action.RECOMMEND_NETWORKS triggering remote TransactionTooLargeException due to Service without Chimera impl, calling uid: 1000, calling pid: 0
2026-06-06 12:27:12.699  1388-1763  NullBinder              com.google.android.gms.persistent    I  NullBinder for android.net.action.RECOMMEND_NETWORKS triggering remote TransactionTooLargeException due to Service without Chimera impl, calling uid: 1000, calling pid: 0
2026-06-06 12:27:36.816  1388-1882  NullBinder              com.google.android.gms.persistent    I  NullBinder for android.net.action.RECOMMEND_NETWORKS triggering remote TransactionTooLargeException due to Service without Chimera impl, calling uid: 1000, calling pid: 0
2026-06-06 12:29:22.282  1388-1882  NullBinder              com.google.android.gms.persistent    I  NullBinder for android.net.action.RECOMMEND_NETWORKS triggering remote TransactionTooLargeException due to Service without Chimera impl, calling uid: 1000, calling pid: 0
2026-06-06 12:29:49.388  1388-2335  NullBinder              com.google.android.gms.persistent    I  NullBinder for android.net.action.RECOMMEND_NETWORKS triggering remote TransactionTooLargeException due to Service without Chimera impl, calling uid: 1000, calling pid: 0
2026-06-06 12:31:10.694  1388-6384  NullBinder              com.google.android.gms.persistent    I  NullBinder for android.net.action.RECOMMEND_NETWORKS triggering remote TransactionTooLargeException due to Service without Chimera impl, calling uid: 1000, calling pid: 0
2026-06-06 12:31:34.820  1388-1404  NullBinder              com.google.android.gms.persistent    I  NullBinder for android.net.action.RECOMMEND_NETWORKS triggering remote TransactionTooLargeException due to Service without Chimera impl, calling uid: 1000, calling pid: 0
2026-06-06 12:32:01.929  1388-1882  NullBinder              com.google.android.gms.persistent    I  NullBinder for android.net.action.RECOMMEND_NETWORKS triggering remote TransactionTooLargeException due to Service without Chimera impl, calling uid: 1000, calling pid: 0
2026-06-06 12:32:29.060  1388-6384  NullBinder              com.google.android.gms.persistent    I  NullBinder for android.net.action.RECOMMEND_NETWORKS triggering remote TransactionTooLargeException due to Service without Chimera impl, calling uid: 1000, calling pid: 0
2026-06-06 12:34:14.547  1388-1404  NullBinder              com.google.android.gms.persistent    I  NullBinder for android.net.action.RECOMMEND_NETWORKS triggering remote TransactionTooLargeException due to Service without Chimera impl, calling uid: 1000, calling pid: 0
2026-06-06 12:34:41.682  1388-1882  NullBinder              com.google.android.gms.persistent    I  NullBinder for android.net.action.RECOMMEND_NETWORKS triggering remote TransactionTooLargeException due to Service without Chimera impl, calling uid: 1000, calling pid: 0
2026-06-06 12:35:08.803  1388-1606  NullBinder              com.google.android.gms.persistent    I  NullBinder for android.net.action.RECOMMEND_NETWORKS triggering remote TransactionTooLargeException due to Service without Chimera impl, calling uid: 1000, calling pid: 0
2026-06-06 12:35:35.924  1388-1606  NullBinder              com.google.android.gms.persistent    I  NullBinder for android.net.action.RECOMMEND_NETWORKS triggering remote TransactionTooLargeException due to Service without Chimera impl, calling uid: 1000, calling pid: 0
2026-06-06 12:36:30.191  1388-1404  NullBinder              com.google.android.gms.persistent    I  NullBinder for android.net.action.RECOMMEND_NETWORKS triggering remote TransactionTooLargeException due to Service without Chimera impl, calling uid: 1000, calling pid: 0
2026-06-06 12:36:48.272  1388-1606  NullBinder              com.google.android.gms.persistent    I  NullBinder for android.net.action.RECOMMEND_NETWORKS triggering remote TransactionTooLargeException due to Service without Chimera impl, calling uid: 1000, calling pid: 0
2026-06-06 12:36:54.292  1388-18457 NullBinder              com.google.android.gms.persistent    I  NullBinder for android.net.action.RECOMMEND_NETWORKS triggering remote TransactionTooLargeException due to Service without Chimera impl, calling uid: 1000, calling pid: 0
2026-06-06 12:37:21.462  1388-18457 NullBinder              com.google.android.gms.persistent    I  NullBinder for android.net.action.RECOMMEND_NETWORKS triggering remote TransactionTooLargeException due to Service without Chimera impl, calling uid: 1000, calling pid: 0
2026-06-06 12:38:15.685  1388-1404  NullBinder              com.google.android.gms.persistent    I  NullBinder for android.net.action.RECOMMEND_NETWORKS triggering remote TransactionTooLargeException due to Service without Chimera impl, calling uid: 1000, calling pid: 0
2026-06-06 12:38:42.812  1388-2335  NullBinder              com.google.android.gms.persistent    I  NullBinder for android.net.action.RECOMMEND_NETWORKS triggering remote TransactionTooLargeException due to Service without Chimera impl, calling uid: 1000, calling pid: 0
2026-06-06 12:40:58.388  1388-18457 NullBinder              com.google.android.gms.persistent    I  NullBinder for android.net.action.RECOMMEND_NETWORKS triggering remote TransactionTooLargeException due to Service without Chimera impl, calling uid: 1000, calling pid: 0
2026-06-06 12:41:22.501  1388-1606  NullBinder              com.google.android.gms.persistent    I  NullBinder for android.net.action.RECOMMEND_NETWORKS triggering remote TransactionTooLargeException due to Service without Chimera impl, calling uid: 1000, calling pid: 0
2026-06-06 12:43:35.139  1388-1763  NullBinder              com.google.android.gms.persistent    I  NullBinder for android.net.action.RECOMMEND_NETWORKS triggering remote TransactionTooLargeException due to Service without Chimera impl, calling uid: 1000, calling pid: 0
2026-06-06 12:44:02.255  1388-1763  NullBinder              com.google.android.gms.persistent    I  NullBinder for android.net.action.RECOMMEND_NETWORKS triggering remote TransactionTooLargeException due to Service without Chimera impl, calling uid: 1000, calling pid: 0
2026-06-06 12:44:29.356  1388-1606  NullBinder              com.google.android.gms.persistent    I  NullBinder for android.net.action.RECOMMEND_NETWORKS triggering remote TransactionTooLargeException due to Service without Chimera impl, calling uid: 1000, calling pid: 0
2026-06-06 12:44:32.383  1388-2335  NullBinder              com.google.android.gms.persistent    I  NullBinder for android.net.action.RECOMMEND_NETWORKS triggering remote TransactionTooLargeException due to Service without Chimera impl, calling uid: 1000, calling pid: 0
2026-06-06 12:44:56.523  1388-1763  NullBinder              com.google.android.gms.persistent    I  NullBinder for android.net.action.RECOMMEND_NETWORKS triggering remote TransactionTooLargeException due to Service without Chimera impl, calling uid: 1000, calling pid: 0
2026-06-06 12:45:23.653  1388-1763  NullBinder              com.google.android.gms.persistent    I  NullBinder for android.net.action.RECOMMEND_NETWORKS triggering remote TransactionTooLargeException due to Service without Chimera impl, calling uid: 1000, calling pid: 0
2026-06-06 12:50:42.978  1388-1606  NullBinder              com.google.android.gms.persistent    I  NullBinder for android.net.action.RECOMMEND_NETWORKS triggering remote TransactionTooLargeException due to Service without Chimera impl, calling uid: 1000, calling pid: 0
2026-06-06 12:51:10.094  1388-1606  NullBinder              com.google.android.gms.persistent    I  NullBinder for android.net.action.RECOMMEND_NETWORKS triggering remote TransactionTooLargeException due to Service without Chimera impl, calling uid: 1000, calling pid: 0
2026-06-06 12:52:04.333  1388-2335  NullBinder              com.google.android.gms.persistent    I  NullBinder for android.net.action.RECOMMEND_NETWORKS triggering remote TransactionTooLargeException due to Service without Chimera impl, calling uid: 1000, calling pid: 0
2026-06-06 12:52:55.546  1388-18457 NullBinder              com.google.android.gms.persistent    I  NullBinder for android.net.action.RECOMMEND_NETWORKS triggering remote TransactionTooLargeException due to Service without Chimera impl, calling uid: 1000, calling pid: 0
2026-06-06 12:56:56.593  1388-1882  NullBinder              com.google.android.gms.persistent    I  NullBinder for android.net.action.RECOMMEND_NETWORKS triggering remote TransactionTooLargeException due to Service without Chimera impl, calling uid: 1000, calling pid: 0
2026-06-06 12:57:23.728  1388-1404  NullBinder              com.google.android.gms.persistent    I  NullBinder for android.net.action.RECOMMEND_NETWORKS triggering remote TransactionTooLargeException due to Service without Chimera impl, calling uid: 1000, calling pid: 0
2026-06-06 12:59:36.321  1388-1404  NullBinder              com.google.android.gms.persistent    I  NullBinder for android.net.action.RECOMMEND_NETWORKS triggering remote TransactionTooLargeException due to Service without Chimera impl, calling uid: 1000, calling pid: 0
2026-06-06 13:00:03.432  1388-1763  NullBinder              com.google.android.gms.persistent    I  NullBinder for android.net.action.RECOMMEND_NETWORKS triggering remote TransactionTooLargeException due to Service without Chimera impl, calling uid: 1000, calling pid: 0
2026-06-06 13:00:30.575  1388-1882  NullBinder              com.google.android.gms.persistent    I  NullBinder for android.net.action.RECOMMEND_NETWORKS triggering remote TransactionTooLargeException due to Service without Chimera impl, calling uid: 1000, calling pid: 0
2026-06-06 13:00:54.662  1388-1404  NullBinder              com.google.android.gms.persistent    I  NullBinder for android.net.action.RECOMMEND_NETWORKS triggering remote TransactionTooLargeException due to Service without Chimera impl, calling uid: 1000, calling pid: 0
2026-06-06 13:01:51.948  1388-1404  NullBinder              com.google.android.gms.persistent    I  NullBinder for android.net.action.RECOMMEND_NETWORKS triggering remote TransactionTooLargeException due to Service without Chimera impl, calling uid: 1000, calling pid: 0
2026-06-06 13:02:16.075  1388-1763  NullBinder              com.google.android.gms.persistent    I  NullBinder for android.net.action.RECOMMEND_NETWORKS triggering remote TransactionTooLargeException due to Service without Chimera impl, calling uid: 1000, calling pid: 0
2026-06-06 13:04:01.517  1388-1882  NullBinder              com.google.android.gms.persistent    I  NullBinder for android.net.action.RECOMMEND_NETWORKS triggering remote TransactionTooLargeException due to Service without Chimera impl, calling uid: 1000, calling pid: 0
2026-06-06 13:04:28.655  1388-1882  NullBinder              com.google.android.gms.persistent    I  NullBinder for android.net.action.RECOMMEND_NETWORKS triggering remote TransactionTooLargeException due to Service without Chimera impl, calling uid: 1000, calling pid: 0
2026-06-06 13:04:55.764  1388-1404  NullBinder              com.google.android.gms.persistent    I  NullBinder for android.net.action.RECOMMEND_NETWORKS triggering remote TransactionTooLargeException due to Service without Chimera impl, calling uid: 1000, calling pid: 0
2026-06-06 13:05:22.909  1388-1404  NullBinder              com.google.android.gms.persistent    I  NullBinder for android.net.action.RECOMMEND_NETWORKS triggering remote TransactionTooLargeException due to Service without Chimera impl, calling uid: 1000, calling pid: 0
2026-06-06 13:06:14.143  1388-1763  NullBinder              com.google.android.gms.persistent    I  NullBinder for android.net.action.RECOMMEND_NETWORKS triggering remote TransactionTooLargeException due to Service without Chimera impl, calling uid: 1000, calling pid: 0
2026-06-06 13:06:41.265  1388-1763  NullBinder              com.google.android.gms.persistent    I  NullBinder for android.net.action.RECOMMEND_NETWORKS triggering remote TransactionTooLargeException due to Service without Chimera impl, calling uid: 1000, calling pid: 0
2026-06-06 13:06:44.276  1388-2335  NullBinder              com.google.android.gms.persistent    I  NullBinder for android.net.action.RECOMMEND_NETWORKS triggering remote TransactionTooLargeException due to Service without Chimera impl, calling uid: 1000, calling pid: 0
2026-06-06 13:07:08.423  1388-2335  NullBinder              com.google.android.gms.persistent    I  NullBinder for android.net.action.RECOMMEND_NETWORKS triggering remote TransactionTooLargeException due to Service without Chimera impl, calling uid: 1000, calling pid: 0
2026-06-06 13:08:02.616  1388-1407  NullBinder              com.google.android.gms.persistent    I  NullBinder for android.net.action.RECOMMEND_NETWORKS triggering remote TransactionTooLargeException due to Service without Chimera impl, calling uid: 1000, calling pid: 0
2026-06-06 13:08:29.752  1388-2333  NullBinder              com.google.android.gms.persistent    I  NullBinder for android.net.action.RECOMMEND_NETWORKS triggering remote TransactionTooLargeException due to Service without Chimera impl, calling uid: 1000, calling pid: 0
2026-06-06 13:10:45.311  1388-2333  NullBinder              com.google.android.gms.persistent    I  NullBinder for android.net.action.RECOMMEND_NETWORKS triggering remote TransactionTooLargeException due to Service without Chimera impl, calling uid: 1000, calling pid: 0
2026-06-06 13:11:09.426  1388-1763  NullBinder              com.google.android.gms.persistent    I  NullBinder for android.net.action.RECOMMEND_NETWORKS triggering remote TransactionTooLargeException due to Service without Chimera impl, calling uid: 1000, calling pid: 0
2026-06-06 13:11:36.542  1388-2335  NullBinder              com.google.android.gms.persistent    I  NullBinder for android.net.action.RECOMMEND_NETWORKS triggering remote TransactionTooLargeException due to Service without Chimera impl, calling uid: 1000, calling pid: 0
2026-06-06 13:11:39.571  1388-2335  NullBinder              com.google.android.gms.persistent    I  NullBinder for android.net.action.RECOMMEND_NETWORKS triggering remote TransactionTooLargeException due to Service without Chimera impl, calling uid: 1000, calling pid: 0
2026-06-06 13:12:03.660  1388-2335  NullBinder              com.google.android.gms.persistent    I  NullBinder for android.net.action.RECOMMEND_NETWORKS triggering remote TransactionTooLargeException due to Service without Chimera impl, calling uid: 1000, calling pid: 0
2026-06-06 13:12:30.810  1388-1882  NullBinder              com.google.android.gms.persistent    I  NullBinder for android.net.action.RECOMMEND_NETWORKS triggering remote TransactionTooLargeException due to Service without Chimera impl, calling uid: 1000, calling pid: 0
2026-06-06 13:20:29.878  1388-2335  NullBinder              com.google.android.gms.persistent    I  NullBinder for android.net.action.RECOMMEND_NETWORKS triggering remote TransactionTooLargeException due to Service without Chimera impl, calling uid: 1000, calling pid: 0
2026-06-06 13:20:56.989  1388-2335  NullBinder              com.google.android.gms.persistent    I  NullBinder for android.net.action.RECOMMEND_NETWORKS triggering remote TransactionTooLargeException due to Service without Chimera impl, calling uid: 1000, calling pid: 0
2026-06-06 13:21:00.020  1388-1882  NullBinder              com.google.android.gms.persistent    I  NullBinder for android.net.action.RECOMMEND_NETWORKS triggering remote TransactionTooLargeException due to Service without Chimera impl, calling uid: 1000, calling pid: 0
2026-06-06 13:21:12.086  1388-1882  NullBinder              com.google.android.gms.persistent    I  NullBinder for android.net.action.RECOMMEND_NETWORKS triggering remote TransactionTooLargeException due to Service without Chimera impl, calling uid: 1000, calling pid: 0
2026-06-06 13:21:24.152  1388-2335  NullBinder              com.google.android.gms.persistent    I  NullBinder for android.net.action.RECOMMEND_NETWORKS triggering remote TransactionTooLargeException due to Service without Chimera impl, calling uid: 1000, calling pid: 0
2026-06-06 13:21:51.237  1388-1763  NullBinder              com.google.android.gms.persistent    I  NullBinder for android.net.action.RECOMMEND_NETWORKS triggering remote TransactionTooLargeException due to Service without Chimera impl, calling uid: 1000, calling pid: 0
2026-06-06 13:22:15.335  1388-1407  NullBinder              com.google.android.gms.persistent    I  NullBinder for android.net.action.RECOMMEND_NETWORKS triggering remote TransactionTooLargeException due to Service without Chimera impl, calling uid: 1000, calling pid: 0
2026-06-06 13:24:02.709  6099-6115  GmsClientSupervisor     com.google.android.gms               E  Timeout waiting for ServiceConnection callback com.google.android.gms.credential.manager.service.firstparty.START (Fix with AI)
                                                                                                    java.lang.Exception
                                                                                                    	at bjvq.handleMessage(:com.google.android.gms@262031038@26.20.31 (260800-919905943):42)
                                                                                                    	at android.os.Handler.dispatchMessageImpl(Handler.java:138)
                                                                                                    	at android.os.Handler.dispatchMessage(Handler.java:125)
                                                                                                    	at dbov.mL(:com.google.android.gms@262031038@26.20.31 (260800-919905943):1)
                                                                                                    	at dbov.dispatchMessage(:com.google.android.gms@262031038@26.20.31 (260800-919905943):148)
                                                                                                    	at android.os.Looper.loopOnce(Looper.java:296)
                                                                                                    	at android.os.Looper.loop(Looper.java:397)
                                                                                                    	at android.os.HandlerThread.run(HandlerThread.java:139)
2026-06-06 13:24:02.710  6099-6115  GmsClientSupervisor     com.google.android.gms               E  Timeout waiting for ServiceConnection callback com.google.android.gms.onboardingconsent.api.ConsentManagerApiService.START (Fix with AI)
                                                                                                    java.lang.Exception
                                                                                                    	at bjvq.handleMessage(:com.google.android.gms@262031038@26.20.31 (260800-919905943):42)
                                                                                                    	at android.os.Handler.dispatchMessageImpl(Handler.java:138)
                                                                                                    	at android.os.Handler.dispatchMessage(Handler.java:125)
                                                                                                    	at dbov.mL(:com.google.android.gms@262031038@26.20.31 (260800-919905943):1)
                                                                                                    	at dbov.dispatchMessage(:com.google.android.gms@262031038@26.20.31 (260800-919905943):148)
                                                                                                    	at android.os.Looper.loopOnce(Looper.java:296)
                                                                                                    	at android.os.Looper.loop(Looper.java:397)
                                                                                                    	at android.os.HandlerThread.run(HandlerThread.java:139)
2026-06-06 13:24:03.802  1388-18457 NullBinder              com.google.android.gms.persistent    I  NullBinder for android.net.action.RECOMMEND_NETWORKS triggering remote TransactionTooLargeException due to Service without Chimera impl, calling uid: 1000, calling pid: 0
2026-06-06 13:24:06.816  1388-1407  NullBinder              com.google.android.gms.persistent    I  NullBinder for android.net.action.RECOMMEND_NETWORKS triggering remote TransactionTooLargeException due to Service without Chimera impl, calling uid: 1000, calling pid: 0
2026-06-06 13:24:30.982  1388-1404  NullBinder              com.google.android.gms.persistent    I  NullBinder for android.net.action.RECOMMEND_NETWORKS triggering remote TransactionTooLargeException due to Service without Chimera impl, calling uid: 1000, calling pid: 0
2026-06-06 13:24:55.074  1388-1407  NullBinder              com.google.android.gms.persistent    I  NullBinder for android.net.action.RECOMMEND_NETWORKS triggering remote TransactionTooLargeException due to Service without Chimera impl, calling uid: 1000, calling pid: 0
2026-06-06 13:25:25.228  1388-2333  NullBinder              com.google.android.gms.persistent    I  NullBinder for android.net.action.RECOMMEND_NETWORKS triggering remote TransactionTooLargeException due to Service without Chimera impl, calling uid: 1000, calling pid: 0
2026-06-06 13:25:49.335  1388-1404  NullBinder              com.google.android.gms.persistent    I  NullBinder for android.net.action.RECOMMEND_NETWORKS triggering remote TransactionTooLargeException due to Service without Chimera impl, calling uid: 1000, calling pid: 0
2026-06-06 13:26:46.586  1388-1404  NullBinder              com.google.android.gms.persistent    I  NullBinder for android.net.action.RECOMMEND_NETWORKS triggering remote TransactionTooLargeException due to Service without Chimera impl, calling uid: 1000, calling pid: 0
2026-06-06 13:27:10.683  1388-1404  NullBinder              com.google.android.gms.persistent    I  NullBinder for android.net.action.RECOMMEND_NETWORKS triggering remote TransactionTooLargeException due to Service without Chimera impl, calling uid: 1000, calling pid: 0
2026-06-06 13:28:10.960  1388-18457 NullBinder              com.google.android.gms.persistent    I  NullBinder for android.net.action.RECOMMEND_NETWORKS triggering remote TransactionTooLargeException due to Service without Chimera impl, calling uid: 1000, calling pid: 0
2026-06-06 13:28:23.047  1388-2333  NullBinder              com.google.android.gms.persistent    I  NullBinder for android.net.action.RECOMMEND_NETWORKS triggering remote TransactionTooLargeException due to Service without Chimera impl, calling uid: 1000, calling pid: 0
2026-06-06 13:28:29.079  1388-18457 NullBinder              com.google.android.gms.persistent    I  NullBinder for android.net.action.RECOMMEND_NETWORKS triggering remote TransactionTooLargeException due to Service without Chimera impl, calling uid: 1000, calling pid: 0
2026-06-06 13:28:56.199  1388-2333  NullBinder              com.google.android.gms.persistent    I  NullBinder for android.net.action.RECOMMEND_NETWORKS triggering remote TransactionTooLargeException due to Service without Chimera impl, calling uid: 1000, calling pid: 0
2026-06-06 13:31:11.843  1388-1407  NullBinder              com.google.android.gms.persistent    I  NullBinder for android.net.action.RECOMMEND_NETWORKS triggering remote TransactionTooLargeException due to Service without Chimera impl, calling uid: 1000, calling pid: 0
2026-06-06 13:31:35.966  1388-1606  NullBinder              com.google.android.gms.persistent    I  NullBinder for android.net.action.RECOMMEND_NETWORKS triggering remote TransactionTooLargeException due to Service without Chimera impl, calling uid: 1000, calling pid: 0
2026-06-06 13:31:38.986  1388-2333  NullBinder              com.google.android.gms.persistent    I  NullBinder for android.net.action.RECOMMEND_NETWORKS triggering remote TransactionTooLargeException due to Service without Chimera impl, calling uid: 1000, calling pid: 0
2026-06-06 13:32:06.138  1388-1880  NullBinder              com.google.android.gms.persistent    I  NullBinder for android.net.action.RECOMMEND_NETWORKS triggering remote TransactionTooLargeException due to Service without Chimera impl, calling uid: 1000, calling pid: 0
2026-06-06 13:35:37.109  1388-2333  NullBinder              com.google.android.gms.persistent    I  NullBinder for android.net.action.RECOMMEND_NETWORKS triggering remote TransactionTooLargeException due to Service without Chimera impl, calling uid: 1000, calling pid: 0
2026-06-06 13:36:01.219  1388-1763  NullBinder              com.google.android.gms.persistent    I  NullBinder for android.net.action.RECOMMEND_NETWORKS triggering remote TransactionTooLargeException due to Service without Chimera impl, calling uid: 1000, calling pid: 0
2026-06-06 13:36:31.371  1388-2333  NullBinder              com.google.android.gms.persistent    I  NullBinder for android.net.action.RECOMMEND_NETWORKS triggering remote TransactionTooLargeException due to Service without Chimera impl, calling uid: 1000, calling pid: 0
2026-06-06 13:36:34.385  1388-2333  NullBinder              com.google.android.gms.persistent    I  NullBinder for android.net.action.RECOMMEND_NETWORKS triggering remote TransactionTooLargeException due to Service without Chimera impl, calling uid: 1000, calling pid: 0
2026-06-06 13:36:55.480  1388-18457 NullBinder              com.google.android.gms.persistent    I  NullBinder for android.net.action.RECOMMEND_NETWORKS triggering remote TransactionTooLargeException due to Service without Chimera impl, calling uid: 1000, calling pid: 0
2026-06-06 13:37:22.607  1388-1880  NullBinder              com.google.android.gms.persistent    I  NullBinder for android.net.action.RECOMMEND_NETWORKS triggering remote TransactionTooLargeException due to Service without Chimera impl, calling uid: 1000, calling pid: 0
2026-06-06 13:37:49.702  1388-2335  NullBinder              com.google.android.gms.persistent    I  NullBinder for android.net.action.RECOMMEND_NETWORKS triggering remote TransactionTooLargeException due to Service without Chimera impl, calling uid: 1000, calling pid: 0
2026-06-06 13:40:05.282  1388-1407  NullBinder              com.google.android.gms.persistent    I  NullBinder for android.net.action.RECOMMEND_NETWORKS triggering remote TransactionTooLargeException due to Service without Chimera impl, calling uid: 1000, calling pid: 0
2026-06-06 13:40:29.398  1388-1606  NullBinder              com.google.android.gms.persistent    I  NullBinder for android.net.action.RECOMMEND_NETWORKS triggering remote TransactionTooLargeException due to Service without Chimera impl, calling uid: 1000, calling pid: 0
2026-06-06 13:41:53.733  1388-1407  NullBinder              com.google.android.gms.persistent    I  NullBinder for android.net.action.RECOMMEND_NETWORKS triggering remote TransactionTooLargeException due to Service without Chimera impl, calling uid: 1000, calling pid: 0
2026-06-06 13:42:11.844  1388-1606  NullBinder              com.google.android.gms.persistent    I  NullBinder for android.net.action.RECOMMEND_NETWORKS triggering remote TransactionTooLargeException due to Service without Chimera impl, calling uid: 1000, calling pid: 0
2026-06-06 13:42:17.865  1388-2335  NullBinder              com.google.android.gms.persistent    I  NullBinder for android.net.action.RECOMMEND_NETWORKS triggering remote TransactionTooLargeException due to Service without Chimera impl, calling uid: 1000, calling pid: 0
2026-06-06 13:42:44.964  1388-1407  NullBinder              com.google.android.gms.persistent    I  NullBinder for android.net.action.RECOMMEND_NETWORKS triggering remote TransactionTooLargeException due to Service without Chimera impl, calling uid: 1000, calling pid: 0
2026-06-06 13:45:48.784  1388-2335  NullBinder              com.google.android.gms.persistent    I  NullBinder for android.net.action.RECOMMEND_NETWORKS triggering remote TransactionTooLargeException due to Service without Chimera impl, calling uid: 1000, calling pid: 0
2026-06-06 13:46:15.907  1388-1606  NullBinder              com.google.android.gms.persistent    I  NullBinder for android.net.action.RECOMMEND_NETWORKS triggering remote TransactionTooLargeException due to Service without Chimera impl, calling uid: 1000, calling pid: 0
2026-06-06 13:46:30.983  1388-1404  NullBinder              com.google.android.gms.persistent    I  NullBinder for android.net.action.RECOMMEND_NETWORKS triggering remote TransactionTooLargeException due to Service without Chimera impl, calling uid: 1000, calling pid: 0
2026-06-06 13:46:43.027  1388-1882  NullBinder              com.google.android.gms.persistent    I  NullBinder for android.net.action.RECOMMEND_NETWORKS triggering remote TransactionTooLargeException due to Service without Chimera impl, calling uid: 1000, calling pid: 0
2026-06-06 13:47:10.133  1388-1880  NullBinder              com.google.android.gms.persistent    I  NullBinder for android.net.action.RECOMMEND_NETWORKS triggering remote TransactionTooLargeException due to Service without Chimera impl, calling uid: 1000, calling pid: 0
2026-06-06 13:47:37.253  1388-1404  NullBinder              com.google.android.gms.persistent    I  NullBinder for android.net.action.RECOMMEND_NETWORKS triggering remote TransactionTooLargeException due to Service without Chimera impl, calling uid: 1000, calling pid: 0
2026-06-06 13:48:04.370  1388-1606  NullBinder              com.google.android.gms.persistent    I  NullBinder for android.net.action.RECOMMEND_NETWORKS triggering remote TransactionTooLargeException due to Service without Chimera impl, calling uid: 1000, calling pid: 0
2026-06-06 13:49:22.710  1388-2335  NullBinder              com.google.android.gms.persistent    I  NullBinder for android.net.action.RECOMMEND_NETWORKS triggering remote TransactionTooLargeException due to Service without Chimera impl, calling uid: 1000, calling pid: 0
2026-06-06 13:49:46.847  1388-2335  NullBinder              com.google.android.gms.persistent    I  NullBinder for android.net.action.RECOMMEND_NETWORKS triggering remote TransactionTooLargeException due to Service without Chimera impl, calling uid: 1000, calling pid: 0
2026-06-06 13:53:50.858  1388-1882  NullBinder              com.google.android.gms.persistent    I  NullBinder for android.net.action.RECOMMEND_NETWORKS triggering remote TransactionTooLargeException due to Service without Chimera impl, calling uid: 1000, calling pid: 0
2026-06-06 13:54:15.010  1388-1407  NullBinder              com.google.android.gms.persistent    I  NullBinder for android.net.action.RECOMMEND_NETWORKS triggering remote TransactionTooLargeException due to Service without Chimera impl, calling uid: 1000, calling pid: 0
2026-06-06 13:55:36.313  1388-1606  NullBinder              com.google.android.gms.persistent    I  NullBinder for android.net.action.RECOMMEND_NETWORKS triggering remote TransactionTooLargeException due to Service without Chimera impl, calling uid: 1000, calling pid: 0
2026-06-06 13:56:03.428  1388-1606  NullBinder              com.google.android.gms.persistent    I  NullBinder for android.net.action.RECOMMEND_NETWORKS triggering remote TransactionTooLargeException due to Service without Chimera impl, calling uid: 1000, calling pid: 0
2026-06-06 13:56:27.541  1388-2333  NullBinder              com.google.android.gms.persistent    I  NullBinder for android.net.action.RECOMMEND_NETWORKS triggering remote TransactionTooLargeException due to Service without Chimera impl, calling uid: 1000, calling pid: 0
2026-06-06 13:56:30.549  1388-1606  NullBinder              com.google.android.gms.persistent    I  NullBinder for android.net.action.RECOMMEND_NETWORKS triggering remote TransactionTooLargeException due to Service without Chimera impl, calling uid: 1000, calling pid: 0
2026-06-06 13:56:54.666  1388-2333  NullBinder              com.google.android.gms.persistent    I  NullBinder for android.net.action.RECOMMEND_NETWORKS triggering remote TransactionTooLargeException due to Service without Chimera impl, calling uid: 1000, calling pid: 0
2026-06-06 13:57:21.780  1388-2333  NullBinder              com.google.android.gms.persistent    I  NullBinder for android.net.action.RECOMMEND_NETWORKS triggering remote TransactionTooLargeException due to Service without Chimera impl, calling uid: 1000, calling pid: 0
2026-06-06 13:57:48.882  1388-2333  NullBinder              com.google.android.gms.persistent    I  NullBinder for android.net.action.RECOMMEND_NETWORKS triggering remote TransactionTooLargeException due to Service without Chimera impl, calling uid: 1000, calling pid: 0
2026-06-06 13:58:16.008  1388-1763  NullBinder              com.google.android.gms.persistent    I  NullBinder for android.net.action.RECOMMEND_NETWORKS triggering remote TransactionTooLargeException due to Service without Chimera impl, calling uid: 1000, calling pid: 0
2026-06-06 13:59:10.280  1388-1763  NullBinder              com.google.android.gms.persistent    I  NullBinder for android.net.action.RECOMMEND_NETWORKS triggering remote TransactionTooLargeException due to Service without Chimera impl, calling uid: 1000, calling pid: 0
2026-06-06 13:59:34.387  1388-2333  NullBinder              com.google.android.gms.persistent    I  NullBinder for android.net.action.RECOMMEND_NETWORKS triggering remote TransactionTooLargeException due to Service without Chimera impl, calling uid: 1000, calling pid: 0
2026-06-06 14:03:08.364  1388-2333  NullBinder              com.google.android.gms.persistent    I  NullBinder for android.net.action.RECOMMEND_NETWORKS triggering remote TransactionTooLargeException due to Service without Chimera impl, calling uid: 1000, calling pid: 0
2026-06-06 14:03:35.457  1388-1763  NullBinder              com.google.android.gms.persistent    I  NullBinder for android.net.action.RECOMMEND_NETWORKS triggering remote TransactionTooLargeException due to Service without Chimera impl, calling uid: 1000, calling pid: 0
2026-06-06 14:04:02.579  1388-1763  NullBinder              com.google.android.gms.persistent    I  NullBinder for android.net.action.RECOMMEND_NETWORKS triggering remote TransactionTooLargeException due to Service without Chimera impl, calling uid: 1000, calling pid: 0
2026-06-06 14:04:29.699  1388-2333  NullBinder              com.google.android.gms.persistent    I  NullBinder for android.net.action.RECOMMEND_NETWORKS triggering remote TransactionTooLargeException due to Service without Chimera impl, calling uid: 1000, calling pid: 0
2026-06-06 14:06:15.157  1388-1606  NullBinder              com.google.android.gms.persistent    I  NullBinder for android.net.action.RECOMMEND_NETWORKS triggering remote TransactionTooLargeException due to Service without Chimera impl, calling uid: 1000, calling pid: 0
2026-06-06 14:06:27.206  1388-1606  NullBinder              com.google.android.gms.persistent    I  NullBinder for android.net.action.RECOMMEND_NETWORKS triggering remote TransactionTooLargeException due to Service without Chimera impl, calling uid: 1000, calling pid: 0
2026-06-06 14:06:42.273  1388-2333  NullBinder              com.google.android.gms.persistent    I  NullBinder for android.net.action.RECOMMEND_NETWORKS triggering remote TransactionTooLargeException due to Service without Chimera impl, calling uid: 1000, calling pid: 0
2026-06-06 14:07:06.400  1388-1880  NullBinder              com.google.android.gms.persistent    I  NullBinder for android.net.action.RECOMMEND_NETWORKS triggering remote TransactionTooLargeException due to Service without Chimera impl, calling uid: 1000, calling pid: 0
2026-06-06 14:10:16.306  1388-1404  NullBinder              com.google.android.gms.persistent    I  NullBinder for android.net.action.RECOMMEND_NETWORKS triggering remote TransactionTooLargeException due to Service without Chimera impl, calling uid: 1000, calling pid: 0
2026-06-06 14:10:43.431  1388-1404  NullBinder              com.google.android.gms.persistent    I  NullBinder for android.net.action.RECOMMEND_NETWORKS triggering remote TransactionTooLargeException due to Service without Chimera impl, calling uid: 1000, calling pid: 0
2026-06-06 14:11:10.527  1388-1606  NullBinder              com.google.android.gms.persistent    I  NullBinder for android.net.action.RECOMMEND_NETWORKS triggering remote TransactionTooLargeException due to Service without Chimera impl, calling uid: 1000, calling pid: 0
2026-06-06 14:11:25.606  1388-2333  NullBinder              com.google.android.gms.persistent    I  NullBinder for android.net.action.RECOMMEND_NETWORKS triggering remote TransactionTooLargeException due to Service without Chimera impl, calling uid: 1000, calling pid: 0
2026-06-06 14:11:37.662  1388-1763  NullBinder              com.google.android.gms.persistent    I  NullBinder for android.net.action.RECOMMEND_NETWORKS triggering remote TransactionTooLargeException due to Service without Chimera impl, calling uid: 1000, calling pid: 0
2026-06-06 14:12:04.802  1388-2335  NullBinder              com.google.android.gms.persistent    I  NullBinder for android.net.action.RECOMMEND_NETWORKS triggering remote TransactionTooLargeException due to Service without Chimera impl, calling uid: 1000, calling pid: 0
2026-06-06 14:12:56.043  1388-1606  NullBinder              com.google.android.gms.persistent    I  NullBinder for android.net.action.RECOMMEND_NETWORKS triggering remote TransactionTooLargeException due to Service without Chimera impl, calling uid: 1000, calling pid: 0
2026-06-06 14:13:23.162  1388-2333  NullBinder              com.google.android.gms.persistent    I  NullBinder for android.net.action.RECOMMEND_NETWORKS triggering remote TransactionTooLargeException due to Service without Chimera impl, calling uid: 1000, calling pid: 0
2026-06-06 14:16:30.033  1388-1882  NullBinder              com.google.android.gms.persistent    I  NullBinder for android.net.action.RECOMMEND_NETWORKS triggering remote TransactionTooLargeException due to Service without Chimera impl, calling uid: 1000, calling pid: 0
2026-06-06 14:16:57.185  1388-2333  NullBinder              com.google.android.gms.persistent    I  NullBinder for android.net.action.RECOMMEND_NETWORKS triggering remote TransactionTooLargeException due to Service without Chimera impl, calling uid: 1000, calling pid: 0
2026-06-06 14:19:12.816  1388-1880  NullBinder              com.google.android.gms.persistent    I  NullBinder for android.net.action.RECOMMEND_NETWORKS triggering remote TransactionTooLargeException due to Service without Chimera impl, calling uid: 1000, calling pid: 0
2026-06-06 14:19:36.925  1388-2335  NullBinder              com.google.android.gms.persistent    I  NullBinder for android.net.action.RECOMMEND_NETWORKS triggering remote TransactionTooLargeException due to Service without Chimera impl, calling uid: 1000, calling pid: 0
2026-06-06 14:21:34.444  1388-2335  NullBinder              com.google.android.gms.persistent    I  NullBinder for android.net.action.RECOMMEND_NETWORKS triggering remote TransactionTooLargeException due to Service without Chimera impl, calling uid: 1000, calling pid: 0
2026-06-06 14:21:49.520  1388-18457 NullBinder              com.google.android.gms.persistent    I  NullBinder for android.net.action.RECOMMEND_NETWORKS triggering remote TransactionTooLargeException due to Service without Chimera impl, calling uid: 1000, calling pid: 0
2026-06-06 14:21:52.533  1388-1606  NullBinder              com.google.android.gms.persistent    I  NullBinder for android.net.action.RECOMMEND_NETWORKS triggering remote TransactionTooLargeException due to Service without Chimera impl, calling uid: 1000, calling pid: 0
2026-06-06 14:25:32.518  1388-1880  NullBinder              com.google.android.gms.persistent    I  NullBinder for android.net.action.RECOMMEND_NETWORKS triggering remote TransactionTooLargeException due to Service without Chimera impl, calling uid: 1000, calling pid: 0
2026-06-06 14:25:35.531  1388-1882  NullBinder              com.google.android.gms.persistent    I  NullBinder for android.net.action.RECOMMEND_NETWORKS triggering remote TransactionTooLargeException due to Service without Chimera impl, calling uid: 1000, calling pid: 0
2026-06-06 14:25:47.591  1388-1606  NullBinder              com.google.android.gms.persistent    I  NullBinder for android.net.action.RECOMMEND_NETWORKS triggering remote TransactionTooLargeException due to Service without Chimera impl, calling uid: 1000, calling pid: 0
2026-06-06 14:25:50.607  1388-2333  NullBinder              com.google.android.gms.persistent    I  NullBinder for android.net.action.RECOMMEND_NETWORKS triggering remote TransactionTooLargeException due to Service without Chimera impl, calling uid: 1000, calling pid: 0
2026-06-06 14:26:17.724  1388-18457 NullBinder              com.google.android.gms.persistent    I  NullBinder for android.net.action.RECOMMEND_NETWORKS triggering remote TransactionTooLargeException due to Service without Chimera impl, calling uid: 1000, calling pid: 0
2026-06-06 14:26:23.759  1388-1882  NullBinder              com.google.android.gms.persistent    I  NullBinder for android.net.action.RECOMMEND_NETWORKS triggering remote TransactionTooLargeException due to Service without Chimera impl, calling uid: 1000, calling pid: 0
2026-06-06 14:27:08.970  1388-18457 NullBinder              com.google.android.gms.persistent    I  NullBinder for android.net.action.RECOMMEND_NETWORKS triggering remote TransactionTooLargeException due to Service without Chimera impl, calling uid: 1000, calling pid: 0
2026-06-06 14:27:11.992  1388-1606  NullBinder              com.google.android.gms.persistent    I  NullBinder for android.net.action.RECOMMEND_NETWORKS triggering remote TransactionTooLargeException due to Service without Chimera impl, calling uid: 1000, calling pid: 0
2026-06-06 14:27:15.050  1388-1606  NullBinder              com.google.android.gms.persistent    I  NullBinder for android.net.action.RECOMMEND_NETWORKS triggering remote TransactionTooLargeException due to Service without Chimera impl, calling uid: 1000, calling pid: 0
2026-06-06 14:27:15.922 18078-9347  adservices              com...ooglequicksearchbox:googleapp  E  RemoteException: android.os.DeadObjectException: Transaction failed on small parcel; remote process probably died, but this could also be caused by running out of binder buffer space
2026-06-06 14:27:18.759 18078-9325  cr_AwSupervisedUserDel  com...ooglequicksearchbox:googleapp  E  Unable to determine if restricted content blocking is required. Exception: java.util.concurrent.TimeoutException
2026-06-06 14:27:21.048  1388-1882  NullBinder              com.google.android.gms.persistent    I  NullBinder for android.net.action.RECOMMEND_NETWORKS triggering remote TransactionTooLargeException due to Service without Chimera impl, calling uid: 1000, calling pid: 0
2026-06-06 14:27:22.892  1388-9196  FlagUpdateListenerRegis com.google.android.gms.persistent    W  Unable to invoke IFlagUpdateListener.onFlagUpdate. App: com.google.android.googlequicksearchbox. Process: com.google.android.googlequicksearchbox:googleapp|33881314. Error: android.os.DeadObjectException. [CONTEXT service_id=51 ]
2026-06-06 14:27:22.940  1388-9196  FlagUpdateListenerRegis com.google.android.gms.persistent    W  Unable to invoke IFlagUpdateListener.onFlagUpdate. App: com.google.android.gms. Process: com.google.android.gms|183037931. Error: android.os.DeadObjectException. [CONTEXT service_id=51 ]
2026-06-06 14:27:22.948  1388-9196  FlagUpdateListenerRegis com.google.android.gms.persistent    W  Unable to invoke IFlagUpdateListener.onFlagUpdate. App: com.google.android.gms. Process: com.google.android.gms|104959327. Error: android.os.DeadObjectException. [CONTEXT service_id=51 ]
2026-06-06 14:27:22.958  1388-9196  FlagUpdateListenerRegis com.google.android.gms.persistent    W  Unable to invoke IFlagUpdateListener.onFlagUpdate. App: com.google.android.gms. Process: com.google.android.gms|252638542. Error: android.os.DeadObjectException. [CONTEXT service_id=51 ]
2026-06-06 14:27:22.959  1388-9196  FlagUpdateListenerRegis com.google.android.gms.persistent    W  Unable to invoke IFlagUpdateListener.onFlagUpdate. App: com.google.android.gms. Process: com.google.android.gms|192805159. Error: android.os.DeadObjectException. [CONTEXT service_id=51 ]
2026-06-06 14:27:22.963  1388-9196  FlagUpdateListenerRegis com.google.android.gms.persistent    W  Unable to invoke IFlagUpdateListener.onFlagUpdate. App: com.google.android.gms. Process: com.google.android.gms|106215470. Error: android.os.DeadObjectException. [CONTEXT service_id=51 ]
2026-06-06 14:27:24.052  1388-18457 NullBinder              com.google.android.gms.persistent    I  NullBinder for android.net.action.RECOMMEND_NETWORKS triggering remote TransactionTooLargeException due to Service without Chimera impl, calling uid: 1000, calling pid: 0
2026-06-06 14:27:27.065  1388-2335  NullBinder              com.google.android.gms.persistent    I  NullBinder for android.net.action.RECOMMEND_NETWORKS triggering remote TransactionTooLargeException due to Service without Chimera impl, calling uid: 1000, calling pid: 0
2026-06-06 14:27:30.087  1388-2333  NullBinder              com.google.android.gms.persistent    I  NullBinder for android.net.action.RECOMMEND_NETWORKS triggering remote TransactionTooLargeException due to Service without Chimera impl, calling uid: 1000, calling pid: 0
2026-06-06 14:27:54.183  1388-18457 NullBinder              com.google.android.gms.persistent    I  NullBinder for android.net.action.RECOMMEND_NETWORKS triggering remote TransactionTooLargeException due to Service without Chimera impl, calling uid: 1000, calling pid: 0
2026-06-06 14:28:18.278  1388-2333  NullBinder              com.google.android.gms.persistent    I  NullBinder for android.net.action.RECOMMEND_NETWORKS triggering remote TransactionTooLargeException due to Service without Chimera impl, calling uid: 1000, calling pid: 0
2026-06-06 14:31:31.142  1388-1880  NullBinder              com.google.android.gms.persistent    I  NullBinder for android.net.action.RECOMMEND_NETWORKS triggering remote TransactionTooLargeException due to Service without Chimera impl, calling uid: 1000, calling pid: 0
2026-06-06 14:31:37.183  1388-2335  NullBinder              com.google.android.gms.persistent    I  NullBinder for android.net.action.RECOMMEND_NETWORKS triggering remote TransactionTooLargeException due to Service without Chimera impl, calling uid: 1000, calling pid: 0
2026-06-06 14:32:28.424  1388-18457 NullBinder              com.google.android.gms.persistent    I  NullBinder for android.net.action.RECOMMEND_NETWORKS triggering remote TransactionTooLargeException due to Service without Chimera impl, calling uid: 1000, calling pid: 0
2026-06-06 14:32:55.562  1388-1880  NullBinder              com.google.android.gms.persistent    I  NullBinder for android.net.action.RECOMMEND_NETWORKS triggering remote TransactionTooLargeException due to Service without Chimera impl, calling uid: 1000, calling pid: 0
2026-06-06 14:34:16.902  1388-2335  NullBinder              com.google.android.gms.persistent    I  NullBinder for android.net.action.RECOMMEND_NETWORKS triggering remote TransactionTooLargeException due to Service without Chimera impl, calling uid: 1000, calling pid: 0
2026-06-06 14:34:44.001  1388-1880  NullBinder              com.google.android.gms.persistent    I  NullBinder for android.net.action.RECOMMEND_NETWORKS triggering remote TransactionTooLargeException due to Service without Chimera impl, calling uid: 1000, calling pid: 0
2026-06-06 14:35:11.138  1388-1763  NullBinder              com.google.android.gms.persistent    I  NullBinder for android.net.action.RECOMMEND_NETWORKS triggering remote TransactionTooLargeException due to Service without Chimera impl, calling uid: 1000, calling pid: 0
2026-06-06 14:37:50.810  1388-2335  NullBinder              com.google.android.gms.persistent    I  NullBinder for android.net.action.RECOMMEND_NETWORKS triggering remote TransactionTooLargeException due to Service without Chimera impl, calling uid: 1000, calling pid: 0
2026-06-06 14:38:14.951  1388-1404  NullBinder              com.google.android.gms.persistent    I  NullBinder for android.net.action.RECOMMEND_NETWORKS triggering remote TransactionTooLargeException due to Service without Chimera impl, calling uid: 1000, calling pid: 0
2026-06-06 14:38:42.061  1388-2333  NullBinder              com.google.android.gms.persistent    I  NullBinder for android.net.action.RECOMMEND_NETWORKS triggering remote TransactionTooLargeException due to Service without Chimera impl, calling uid: 1000, calling pid: 0
2026-06-06 14:39:09.172  1388-1404  NullBinder              com.google.android.gms.persistent    I  NullBinder for android.net.action.RECOMMEND_NETWORKS triggering remote TransactionTooLargeException due to Service without Chimera impl, calling uid: 1000, calling pid: 0
2026-06-06 14:39:36.307  1388-1404  NullBinder              com.google.android.gms.persistent    I  NullBinder for android.net.action.RECOMMEND_NETWORKS triggering remote TransactionTooLargeException due to Service without Chimera impl, calling uid: 1000, calling pid: 0
2026-06-06 14:39:51.372  1388-1763  NullBinder              com.google.android.gms.persistent    I  NullBinder for android.net.action.RECOMMEND_NETWORKS triggering remote TransactionTooLargeException due to Service without Chimera impl, calling uid: 1000, calling pid: 0
2026-06-06 14:40:57.681  1388-2333  NullBinder              com.google.android.gms.persistent    I  NullBinder for android.net.action.RECOMMEND_NETWORKS triggering remote TransactionTooLargeException due to Service without Chimera impl, calling uid: 1000, calling pid: 0
2026-06-06 14:41:18.780  1388-2333  NullBinder              com.google.android.gms.persistent    I  NullBinder for android.net.action.RECOMMEND_NETWORKS triggering remote TransactionTooLargeException due to Service without Chimera impl, calling uid: 1000, calling pid: 0
2026-06-06 14:41:48.897  1388-1763  NullBinder              com.google.android.gms.persistent    I  NullBinder for android.net.action.RECOMMEND_NETWORKS triggering remote TransactionTooLargeException due to Service without Chimera impl, calling uid: 1000, calling pid: 0
2026-06-06 14:43:10.262  1388-2335  NullBinder              com.google.android.gms.persistent    I  NullBinder for android.net.action.RECOMMEND_NETWORKS triggering remote TransactionTooLargeException due to Service without Chimera impl, calling uid: 1000, calling pid: 0
2026-06-06 14:43:37.368  1388-1763  NullBinder              com.google.android.gms.persistent    I  NullBinder for android.net.action.RECOMMEND_NETWORKS triggering remote TransactionTooLargeException due to Service without Chimera impl, calling uid: 1000, calling pid: 0
2026-06-06 14:44:58.727  1388-18457 NullBinder              com.google.android.gms.persistent    I  NullBinder for android.net.action.RECOMMEND_NETWORKS triggering remote TransactionTooLargeException due to Service without Chimera impl, calling uid: 1000, calling pid: 0
2026-06-06 14:45:22.823  1388-1763  NullBinder              com.google.android.gms.persistent    I  NullBinder for android.net.action.RECOMMEND_NETWORKS triggering remote TransactionTooLargeException due to Service without Chimera impl, calling uid: 1000, calling pid: 0
2026-06-06 14:46:44.211  1388-18457 NullBinder              com.google.android.gms.persistent    I  NullBinder for android.net.action.RECOMMEND_NETWORKS triggering remote TransactionTooLargeException due to Service without Chimera impl, calling uid: 1000, calling pid: 0
2026-06-06 14:47:08.305  1388-1763  NullBinder              com.google.android.gms.persistent    I  NullBinder for android.net.action.RECOMMEND_NETWORKS triggering remote TransactionTooLargeException due to Service without Chimera impl, calling uid: 1000, calling pid: 0
2026-06-06 14:53:48.215   728-2170  BinderNative            system_server                        W  Uncaught exception from death notification (Fix with AI)
                                                                                                    java.lang.SecurityException: Specified package "com.google.android.googlequicksearchbox" under uid 1000 but it is not
                                                                                                    	at com.android.server.appop.AppOpsService.verifyAndGetBypass(AppOpsService.java:5170)
                                                                                                    	at com.android.server.appop.AppOpsService.verifyAndGetBypass(AppOpsService.java:5016)
                                                                                                    	at com.android.server.appop.AppOpsService.verifyAndGetBypass(AppOpsService.java:5005)
                                                                                                    	at com.android.server.appop.AppOpsService.stopWatchingAsyncNoted(AppOpsService.java:3856)
                                                                                                    	at com.android.server.appop.AppOpsService.lambda$startWatchingAsyncNoted$8(AppOpsService.java:3832)
                                                                                                    	at com.android.server.appop.AppOpsService.$r8$lambda$8-LvphSu5hQo1Pm8R22O3seI00E(AppOpsService.java:0)
                                                                                                    	at com.android.server.appop.AppOpsService$$ExternalSyntheticLambda2.onInterfaceDied(R8$$SyntheticClass:0)
                                                                                                    	at android.os.RemoteCallbackList$Builder$1.onCallbackDied(RemoteCallbackList.java:337)
                                                                                                    	at android.os.RemoteCallbackList$Interface.binderDied(RemoteCallbackList.java:229)
                                                                                                    	at android.os.IBinder$DeathRecipient.binderDied(IBinder.java:341)
                                                                                                    	at android.os.BinderProxy.sendDeathNotice(BinderProxy.java:850)
2026-06-06 14:53:52.021  1388-1880  NullBinder              com.google.android.gms.persistent    I  NullBinder for android.net.action.RECOMMEND_NETWORKS triggering remote TransactionTooLargeException due to Service without Chimera impl, calling uid: 1000, calling pid: 0
2026-06-06 14:54:07.087  1388-2333  NullBinder              com.google.android.gms.persistent    I  NullBinder for android.net.action.RECOMMEND_NETWORKS triggering remote TransactionTooLargeException due to Service without Chimera impl, calling uid: 1000, calling pid: 0
2026-06-06 14:55:58.524  1388-1404  NullBinder              com.google.android.gms.persistent    I  NullBinder for android.net.action.RECOMMEND_NETWORKS triggering remote TransactionTooLargeException due to Service without Chimera impl, calling uid: 1000, calling pid: 0
2026-06-06 14:56:04.570  1388-2333  NullBinder              com.google.android.gms.persistent    I  NullBinder for android.net.action.RECOMMEND_NETWORKS triggering remote TransactionTooLargeException due to Service without Chimera impl, calling uid: 1000, calling pid: 0
2026-06-06 14:56:31.701  1388-1404  NullBinder              com.google.android.gms.persistent    I  NullBinder for android.net.action.RECOMMEND_NETWORKS triggering remote TransactionTooLargeException due to Service without Chimera impl, calling uid: 1000, calling pid: 0
2026-06-06 14:56:58.857  1388-15320 NullBinder              com.google.android.gms.persistent    I  NullBinder for android.net.action.RECOMMEND_NETWORKS triggering remote TransactionTooLargeException due to Service without Chimera impl, calling uid: 1000, calling pid: 0
2026-06-06 15:01:24.048  1388-15320 NullBinder              com.google.android.gms.persistent    I  NullBinder for android.net.action.RECOMMEND_NETWORKS triggering remote TransactionTooLargeException due to Service without Chimera impl, calling uid: 1000, calling pid: 0
2026-06-06 15:01:51.152  1388-2333  NullBinder              com.google.android.gms.persistent    I  NullBinder for android.net.action.RECOMMEND_NETWORKS triggering remote TransactionTooLargeException due to Service without Chimera impl, calling uid: 1000, calling pid: 0
2026-06-06 15:07:10.560  1388-18457 NullBinder              com.google.android.gms.persistent    I  NullBinder for android.net.action.RECOMMEND_NETWORKS triggering remote TransactionTooLargeException due to Service without Chimera impl, calling uid: 1000, calling pid: 0
2026-06-06 15:07:34.675  1388-1880  NullBinder              com.google.android.gms.persistent    I  NullBinder for android.net.action.RECOMMEND_NETWORKS triggering remote TransactionTooLargeException due to Service without Chimera impl, calling uid: 1000, calling pid: 0
2026-06-06 15:08:43.995  1388-1763  NullBinder              com.google.android.gms.persistent    I  NullBinder for android.net.action.RECOMMEND_NETWORKS triggering remote TransactionTooLargeException due to Service without Chimera impl, calling uid: 1000, calling pid: 0
2026-06-06 15:08:56.052  1388-1606  NullBinder              com.google.android.gms.persistent    I  NullBinder for android.net.action.RECOMMEND_NETWORKS triggering remote TransactionTooLargeException due to Service without Chimera impl, calling uid: 1000, calling pid: 0
2026-06-06 15:09:20.151  1388-1880  NullBinder              com.google.android.gms.persistent    I  NullBinder for android.net.action.RECOMMEND_NETWORKS triggering remote TransactionTooLargeException due to Service without Chimera impl, calling uid: 1000, calling pid: 0
2026-06-06 15:12:30.049  1388-1606  NullBinder              com.google.android.gms.persistent    I  NullBinder for android.net.action.RECOMMEND_NETWORKS triggering remote TransactionTooLargeException due to Service without Chimera impl, calling uid: 1000, calling pid: 0
2026-06-06 15:12:54.166  1388-15320 NullBinder              com.google.android.gms.persistent    I  NullBinder for android.net.action.RECOMMEND_NETWORKS triggering remote TransactionTooLargeException due to Service without Chimera impl, calling uid: 1000, calling pid: 0
2026-06-06 15:13:48.461  1388-1606  NullBinder              com.google.android.gms.persistent    I  NullBinder for android.net.action.RECOMMEND_NETWORKS triggering remote TransactionTooLargeException due to Service without Chimera impl, calling uid: 1000, calling pid: 0
2026-06-06 15:14:15.606  1388-1404  NullBinder              com.google.android.gms.persistent    I  NullBinder for android.net.action.RECOMMEND_NETWORKS triggering remote TransactionTooLargeException due to Service without Chimera impl, calling uid: 1000, calling pid: 0
2026-06-06 15:14:42.712  1388-2333  NullBinder              com.google.android.gms.persistent    I  NullBinder for android.net.action.RECOMMEND_NETWORKS triggering remote TransactionTooLargeException due to Service without Chimera impl, calling uid: 1000, calling pid: 0
2026-06-06 15:15:06.809  1388-2333  NullBinder              com.google.android.gms.persistent    I  NullBinder for android.net.action.RECOMMEND_NETWORKS triggering remote TransactionTooLargeException due to Service without Chimera impl, calling uid: 1000, calling pid: 0
2026-06-06 15:16:28.212  1388-1404  NullBinder              com.google.android.gms.persistent    I  NullBinder for android.net.action.RECOMMEND_NETWORKS triggering remote TransactionTooLargeException due to Service without Chimera impl, calling uid: 1000, calling pid: 0
2026-06-06 15:16:31.228  1388-15320 NullBinder              com.google.android.gms.persistent    I  NullBinder for android.net.action.RECOMMEND_NETWORKS triggering remote TransactionTooLargeException due to Service without Chimera impl, calling uid: 1000, calling pid: 0
2026-06-06 15:17:46.567  1388-18457 NullBinder              com.google.android.gms.persistent    I  NullBinder for android.net.action.RECOMMEND_NETWORKS triggering remote TransactionTooLargeException due to Service without Chimera impl, calling uid: 1000, calling pid: 0
2026-06-06 15:18:13.677  1388-1404  NullBinder              com.google.android.gms.persistent    I  NullBinder for android.net.action.RECOMMEND_NETWORKS triggering remote TransactionTooLargeException due to Service without Chimera impl, calling uid: 1000, calling pid: 0
2026-06-06 15:20:22.152 18078-18078 GmsClientSupervisor     com...ooglequicksearchbox:googleapp  E  Timeout waiting for ServiceConnection callback com.google.android.gms.safetynet.service.START (Fix with AI)
                                                                                                    java.lang.Exception
                                                                                                    	at WV.rt0.handleMessage(chromium-SystemWebViewGoogle6432.aab-stable-777821508:50)
                                                                                                    	at android.os.Handler.dispatchMessageImpl(Handler.java:138)
                                                                                                    	at android.os.Handler.dispatchMessage(Handler.java:125)
                                                                                                    	at android.os.Looper.loopOnce(Looper.java:296)
                                                                                                    	at android.os.Looper.loop(Looper.java:397)
                                                                                                    	at android.app.ActivityThread.main(ActivityThread.java:9523)
                                                                                                    	at java.lang.reflect.Method.invoke(Native Method)
                                                                                                    	at com.android.internal.os.RuntimeInit$MethodAndArgsCaller.run(RuntimeInit.java:575)
                                                                                                    	at com.android.internal.os.ZygoteInit.main(ZygoteInit.java:939)
2026-06-06 15:20:22.155 18078-18078 GmsClientSupervisor     com...ooglequicksearchbox:googleapp  E  Timeout waiting for ServiceConnection callback com.google.android.gms.safebrowsing.SafeBrowsingService.START (Fix with AI)
                                                                                                    java.lang.Exception
                                                                                                    	at WV.rt0.handleMessage(chromium-SystemWebViewGoogle6432.aab-stable-777821508:50)
                                                                                                    	at android.os.Handler.dispatchMessageImpl(Handler.java:138)
                                                                                                    	at android.os.Handler.dispatchMessage(Handler.java:125)
                                                                                                    	at android.os.Looper.loopOnce(Looper.java:296)
                                                                                                    	at android.os.Looper.loop(Looper.java:397)
                                                                                                    	at android.app.ActivityThread.main(ActivityThread.java:9523)
                                                                                                    	at java.lang.reflect.Method.invoke(Native Method)
                                                                                                    	at com.android.internal.os.RuntimeInit$MethodAndArgsCaller.run(RuntimeInit.java:575)
                                                                                                    	at com.android.internal.os.ZygoteInit.main(ZygoteInit.java:939)
2026-06-06 15:20:22.270   728-2156  BinderNative            system_server                        W  Uncaught exception from death notification (Fix with AI)
                                                                                                    java.lang.SecurityException: Specified package "com.google.android.googlequicksearchbox" under uid 1000 but it is not
                                                                                                    	at com.android.server.appop.AppOpsService.verifyAndGetBypass(AppOpsService.java:5170)
                                                                                                    	at com.android.server.appop.AppOpsService.verifyAndGetBypass(AppOpsService.java:5016)
                                                                                                    	at com.android.server.appop.AppOpsService.verifyAndGetBypass(AppOpsService.java:5005)
                                                                                                    	at com.android.server.appop.AppOpsService.stopWatchingAsyncNoted(AppOpsService.java:3856)
                                                                                                    	at com.android.server.appop.AppOpsService.lambda$startWatchingAsyncNoted$8(AppOpsService.java:3832)
                                                                                                    	at com.android.server.appop.AppOpsService.$r8$lambda$8-LvphSu5hQo1Pm8R22O3seI00E(AppOpsService.java:0)
                                                                                                    	at com.android.server.appop.AppOpsService$$ExternalSyntheticLambda2.onInterfaceDied(R8$$SyntheticClass:0)
                                                                                                    	at android.os.RemoteCallbackList$Builder$1.onCallbackDied(RemoteCallbackList.java:337)
                                                                                                    	at android.os.RemoteCallbackList$Interface.binderDied(RemoteCallbackList.java:229)
                                                                                                    	at android.os.IBinder$DeathRecipient.binderDied(IBinder.java:341)
                                                                                                    	at android.os.BinderProxy.sendDeathNotice(BinderProxy.java:850)
2026-06-06 15:20:22.279 11118-11143 WM-ListenableWorkerImpl com...d.googlequicksearchbox:search  E  Unable to execute (Fix with AI)
                                                                                                    java.lang.RuntimeException: Binder died
                                                                                                    	at otj.binderDied(PG:5)
                                                                                                    	at android.os.IBinder$DeathRecipient.binderDied(IBinder.java:341)
                                                                                                    	at android.os.BinderProxy.sendDeathNotice(BinderProxy.java:850)
2026-06-06 15:20:22.290 11118-11143 WM-WorkerWrapper        com...d.googlequicksearchbox:search  E  Work [ id=544bbc53-3ebf-4d55-8b2d-8c2955fcb09f, tags={ com.google.apps.tiktok.contrib.work.TikTokListenableWorker,com.google.apps.tiktok.sync.impl.workmanager.SyncPeriodicWorker_proc<googleapp>,sync_constraint:none,TikTokWorker#com.google.apps.tiktok.sync.impl.workmanager.SyncPeriodicWorker } ] failed because it threw an exception/error (Fix with AI)
                                                                                                    java.lang.RuntimeException: Binder died
                                                                                                    	at otj.binderDied(PG:5)
                                                                                                    	at android.os.IBinder$DeathRecipient.binderDied(IBinder.java:341)
                                                                                                    	at android.os.BinderProxy.sendDeathNotice(BinderProxy.java:850)
2026-06-06 15:20:23.265  1388-15320 NullBinder              com.google.android.gms.persistent    I  NullBinder for android.net.action.RECOMMEND_NETWORKS triggering remote TransactionTooLargeException due to Service without Chimera impl, calling uid: 1000, calling pid: 0
2026-06-06 15:20:26.278  1388-18457 NullBinder              com.google.android.gms.persistent    I  NullBinder for android.net.action.RECOMMEND_NETWORKS triggering remote TransactionTooLargeException due to Service without Chimera impl, calling uid: 1000, calling pid: 0
2026-06-06 15:20:53.388  1388-15320 NullBinder              com.google.android.gms.persistent    I  NullBinder for android.net.action.RECOMMEND_NETWORKS triggering remote TransactionTooLargeException due to Service without Chimera impl, calling uid: 1000, calling pid: 0
2026-06-06 15:21:11.474  1388-15320 NullBinder              com.google.android.gms.persistent    I  NullBinder for android.net.action.RECOMMEND_NETWORKS triggering remote TransactionTooLargeException due to Service without Chimera impl, calling uid: 1000, calling pid: 0
2026-06-06 15:21:20.515  1388-15320 NullBinder              com.google.android.gms.persistent    I  NullBinder for android.net.action.RECOMMEND_NETWORKS triggering remote TransactionTooLargeException due to Service without Chimera impl, calling uid: 1000, calling pid: 0
2026-06-06 15:21:47.622  1388-2333  NullBinder              com.google.android.gms.persistent    I  NullBinder for android.net.action.RECOMMEND_NETWORKS triggering remote TransactionTooLargeException due to Service without Chimera impl, calling uid: 1000, calling pid: 0
2026-06-06 15:22:17.776  1388-1763  NullBinder              com.google.android.gms.persistent    I  NullBinder for android.net.action.RECOMMEND_NETWORKS triggering remote TransactionTooLargeException due to Service without Chimera impl, calling uid: 1000, calling pid: 0
2026-06-06 15:22:26.795  1388-2333  NullBinder              com.google.android.gms.persistent    I  NullBinder for android.net.action.RECOMMEND_NETWORKS triggering remote TransactionTooLargeException due to Service without Chimera impl, calling uid: 1000, calling pid: 0
2026-06-06 15:22:29.827  1388-2333  NullBinder              com.google.android.gms.persistent    I  NullBinder for android.net.action.RECOMMEND_NETWORKS triggering remote TransactionTooLargeException due to Service without Chimera impl, calling uid: 1000, calling pid: 0
2026-06-06 15:22:35.863  1388-2333  NullBinder              com.google.android.gms.persistent    I  NullBinder for android.net.action.RECOMMEND_NETWORKS triggering remote TransactionTooLargeException due to Service without Chimera impl, calling uid: 1000, calling pid: 0
2026-06-06 15:22:41.916  1388-1880  NullBinder              com.google.android.gms.persistent    I  NullBinder for android.net.action.RECOMMEND_NETWORKS triggering remote TransactionTooLargeException due to Service without Chimera impl, calling uid: 1000, calling pid: 0
2026-06-06 15:23:09.020  1388-15320 NullBinder              com.google.android.gms.persistent    I  NullBinder for android.net.action.RECOMMEND_NETWORKS triggering remote TransactionTooLargeException due to Service without Chimera impl, calling uid: 1000, calling pid: 0
2026-06-06 15:24:57.479  1388-1404  NullBinder              com.google.android.gms.persistent    I  NullBinder for android.net.action.RECOMMEND_NETWORKS triggering remote TransactionTooLargeException due to Service without Chimera impl, calling uid: 1000, calling pid: 0
2026-06-06 15:25:21.586  1388-15320 NullBinder              com.google.android.gms.persistent    I  NullBinder for android.net.action.RECOMMEND_NETWORKS triggering remote TransactionTooLargeException due to Service without Chimera impl, calling uid: 1000, calling pid: 0
2026-06-06 15:25:48.715  1388-1606  NullBinder              com.google.android.gms.persistent    I  NullBinder for android.net.action.RECOMMEND_NETWORKS triggering remote TransactionTooLargeException due to Service without Chimera impl, calling uid: 1000, calling pid: 0
2026-06-06 15:26:09.804  1388-1606  NullBinder              com.google.android.gms.persistent    I  NullBinder for android.net.action.RECOMMEND_NETWORKS triggering remote TransactionTooLargeException due to Service without Chimera impl, calling uid: 1000, calling pid: 0
2026-06-06 15:26:15.836  1388-1606  NullBinder              com.google.android.gms.persistent    I  NullBinder for android.net.action.RECOMMEND_NETWORKS triggering remote TransactionTooLargeException due to Service without Chimera impl, calling uid: 1000, calling pid: 0
2026-06-06 15:27:10.064  1388-1606  NullBinder              com.google.android.gms.persistent    I  NullBinder for android.net.action.RECOMMEND_NETWORKS triggering remote TransactionTooLargeException due to Service without Chimera impl, calling uid: 1000, calling pid: 0
2026-06-06 15:27:16.104  1388-1880  NullBinder              com.google.android.gms.persistent    I  NullBinder for android.net.action.RECOMMEND_NETWORKS triggering remote TransactionTooLargeException due to Service without Chimera impl, calling uid: 1000, calling pid: 0
2026-06-06 15:27:22.140  1388-2335  NullBinder              com.google.android.gms.persistent    I  NullBinder for android.net.action.RECOMMEND_NETWORKS triggering remote TransactionTooLargeException due to Service without Chimera impl, calling uid: 1000, calling pid: 0
2026-06-06 15:27:37.211  1388-15320 NullBinder              com.google.android.gms.persistent    I  NullBinder for android.net.action.RECOMMEND_NETWORKS triggering remote TransactionTooLargeException due to Service without Chimera impl, calling uid: 1000, calling pid: 0
2026-06-06 15:28:01.339  1388-1880  NullBinder              com.google.android.gms.persistent    I  NullBinder for android.net.action.RECOMMEND_NETWORKS triggering remote TransactionTooLargeException due to Service without Chimera impl, calling uid: 1000, calling pid: 0
2026-06-06 15:28:55.583  1388-2335  NullBinder              com.google.android.gms.persistent    I  NullBinder for android.net.action.RECOMMEND_NETWORKS triggering remote TransactionTooLargeException due to Service without Chimera impl, calling uid: 1000, calling pid: 0
2026-06-06 15:29:22.702  1388-15320 NullBinder              com.google.android.gms.persistent    I  NullBinder for android.net.action.RECOMMEND_NETWORKS triggering remote TransactionTooLargeException due to Service without Chimera impl, calling uid: 1000, calling pid: 0
2026-06-06 15:31:11.290  1388-15320 NullBinder              com.google.android.gms.persistent    I  NullBinder for android.net.action.RECOMMEND_NETWORKS triggering remote TransactionTooLargeException due to Service without Chimera impl, calling uid: 1000, calling pid: 0
2026-06-06 15:31:20.332  1388-2333  NullBinder              com.google.android.gms.persistent    I  NullBinder for android.net.action.RECOMMEND_NETWORKS triggering remote TransactionTooLargeException due to Service without Chimera impl, calling uid: 1000, calling pid: 0
2026-06-06 15:35:36.501  1388-1606  NullBinder              com.google.android.gms.persistent    I  NullBinder for android.net.action.RECOMMEND_NETWORKS triggering remote TransactionTooLargeException due to Service without Chimera impl, calling uid: 1000, calling pid: 0
2026-06-06 15:36:03.618  1388-1606  NullBinder              com.google.android.gms.persistent    I  NullBinder for android.net.action.RECOMMEND_NETWORKS triggering remote TransactionTooLargeException due to Service without Chimera impl, calling uid: 1000, calling pid: 0
2026-06-06 15:36:30.752  1388-6384  NullBinder              com.google.android.gms.persistent    I  NullBinder for android.net.action.RECOMMEND_NETWORKS triggering remote TransactionTooLargeException due to Service without Chimera impl, calling uid: 1000, calling pid: 0
2026-06-06 15:36:54.857  1388-1404  NullBinder              com.google.android.gms.persistent    I  NullBinder for android.net.action.RECOMMEND_NETWORKS triggering remote TransactionTooLargeException due to Service without Chimera impl, calling uid: 1000, calling pid: 0
2026-06-06 15:37:49.112  1388-1763  NullBinder              com.google.android.gms.persistent    I  NullBinder for android.net.action.RECOMMEND_NETWORKS triggering remote TransactionTooLargeException due to Service without Chimera impl, calling uid: 1000, calling pid: 0
2026-06-06 15:38:16.239  1388-1763  NullBinder              com.google.android.gms.persistent    I  NullBinder for android.net.action.RECOMMEND_NETWORKS triggering remote TransactionTooLargeException due to Service without Chimera impl, calling uid: 1000, calling pid: 0
2026-06-06 15:40:28.797  1388-1880  NullBinder              com.google.android.gms.persistent    I  NullBinder for android.net.action.RECOMMEND_NETWORKS triggering remote TransactionTooLargeException due to Service without Chimera impl, calling uid: 1000, calling pid: 0
2026-06-06 15:40:55.931  1388-1763  NullBinder              com.google.android.gms.persistent    I  NullBinder for android.net.action.RECOMMEND_NETWORKS triggering remote TransactionTooLargeException due to Service without Chimera impl, calling uid: 1000, calling pid: 0
2026-06-06 15:41:07.982  1388-1880  NullBinder              com.google.android.gms.persistent    I  NullBinder for android.net.action.RECOMMEND_NETWORKS triggering remote TransactionTooLargeException due to Service without Chimera impl, calling uid: 1000, calling pid: 0
2026-06-06 15:41:23.070  1388-1763  NullBinder              com.google.android.gms.persistent    I  NullBinder for android.net.action.RECOMMEND_NETWORKS triggering remote TransactionTooLargeException due to Service without Chimera impl, calling uid: 1000, calling pid: 0
2026-06-06 15:41:50.202  1388-1763  NullBinder              com.google.android.gms.persistent    I  NullBinder for android.net.action.RECOMMEND_NETWORKS triggering remote TransactionTooLargeException due to Service without Chimera impl, calling uid: 1000, calling pid: 0
2026-06-06 15:44:29.881  1388-18457 NullBinder              com.google.android.gms.persistent    I  NullBinder for android.net.action.RECOMMEND_NETWORKS triggering remote TransactionTooLargeException due to Service without Chimera impl, calling uid: 1000, calling pid: 0
2026-06-06 15:44:57.028  1388-1407  NullBinder              com.google.android.gms.persistent    I  NullBinder for android.net.action.RECOMMEND_NETWORKS triggering remote TransactionTooLargeException due to Service without Chimera impl, calling uid: 1000, calling pid: 0
2026-06-06 15:48:03.845  1388-18457 NullBinder              com.google.android.gms.persistent    I  NullBinder for android.net.action.RECOMMEND_NETWORKS triggering remote TransactionTooLargeException due to Service without Chimera impl, calling uid: 1000, calling pid: 0
2026-06-06 15:48:30.947  1388-1880  NullBinder              com.google.android.gms.persistent    I  NullBinder for android.net.action.RECOMMEND_NETWORKS triggering remote TransactionTooLargeException due to Service without Chimera impl, calling uid: 1000, calling pid: 0
2026-06-06 15:48:58.054  1388-6384  NullBinder              com.google.android.gms.persistent    I  NullBinder for android.net.action.RECOMMEND_NETWORKS triggering remote TransactionTooLargeException due to Service without Chimera impl, calling uid: 1000, calling pid: 0
2026-06-06 15:49:22.169  1388-1880  NullBinder              com.google.android.gms.persistent    I  NullBinder for android.net.action.RECOMMEND_NETWORKS triggering remote TransactionTooLargeException due to Service without Chimera impl, calling uid: 1000, calling pid: 0
2026-06-06 15:50:43.548  1388-1880  NullBinder              com.google.android.gms.persistent    I  NullBinder for android.net.action.RECOMMEND_NETWORKS triggering remote TransactionTooLargeException due to Service without Chimera impl, calling uid: 1000, calling pid: 0
2026-06-06 15:51:04.649  1388-1880  NullBinder              com.google.android.gms.persistent    I  NullBinder for android.net.action.RECOMMEND_NETWORKS triggering remote TransactionTooLargeException due to Service without Chimera impl, calling uid: 1000, calling pid: 0
2026-06-06 15:51:07.671  1388-1882  NullBinder              com.google.android.gms.persistent    I  NullBinder for android.net.action.RECOMMEND_NETWORKS triggering remote TransactionTooLargeException due to Service without Chimera impl, calling uid: 1000, calling pid: 0
2026-06-06 15:51:10.699  1388-1880  NullBinder              com.google.android.gms.persistent    I  NullBinder for android.net.action.RECOMMEND_NETWORKS triggering remote TransactionTooLargeException due to Service without Chimera impl, calling uid: 1000, calling pid: 0
2026-06-06 15:54:14.576  1388-1763  NullBinder              com.google.android.gms.persistent    I  NullBinder for android.net.action.RECOMMEND_NETWORKS triggering remote TransactionTooLargeException due to Service without Chimera impl, calling uid: 1000, calling pid: 0
2026-06-06 15:54:41.735  1388-1882  NullBinder              com.google.android.gms.persistent    I  NullBinder for android.net.action.RECOMMEND_NETWORKS triggering remote TransactionTooLargeException due to Service without Chimera impl, calling uid: 1000, calling pid: 0
2026-06-06 15:55:08.859  1388-1882  NullBinder              com.google.android.gms.persistent    I  NullBinder for android.net.action.RECOMMEND_NETWORKS triggering remote TransactionTooLargeException due to Service without Chimera impl, calling uid: 1000, calling pid: 0
2026-06-06 15:55:32.993  1388-6384  NullBinder              com.google.android.gms.persistent    I  NullBinder for android.net.action.RECOMMEND_NETWORKS triggering remote TransactionTooLargeException due to Service without Chimera impl, calling uid: 1000, calling pid: 0
2026-06-06 15:56:03.110  1388-6384  NullBinder              com.google.android.gms.persistent    I  NullBinder for android.net.action.RECOMMEND_NETWORKS triggering remote TransactionTooLargeException due to Service without Chimera impl, calling uid: 1000, calling pid: 0
2026-06-06 15:56:30.228  1388-1882  NullBinder              com.google.android.gms.persistent    I  NullBinder for android.net.action.RECOMMEND_NETWORKS triggering remote TransactionTooLargeException due to Service without Chimera impl, calling uid: 1000, calling pid: 0
2026-06-06 16:03:10.958  1388-18457 NullBinder              com.google.android.gms.persistent    I  NullBinder for android.net.action.RECOMMEND_NETWORKS triggering remote TransactionTooLargeException due to Service without Chimera impl, calling uid: 1000, calling pid: 0
2026-06-06 16:03:35.054  1388-1763  NullBinder              com.google.android.gms.persistent    I  NullBinder for android.net.action.RECOMMEND_NETWORKS triggering remote TransactionTooLargeException due to Service without Chimera impl, calling uid: 1000, calling pid: 0
2026-06-06 16:04:56.376  1388-18457 NullBinder              com.google.android.gms.persistent    I  NullBinder for android.net.action.RECOMMEND_NETWORKS triggering remote TransactionTooLargeException due to Service without Chimera impl, calling uid: 1000, calling pid: 0
2026-06-06 16:05:23.527  1388-6384  NullBinder              com.google.android.gms.persistent    I  NullBinder for android.net.action.RECOMMEND_NETWORKS triggering remote TransactionTooLargeException due to Service without Chimera impl, calling uid: 1000, calling pid: 0
2026-06-06 16:06:17.807  1388-6384  NullBinder              com.google.android.gms.persistent    I  NullBinder for android.net.action.RECOMMEND_NETWORKS triggering remote TransactionTooLargeException due to Service without Chimera impl, calling uid: 1000, calling pid: 0
2026-06-06 16:06:23.836  1388-1882  NullBinder              com.google.android.gms.persistent    I  NullBinder for android.net.action.RECOMMEND_NETWORKS triggering remote TransactionTooLargeException due to Service without Chimera impl, calling uid: 1000, calling pid: 0
2026-06-06 16:07:33.144  1388-18457 NullBinder              com.google.android.gms.persistent    I  NullBinder for android.net.action.RECOMMEND_NETWORKS triggering remote TransactionTooLargeException due to Service without Chimera impl, calling uid: 1000, calling pid: 0
2026-06-06 16:08:00.261  1388-1882  NullBinder              com.google.android.gms.persistent    I  NullBinder for android.net.action.RECOMMEND_NETWORKS triggering remote TransactionTooLargeException due to Service without Chimera impl, calling uid: 1000, calling pid: 0
2026-06-06 16:09:51.786  1388-1763  NullBinder              com.google.android.gms.persistent    I  NullBinder for android.net.action.RECOMMEND_NETWORKS triggering remote TransactionTooLargeException due to Service without Chimera impl, calling uid: 1000, calling pid: 0
2026-06-06 16:10:12.879  1388-1407  NullBinder              com.google.android.gms.persistent    I  NullBinder for android.net.action.RECOMMEND_NETWORKS triggering remote TransactionTooLargeException due to Service without Chimera impl, calling uid: 1000, calling pid: 0
2026-06-06 16:11:07.128  1388-18457 NullBinder              com.google.android.gms.persistent    I  NullBinder for android.net.action.RECOMMEND_NETWORKS triggering remote TransactionTooLargeException due to Service without Chimera impl, calling uid: 1000, calling pid: 0
2026-06-06 16:11:34.258  1388-2333  NullBinder              com.google.android.gms.persistent    I  NullBinder for android.net.action.RECOMMEND_NETWORKS triggering remote TransactionTooLargeException due to Service without Chimera impl, calling uid: 1000, calling pid: 0
2026-06-06 16:13:46.894  1388-18457 NullBinder              com.google.android.gms.persistent    I  NullBinder for android.net.action.RECOMMEND_NETWORKS triggering remote TransactionTooLargeException due to Service without Chimera impl, calling uid: 1000, calling pid: 0
2026-06-06 16:14:14.032  1388-6384  NullBinder              com.google.android.gms.persistent    I  NullBinder for android.net.action.RECOMMEND_NETWORKS triggering remote TransactionTooLargeException due to Service without Chimera impl, calling uid: 1000, calling pid: 0
2026-06-06 16:14:41.142  1388-1880  NullBinder              com.google.android.gms.persistent    I  NullBinder for android.net.action.RECOMMEND_NETWORKS triggering remote TransactionTooLargeException due to Service without Chimera impl, calling uid: 1000, calling pid: 0
2026-06-06 16:15:08.253  1388-18457 NullBinder              com.google.android.gms.persistent    I  NullBinder for android.net.action.RECOMMEND_NETWORKS triggering remote TransactionTooLargeException due to Service without Chimera impl, calling uid: 1000, calling pid: 0
2026-06-06 16:15:59.449  1388-18457 NullBinder              com.google.android.gms.persistent    I  NullBinder for android.net.action.RECOMMEND_NETWORKS triggering remote TransactionTooLargeException due to Service without Chimera impl, calling uid: 1000, calling pid: 0
2026-06-06 16:16:26.553  1388-1882  NullBinder              com.google.android.gms.persistent    I  NullBinder for android.net.action.RECOMMEND_NETWORKS triggering remote TransactionTooLargeException due to Service without Chimera impl, calling uid: 1000, calling pid: 0
2026-06-06 16:17:47.893  1388-1407  NullBinder              com.google.android.gms.persistent    I  NullBinder for android.net.action.RECOMMEND_NETWORKS triggering remote TransactionTooLargeException due to Service without Chimera impl, calling uid: 1000, calling pid: 0
2026-06-06 16:17:50.928  1388-1882  NullBinder              com.google.android.gms.persistent    I  NullBinder for android.net.action.RECOMMEND_NETWORKS triggering remote TransactionTooLargeException due to Service without Chimera impl, calling uid: 1000, calling pid: 0
2026-06-06 16:20:03.542  1388-2333  NullBinder              com.google.android.gms.persistent    I  NullBinder for android.net.action.RECOMMEND_NETWORKS triggering remote TransactionTooLargeException due to Service without Chimera impl, calling uid: 1000, calling pid: 0
2026-06-06 16:20:30.666  1388-1407  NullBinder              com.google.android.gms.persistent    I  NullBinder for android.net.action.RECOMMEND_NETWORKS triggering remote TransactionTooLargeException due to Service without Chimera impl, calling uid: 1000, calling pid: 0
2026-06-06 16:21:24.883  1388-1404  NullBinder              com.google.android.gms.persistent    I  NullBinder for android.net.action.RECOMMEND_NETWORKS triggering remote TransactionTooLargeException due to Service without Chimera impl, calling uid: 1000, calling pid: 0
2026-06-06 16:22:16.101  1388-1407  NullBinder              com.google.android.gms.persistent    I  NullBinder for android.net.action.RECOMMEND_NETWORKS triggering remote TransactionTooLargeException due to Service without Chimera impl, calling uid: 1000, calling pid: 0
2026-06-06 16:22:43.240  1388-1404  NullBinder              com.google.android.gms.persistent    I  NullBinder for android.net.action.RECOMMEND_NETWORKS triggering remote TransactionTooLargeException due to Service without Chimera impl, calling uid: 1000, calling pid: 0
2026-06-06 16:23:34.476  1388-6384  NullBinder              com.google.android.gms.persistent    I  NullBinder for android.net.action.RECOMMEND_NETWORKS triggering remote TransactionTooLargeException due to Service without Chimera impl, calling uid: 1000, calling pid: 0
2026-06-06 16:24:16.684  1388-18457 NullBinder              com.google.android.gms.persistent    I  NullBinder for android.net.action.RECOMMEND_NETWORKS triggering remote TransactionTooLargeException due to Service without Chimera impl, calling uid: 1000, calling pid: 0
2026-06-06 16:24:22.709  1388-6384  NullBinder              com.google.android.gms.persistent    I  NullBinder for android.net.action.RECOMMEND_NETWORKS triggering remote TransactionTooLargeException due to Service without Chimera impl, calling uid: 1000, calling pid: 0
2026-06-06 16:24:28.744  1388-1407  NullBinder              com.google.android.gms.persistent    I  NullBinder for android.net.action.RECOMMEND_NETWORKS triggering remote TransactionTooLargeException due to Service without Chimera impl, calling uid: 1000, calling pid: 0
2026-06-06 16:25:50.061  1388-2333  NullBinder              com.google.android.gms.persistent    I  NullBinder for android.net.action.RECOMMEND_NETWORKS triggering remote TransactionTooLargeException due to Service without Chimera impl, calling uid: 1000, calling pid: 0
2026-06-06 16:25:59.123  1388-6384  NullBinder              com.google.android.gms.persistent    I  NullBinder for android.net.action.RECOMMEND_NETWORKS triggering remote TransactionTooLargeException due to Service without Chimera impl, calling uid: 1000, calling pid: 0
2026-06-06 16:26:17.203  1388-6384  NullBinder              com.google.android.gms.persistent    I  NullBinder for android.net.action.RECOMMEND_NETWORKS triggering remote TransactionTooLargeException due to Service without Chimera impl, calling uid: 1000, calling pid: 0
2026-06-06 16:26:41.335  1388-1404  NullBinder              com.google.android.gms.persistent    I  NullBinder for android.net.action.RECOMMEND_NETWORKS triggering remote TransactionTooLargeException due to Service without Chimera impl, calling uid: 1000, calling pid: 0
2026-06-06 16:29:05.999  1388-1407  NullBinder              com.google.android.gms.persistent    I  NullBinder for android.net.action.RECOMMEND_NETWORKS triggering remote TransactionTooLargeException due to Service without Chimera impl, calling uid: 1000, calling pid: 0
2026-06-06 16:29:12.044  1388-1763  NullBinder              com.google.android.gms.persistent    I  NullBinder for android.net.action.RECOMMEND_NETWORKS triggering remote TransactionTooLargeException due to Service without Chimera impl, calling uid: 1000, calling pid: 0
2026-06-06 16:29:21.083  1388-1763  NullBinder              com.google.android.gms.persistent    I  NullBinder for android.net.action.RECOMMEND_NETWORKS triggering remote TransactionTooLargeException due to Service without Chimera impl, calling uid: 1000, calling pid: 0
2026-06-06 16:29:45.208  1388-1763  NullBinder              com.google.android.gms.persistent    I  NullBinder for android.net.action.RECOMMEND_NETWORKS triggering remote TransactionTooLargeException due to Service without Chimera impl, calling uid: 1000, calling pid: 0
2026-06-06 16:30:57.575  1388-1763  NullBinder              com.google.android.gms.persistent    I  NullBinder for android.net.action.RECOMMEND_NETWORKS triggering remote TransactionTooLargeException due to Service without Chimera impl, calling uid: 1000, calling pid: 0
2026-06-06 16:31:09.628  1388-18457 NullBinder              com.google.android.gms.persistent    I  NullBinder for android.net.action.RECOMMEND_NETWORKS triggering remote TransactionTooLargeException due to Service without Chimera impl, calling uid: 1000, calling pid: 0
2026-06-06 16:32:00.911  1388-6384  NullBinder              com.google.android.gms.persistent    I  NullBinder for android.net.action.RECOMMEND_NETWORKS triggering remote TransactionTooLargeException due to Service without Chimera impl, calling uid: 1000, calling pid: 0
2026-06-06 16:32:28.031  1388-1407  NullBinder              com.google.android.gms.persistent    I  NullBinder for android.net.action.RECOMMEND_NETWORKS triggering remote TransactionTooLargeException due to Service without Chimera impl, calling uid: 1000, calling pid: 0
2026-06-06 16:34:16.543  1388-1763  NullBinder              com.google.android.gms.persistent    I  NullBinder for android.net.action.RECOMMEND_NETWORKS triggering remote TransactionTooLargeException due to Service without Chimera impl, calling uid: 1000, calling pid: 0
2026-06-06 16:34:43.704  1388-6384  NullBinder              com.google.android.gms.persistent    I  NullBinder for android.net.action.RECOMMEND_NETWORKS triggering remote TransactionTooLargeException due to Service without Chimera impl, calling uid: 1000, calling pid: 0
2026-06-06 16:35:10.867  1388-1763  NullBinder              com.google.android.gms.persistent    I  NullBinder for android.net.action.RECOMMEND_NETWORKS triggering remote TransactionTooLargeException due to Service without Chimera impl, calling uid: 1000, calling pid: 0
2026-06-06 16:35:13.878  1388-1882  NullBinder              com.google.android.gms.persistent    I  NullBinder for android.net.action.RECOMMEND_NETWORKS triggering remote TransactionTooLargeException due to Service without Chimera impl, calling uid: 1000, calling pid: 0
2026-06-06 16:35:56.078  1388-1882  NullBinder              com.google.android.gms.persistent    I  NullBinder for android.net.action.RECOMMEND_NETWORKS triggering remote TransactionTooLargeException due to Service without Chimera impl, calling uid: 1000, calling pid: 0
2026-06-06 16:35:59.097  1388-1763  NullBinder              com.google.android.gms.persistent    I  NullBinder for android.net.action.RECOMMEND_NETWORKS triggering remote TransactionTooLargeException due to Service without Chimera impl, calling uid: 1000, calling pid: 0
2026-06-06 16:36:26.212  1388-18457 NullBinder              com.google.android.gms.persistent    I  NullBinder for android.net.action.RECOMMEND_NETWORKS triggering remote TransactionTooLargeException due to Service without Chimera impl, calling uid: 1000, calling pid: 0
2026-06-06 16:38:44.832  1388-1882  NullBinder              com.google.android.gms.persistent    I  NullBinder for android.net.action.RECOMMEND_NETWORKS triggering remote TransactionTooLargeException due to Service without Chimera impl, calling uid: 1000, calling pid: 0
2026-06-06 16:39:08.958  1388-1606  NullBinder              com.google.android.gms.persistent    I  NullBinder for android.net.action.RECOMMEND_NETWORKS triggering remote TransactionTooLargeException due to Service without Chimera impl, calling uid: 1000, calling pid: 0
2026-06-06 16:39:14.998  1388-1407  NullBinder              com.google.android.gms.persistent    I  NullBinder for android.net.action.RECOMMEND_NETWORKS triggering remote TransactionTooLargeException due to Service without Chimera impl, calling uid: 1000, calling pid: 0
2026-06-06 16:39:18.021  1388-1880  NullBinder              com.google.android.gms.persistent    I  NullBinder for android.net.action.RECOMMEND_NETWORKS triggering remote TransactionTooLargeException due to Service without Chimera impl, calling uid: 1000, calling pid: 0
2026-06-06 16:39:24.057  1388-1606  NullBinder              com.google.android.gms.persistent    I  NullBinder for android.net.action.RECOMMEND_NETWORKS triggering remote TransactionTooLargeException due to Service without Chimera impl, calling uid: 1000, calling pid: 0
2026-06-06 16:39:30.075  1388-1606  NullBinder              com.google.android.gms.persistent    I  NullBinder for android.net.action.RECOMMEND_NETWORKS triggering remote TransactionTooLargeException due to Service without Chimera impl, calling uid: 1000, calling pid: 0
2026-06-06 16:39:33.099  1388-1763  NullBinder              com.google.android.gms.persistent    I  NullBinder for android.net.action.RECOMMEND_NETWORKS triggering remote TransactionTooLargeException due to Service without Chimera impl, calling uid: 1000, calling pid: 0
2026-06-06 16:40:00.233  1388-1606  NullBinder              com.google.android.gms.persistent    I  NullBinder for android.net.action.RECOMMEND_NETWORKS triggering remote TransactionTooLargeException due to Service without Chimera impl, calling uid: 1000, calling pid: 0
2026-06-06 16:40:54.459  1388-1606  NullBinder              com.google.android.gms.persistent    I  NullBinder for android.net.action.RECOMMEND_NETWORKS triggering remote TransactionTooLargeException due to Service without Chimera impl, calling uid: 1000, calling pid: 0
2026-06-06 16:41:21.590  1388-18457 NullBinder              com.google.android.gms.persistent    I  NullBinder for android.net.action.RECOMMEND_NETWORKS triggering remote TransactionTooLargeException due to Service without Chimera impl, calling uid: 1000, calling pid: 0
2026-06-06 16:41:45.727  1388-1404  NullBinder              com.google.android.gms.persistent    I  NullBinder for android.net.action.RECOMMEND_NETWORKS triggering remote TransactionTooLargeException due to Service without Chimera impl, calling uid: 1000, calling pid: 0
2026-06-06 16:44:04.354  1388-18457 NullBinder              com.google.android.gms.persistent    I  NullBinder for android.net.action.RECOMMEND_NETWORKS triggering remote TransactionTooLargeException due to Service without Chimera impl, calling uid: 1000, calling pid: 0
2026-06-06 16:44:28.494  1388-1606  NullBinder              com.google.android.gms.persistent    I  NullBinder for android.net.action.RECOMMEND_NETWORKS triggering remote TransactionTooLargeException due to Service without Chimera impl, calling uid: 1000, calling pid: 0
2026-06-06 16:44:55.617  1388-1606  NullBinder              com.google.android.gms.persistent    I  NullBinder for android.net.action.RECOMMEND_NETWORKS triggering remote TransactionTooLargeException due to Service without Chimera impl, calling uid: 1000, calling pid: 0
2026-06-06 16:45:22.739  1388-1404  NullBinder              com.google.android.gms.persistent    I  NullBinder for android.net.action.RECOMMEND_NETWORKS triggering remote TransactionTooLargeException due to Service without Chimera impl, calling uid: 1000, calling pid: 0
2026-06-06 16:49:50.933  1388-2333  NullBinder              com.google.android.gms.persistent    I  NullBinder for android.net.action.RECOMMEND_NETWORKS triggering remote TransactionTooLargeException due to Service without Chimera impl, calling uid: 1000, calling pid: 0
2026-06-06 16:50:15.060  1388-18457 NullBinder              com.google.android.gms.persistent    I  NullBinder for android.net.action.RECOMMEND_NETWORKS triggering remote TransactionTooLargeException due to Service without Chimera impl, calling uid: 1000, calling pid: 0
2026-06-06 16:53:24.960  1388-18457 NullBinder              com.google.android.gms.persistent    I  NullBinder for android.net.action.RECOMMEND_NETWORKS triggering remote TransactionTooLargeException due to Service without Chimera impl, calling uid: 1000, calling pid: 0
2026-06-06 16:53:49.090  1388-2333  NullBinder              com.google.android.gms.persistent    I  NullBinder for android.net.action.RECOMMEND_NETWORKS triggering remote TransactionTooLargeException due to Service without Chimera impl, calling uid: 1000, calling pid: 0
2026-06-06 16:54:16.226  1388-18457 NullBinder              com.google.android.gms.persistent    I  NullBinder for android.net.action.RECOMMEND_NETWORKS triggering remote TransactionTooLargeException due to Service without Chimera impl, calling uid: 1000, calling pid: 0
2026-06-06 16:54:40.318  1388-2333  NullBinder              com.google.android.gms.persistent    I  NullBinder for android.net.action.RECOMMEND_NETWORKS triggering remote TransactionTooLargeException due to Service without Chimera impl, calling uid: 1000, calling pid: 0
2026-06-06 16:55:49.623  1388-1404  NullBinder              com.google.android.gms.persistent    I  NullBinder for android.net.action.RECOMMEND_NETWORKS triggering remote TransactionTooLargeException due to Service without Chimera impl, calling uid: 1000, calling pid: 0
2026-06-06 16:55:52.648  1388-1763  NullBinder              com.google.android.gms.persistent    I  NullBinder for android.net.action.RECOMMEND_NETWORKS triggering remote TransactionTooLargeException due to Service without Chimera impl, calling uid: 1000, calling pid: 0
2026-06-06 16:56:01.668  1388-1404  NullBinder              com.google.android.gms.persistent    I  NullBinder for android.net.action.RECOMMEND_NETWORKS triggering remote TransactionTooLargeException due to Service without Chimera impl, calling uid: 1000, calling pid: 0
2026-06-06 16:56:25.767  1388-1404  NullBinder              com.google.android.gms.persistent    I  NullBinder for android.net.action.RECOMMEND_NETWORKS triggering remote TransactionTooLargeException due to Service without Chimera impl, calling uid: 1000, calling pid: 0
2026-06-06 17:00:29.824  1388-1606  NullBinder              com.google.android.gms.persistent    I  NullBinder for android.net.action.RECOMMEND_NETWORKS triggering remote TransactionTooLargeException due to Service without Chimera impl, calling uid: 1000, calling pid: 0
2026-06-06 17:00:50.941  1388-2333  NullBinder              com.google.android.gms.persistent    I  NullBinder for android.net.action.RECOMMEND_NETWORKS triggering remote TransactionTooLargeException due to Service without Chimera impl, calling uid: 1000, calling pid: 0
2026-06-06 17:00:56.974  1388-2333  NullBinder              com.google.android.gms.persistent    I  NullBinder for android.net.action.RECOMMEND_NETWORKS triggering remote TransactionTooLargeException due to Service without Chimera impl, calling uid: 1000, calling pid: 0
2026-06-06 17:01:21.105  1388-18457 NullBinder              com.google.android.gms.persistent    I  NullBinder for android.net.action.RECOMMEND_NETWORKS triggering remote TransactionTooLargeException due to Service without Chimera impl, calling uid: 1000, calling pid: 0
2026-06-06 17:02:15.353  1388-18457 NullBinder              com.google.android.gms.persistent    I  NullBinder for android.net.action.RECOMMEND_NETWORKS triggering remote TransactionTooLargeException due to Service without Chimera impl, calling uid: 1000, calling pid: 0
2026-06-06 17:02:42.488  1388-6384  NullBinder              com.google.android.gms.persistent    I  NullBinder for android.net.action.RECOMMEND_NETWORKS triggering remote TransactionTooLargeException due to Service without Chimera impl, calling uid: 1000, calling pid: 0
2026-06-06 17:03:48.809  1388-18457 NullBinder              com.google.android.gms.persistent    I  NullBinder for android.net.action.RECOMMEND_NETWORKS triggering remote TransactionTooLargeException due to Service without Chimera impl, calling uid: 1000, calling pid: 0
2026-06-06 17:04:03.897  1388-2333  NullBinder              com.google.android.gms.persistent    I  NullBinder for android.net.action.RECOMMEND_NETWORKS triggering remote TransactionTooLargeException due to Service without Chimera impl, calling uid: 1000, calling pid: 0
2026-06-06 17:08:25.986  1388-1880  NullBinder              com.google.android.gms.persistent    I  NullBinder for android.net.action.RECOMMEND_NETWORKS triggering remote TransactionTooLargeException due to Service without Chimera impl, calling uid: 1000, calling pid: 0
2026-06-06 17:08:29.012  1388-18457 NullBinder              com.google.android.gms.persistent    I  NullBinder for android.net.action.RECOMMEND_NETWORKS triggering remote TransactionTooLargeException due to Service without Chimera impl, calling uid: 1000, calling pid: 0
2026-06-06 17:10:44.606  1388-18457 NullBinder              com.google.android.gms.persistent    I  NullBinder for android.net.action.RECOMMEND_NETWORKS triggering remote TransactionTooLargeException due to Service without Chimera impl, calling uid: 1000, calling pid: 0
2026-06-06 17:10:47.635  1388-1606  NullBinder              com.google.android.gms.persistent    I  NullBinder for android.net.action.RECOMMEND_NETWORKS triggering remote TransactionTooLargeException due to Service without Chimera impl, calling uid: 1000, calling pid: 0
2026-06-06 17:15:06.785  1388-2333  NullBinder              com.google.android.gms.persistent    I  NullBinder for android.net.action.RECOMMEND_NETWORKS triggering remote TransactionTooLargeException due to Service without Chimera impl, calling uid: 1000, calling pid: 0
2026-06-06 17:15:33.880  1388-1407  NullBinder              com.google.android.gms.persistent    I  NullBinder for android.net.action.RECOMMEND_NETWORKS triggering remote TransactionTooLargeException due to Service without Chimera impl, calling uid: 1000, calling pid: 0
2026-06-06 17:16:01.019  1388-1763  NullBinder              com.google.android.gms.persistent    I  NullBinder for android.net.action.RECOMMEND_NETWORKS triggering remote TransactionTooLargeException due to Service without Chimera impl, calling uid: 1000, calling pid: 0
2026-06-06 17:16:25.138  1388-1606  NullBinder              com.google.android.gms.persistent    I  NullBinder for android.net.action.RECOMMEND_NETWORKS triggering remote TransactionTooLargeException due to Service without Chimera impl, calling uid: 1000, calling pid: 0
2026-06-06 17:16:31.188  1388-1407  NullBinder              com.google.android.gms.persistent    I  NullBinder for android.net.action.RECOMMEND_NETWORKS triggering remote TransactionTooLargeException due to Service without Chimera impl, calling uid: 1000, calling pid: 0
2026-06-06 17:16:55.319  1388-1606  NullBinder              com.google.android.gms.persistent    I  NullBinder for android.net.action.RECOMMEND_NETWORKS triggering remote TransactionTooLargeException due to Service without Chimera impl, calling uid: 1000, calling pid: 0
2026-06-06 17:18:16.666  1388-1763  NullBinder              com.google.android.gms.persistent    I  NullBinder for android.net.action.RECOMMEND_NETWORKS triggering remote TransactionTooLargeException due to Service without Chimera impl, calling uid: 1000, calling pid: 0
2026-06-06 17:18:43.825  1388-15320 NullBinder              com.google.android.gms.persistent    I  NullBinder for android.net.action.RECOMMEND_NETWORKS triggering remote TransactionTooLargeException due to Service without Chimera impl, calling uid: 1000, calling pid: 0
2026-06-06 17:20:44.367  1388-1606  NullBinder              com.google.android.gms.persistent    I  NullBinder for android.net.action.RECOMMEND_NETWORKS triggering remote TransactionTooLargeException due to Service without Chimera impl, calling uid: 1000, calling pid: 0
2026-06-06 17:20:53.417  1388-1404  NullBinder              com.google.android.gms.persistent    I  NullBinder for android.net.action.RECOMMEND_NETWORKS triggering remote TransactionTooLargeException due to Service without Chimera impl, calling uid: 1000, calling pid: 0
2026-06-06 17:20:56.437  1388-1606  NullBinder              com.google.android.gms.persistent    I  NullBinder for android.net.action.RECOMMEND_NETWORKS triggering remote TransactionTooLargeException due to Service without Chimera impl, calling uid: 1000, calling pid: 0
2026-06-06 17:21:20.537  1388-1404  NullBinder              com.google.android.gms.persistent    I  NullBinder for android.net.action.RECOMMEND_NETWORKS triggering remote TransactionTooLargeException due to Service without Chimera impl, calling uid: 1000, calling pid: 0
2026-06-06 17:21:50.699  1388-1763  NullBinder              com.google.android.gms.persistent    I  NullBinder for android.net.action.RECOMMEND_NETWORKS triggering remote TransactionTooLargeException due to Service without Chimera impl, calling uid: 1000, calling pid: 0
2026-06-06 17:22:17.852  1388-1404  NullBinder              com.google.android.gms.persistent    I  NullBinder for android.net.action.RECOMMEND_NETWORKS triggering remote TransactionTooLargeException due to Service without Chimera impl, calling uid: 1000, calling pid: 0
2026-06-06 17:22:44.989  1388-1606  NullBinder              com.google.android.gms.persistent    I  NullBinder for android.net.action.RECOMMEND_NETWORKS triggering remote TransactionTooLargeException due to Service without Chimera impl, calling uid: 1000, calling pid: 0
2026-06-06 17:23:09.099  1388-15320 NullBinder              com.google.android.gms.persistent    I  NullBinder for android.net.action.RECOMMEND_NETWORKS triggering remote TransactionTooLargeException due to Service without Chimera impl, calling uid: 1000, calling pid: 0
2026-06-06 17:24:54.531  1388-15320 NullBinder              com.google.android.gms.persistent    I  NullBinder for android.net.action.RECOMMEND_NETWORKS triggering remote TransactionTooLargeException due to Service without Chimera impl, calling uid: 1000, calling pid: 0
2026-06-06 17:25:21.651  1388-6384  NullBinder              com.google.android.gms.persistent    I  NullBinder for android.net.action.RECOMMEND_NETWORKS triggering remote TransactionTooLargeException due to Service without Chimera impl, calling uid: 1000, calling pid: 0
2026-06-06 17:25:48.764  1388-6384  NullBinder              com.google.android.gms.persistent    I  NullBinder for android.net.action.RECOMMEND_NETWORKS triggering remote TransactionTooLargeException due to Service without Chimera impl, calling uid: 1000, calling pid: 0
2026-06-06 17:26:15.917  1388-2333  NullBinder              com.google.android.gms.persistent    I  NullBinder for android.net.action.RECOMMEND_NETWORKS triggering remote TransactionTooLargeException due to Service without Chimera impl, calling uid: 1000, calling pid: 0
2026-06-06 17:26:43.041  1388-2333  NullBinder              com.google.android.gms.persistent    I  NullBinder for android.net.action.RECOMMEND_NETWORKS triggering remote TransactionTooLargeException due to Service without Chimera impl, calling uid: 1000, calling pid: 0
2026-06-06 17:27:55.326  1388-15320 NullBinder              com.google.android.gms.persistent    I  NullBinder for android.net.action.RECOMMEND_NETWORKS triggering remote TransactionTooLargeException due to Service without Chimera impl, calling uid: 1000, calling pid: 0
2026-06-06 17:28:01.356  1388-15320 NullBinder              com.google.android.gms.persistent    I  NullBinder for android.net.action.RECOMMEND_NETWORKS triggering remote TransactionTooLargeException due to Service without Chimera impl, calling uid: 1000, calling pid: 0
2026-06-06 17:28:07.369  1388-6384  NullBinder              com.google.android.gms.persistent    I  NullBinder for android.net.action.RECOMMEND_NETWORKS triggering remote TransactionTooLargeException due to Service without Chimera impl, calling uid: 1000, calling pid: 0
2026-06-06 17:28:25.479  1388-2333  NullBinder              com.google.android.gms.persistent    I  NullBinder for android.net.action.RECOMMEND_NETWORKS triggering remote TransactionTooLargeException due to Service without Chimera impl, calling uid: 1000, calling pid: 0
2026-06-06 17:28:52.611  1388-18457 NullBinder              com.google.android.gms.persistent    I  NullBinder for android.net.action.RECOMMEND_NETWORKS triggering remote TransactionTooLargeException due to Service without Chimera impl, calling uid: 1000, calling pid: 0
2026-06-06 17:29:22.751  1388-18457 NullBinder              com.google.android.gms.persistent    I  NullBinder for android.net.action.RECOMMEND_NETWORKS triggering remote TransactionTooLargeException due to Service without Chimera impl, calling uid: 1000, calling pid: 0
2026-06-06 17:29:34.807  1388-18457 NullBinder              com.google.android.gms.persistent    I  NullBinder for android.net.action.RECOMMEND_NETWORKS triggering remote TransactionTooLargeException due to Service without Chimera impl, calling uid: 1000, calling pid: 0
2026-06-06 17:29:49.871  1388-1404  NullBinder              com.google.android.gms.persistent    I  NullBinder for android.net.action.RECOMMEND_NETWORKS triggering remote TransactionTooLargeException due to Service without Chimera impl, calling uid: 1000, calling pid: 0
2026-06-06 17:31:38.383  1388-15320 NullBinder              com.google.android.gms.persistent    I  NullBinder for android.net.action.RECOMMEND_NETWORKS triggering remote TransactionTooLargeException due to Service without Chimera impl, calling uid: 1000, calling pid: 0
2026-06-06 17:32:05.516  1388-1882  NullBinder              com.google.android.gms.persistent    I  NullBinder for android.net.action.RECOMMEND_NETWORKS triggering remote TransactionTooLargeException due to Service without Chimera impl, calling uid: 1000, calling pid: 0
2026-06-06 17:32:56.733  1388-15320 NullBinder              com.google.android.gms.persistent    I  NullBinder for android.net.action.RECOMMEND_NETWORKS triggering remote TransactionTooLargeException due to Service without Chimera impl, calling uid: 1000, calling pid: 0
2026-06-06 17:33:23.842  1388-15320 NullBinder              com.google.android.gms.persistent    I  NullBinder for android.net.action.RECOMMEND_NETWORKS triggering remote TransactionTooLargeException due to Service without Chimera impl, calling uid: 1000, calling pid: 0
2026-06-06 17:35:42.459  1388-18457 NullBinder              com.google.android.gms.persistent    I  NullBinder for android.net.action.RECOMMEND_NETWORKS triggering remote TransactionTooLargeException due to Service without Chimera impl, calling uid: 1000, calling pid: 0
2026-06-06 17:36:00.548  1388-18457 NullBinder              com.google.android.gms.persistent    I  NullBinder for android.net.action.RECOMMEND_NETWORKS triggering remote TransactionTooLargeException due to Service without Chimera impl, calling uid: 1000, calling pid: 0
2026-06-06 17:36:03.587  1388-18457 NullBinder              com.google.android.gms.persistent    I  NullBinder for android.net.action.RECOMMEND_NETWORKS triggering remote TransactionTooLargeException due to Service without Chimera impl, calling uid: 1000, calling pid: 0
2026-06-06 17:36:27.726  1388-6384  NullBinder              com.google.android.gms.persistent    I  NullBinder for android.net.action.RECOMMEND_NETWORKS triggering remote TransactionTooLargeException due to Service without Chimera impl, calling uid: 1000, calling pid: 0
2026-06-06 17:36:54.851  1388-1407  NullBinder              com.google.android.gms.persistent    I  NullBinder for android.net.action.RECOMMEND_NETWORKS triggering remote TransactionTooLargeException due to Service without Chimera impl, calling uid: 1000, calling pid: 0
2026-06-06 17:38:43.332  1388-1763  NullBinder              com.google.android.gms.persistent    I  NullBinder for android.net.action.RECOMMEND_NETWORKS triggering remote TransactionTooLargeException due to Service without Chimera impl, calling uid: 1000, calling pid: 0
2026-06-06 17:39:10.466  1388-6384  NullBinder              com.google.android.gms.persistent    I  NullBinder for android.net.action.RECOMMEND_NETWORKS triggering remote TransactionTooLargeException due to Service without Chimera impl, calling uid: 1000, calling pid: 0
2026-06-06 17:42:41.345  1388-6384  NullBinder              com.google.android.gms.persistent    I  NullBinder for android.net.action.RECOMMEND_NETWORKS triggering remote TransactionTooLargeException due to Service without Chimera impl, calling uid: 1000, calling pid: 0
2026-06-06 17:43:08.467  1388-1882  NullBinder              com.google.android.gms.persistent    I  NullBinder for android.net.action.RECOMMEND_NETWORKS triggering remote TransactionTooLargeException due to Service without Chimera impl, calling uid: 1000, calling pid: 0
2026-06-06 17:44:02.704  1388-18457 NullBinder              com.google.android.gms.persistent    I  NullBinder for android.net.action.RECOMMEND_NETWORKS triggering remote TransactionTooLargeException due to Service without Chimera impl, calling uid: 1000, calling pid: 0
2026-06-06 17:44:29.843  1388-1606  NullBinder              com.google.android.gms.persistent    I  NullBinder for android.net.action.RECOMMEND_NETWORKS triggering remote TransactionTooLargeException due to Service without Chimera impl, calling uid: 1000, calling pid: 0
2026-06-06 17:46:15.340  1388-6384  NullBinder              com.google.android.gms.persistent    I  NullBinder for android.net.action.RECOMMEND_NETWORKS triggering remote TransactionTooLargeException due to Service without Chimera impl, calling uid: 1000, calling pid: 0
2026-06-06 17:46:42.480  1388-1404  NullBinder              com.google.android.gms.persistent    I  NullBinder for android.net.action.RECOMMEND_NETWORKS triggering remote TransactionTooLargeException due to Service without Chimera impl, calling uid: 1000, calling pid: 0
2026-06-06 17:48:00.829  1388-1606  NullBinder              com.google.android.gms.persistent    I  NullBinder for android.net.action.RECOMMEND_NETWORKS triggering remote TransactionTooLargeException due to Service without Chimera impl, calling uid: 1000, calling pid: 0
2026-06-06 17:48:24.936  1388-1606  NullBinder              com.google.android.gms.persistent    I  NullBinder for android.net.action.RECOMMEND_NETWORKS triggering remote TransactionTooLargeException due to Service without Chimera impl, calling uid: 1000, calling pid: 0
2026-06-06 17:50:13.411  1388-1763  NullBinder              com.google.android.gms.persistent    I  NullBinder for android.net.action.RECOMMEND_NETWORKS triggering remote TransactionTooLargeException due to Service without Chimera impl, calling uid: 1000, calling pid: 0
2026-06-06 17:50:37.525  1388-6384  NullBinder              com.google.android.gms.persistent    I  NullBinder for android.net.action.RECOMMEND_NETWORKS triggering remote TransactionTooLargeException due to Service without Chimera impl, calling uid: 1000, calling pid: 0
2026-06-06 17:51:07.658  1388-1882  NullBinder              com.google.android.gms.persistent    I  NullBinder for android.net.action.RECOMMEND_NETWORKS triggering remote TransactionTooLargeException due to Service without Chimera impl, calling uid: 1000, calling pid: 0
2026-06-06 17:53:50.365  1388-1407  NullBinder              com.google.android.gms.persistent    I  NullBinder for android.net.action.RECOMMEND_NETWORKS triggering remote TransactionTooLargeException due to Service without Chimera impl, calling uid: 1000, calling pid: 0
2026-06-06 17:54:17.461  1388-1407  NullBinder              com.google.android.gms.persistent    I  NullBinder for android.net.action.RECOMMEND_NETWORKS triggering remote TransactionTooLargeException due to Service without Chimera impl, calling uid: 1000, calling pid: 0
2026-06-06 17:54:41.598  1388-2333  NullBinder              com.google.android.gms.persistent    I  NullBinder for android.net.action.RECOMMEND_NETWORKS triggering remote TransactionTooLargeException due to Service without Chimera impl, calling uid: 1000, calling pid: 0
2026-06-06 17:55:05.697  1388-1882  NullBinder              com.google.android.gms.persistent    I  NullBinder for android.net.action.RECOMMEND_NETWORKS triggering remote TransactionTooLargeException due to Service without Chimera impl, calling uid: 1000, calling pid: 0
2026-06-06 17:55:38.856  1388-1407  NullBinder              com.google.android.gms.persistent    I  NullBinder for android.net.action.RECOMMEND_NETWORKS triggering remote TransactionTooLargeException due to Service without Chimera impl, calling uid: 1000, calling pid: 0
2026-06-06 17:55:59.962  1388-1407  NullBinder              com.google.android.gms.persistent    I  NullBinder for android.net.action.RECOMMEND_NETWORKS triggering remote TransactionTooLargeException due to Service without Chimera impl, calling uid: 1000, calling pid: 0
2026-06-06 17:56:27.099  1388-2333  NullBinder              com.google.android.gms.persistent    I  NullBinder for android.net.action.RECOMMEND_NETWORKS triggering remote TransactionTooLargeException due to Service without Chimera impl, calling uid: 1000, calling pid: 0
2026-06-06 17:57:48.495  1388-1606  NullBinder              com.google.android.gms.persistent    I  NullBinder for android.net.action.RECOMMEND_NETWORKS triggering remote TransactionTooLargeException due to Service without Chimera impl, calling uid: 1000, calling pid: 0
2026-06-06 17:58:15.614  1388-18457 NullBinder              com.google.android.gms.persistent    I  NullBinder for android.net.action.RECOMMEND_NETWORKS triggering remote TransactionTooLargeException due to Service without Chimera impl, calling uid: 1000, calling pid: 0
2026-06-06 18:00:01.119  1388-1882  NullBinder              com.google.android.gms.persistent    I  NullBinder for android.net.action.RECOMMEND_NETWORKS triggering remote TransactionTooLargeException due to Service without Chimera impl, calling uid: 1000, calling pid: 0
2026-06-06 18:00:28.258  1388-6384  NullBinder              com.google.android.gms.persistent    I  NullBinder for android.net.action.RECOMMEND_NETWORKS triggering remote TransactionTooLargeException due to Service without Chimera impl, calling uid: 1000, calling pid: 0
2026-06-06 18:05:47.707  1388-6384  NullBinder              com.google.android.gms.persistent    I  NullBinder for android.net.action.RECOMMEND_NETWORKS triggering remote TransactionTooLargeException due to Service without Chimera impl, calling uid: 1000, calling pid: 0
2026-06-06 18:06:14.849  1388-6384  NullBinder              com.google.android.gms.persistent    I  NullBinder for android.net.action.RECOMMEND_NETWORKS triggering remote TransactionTooLargeException due to Service without Chimera impl, calling uid: 1000, calling pid: 0
2026-06-06 18:08:30.436  1388-1882  NullBinder              com.google.android.gms.persistent    I  NullBinder for android.net.action.RECOMMEND_NETWORKS triggering remote TransactionTooLargeException due to Service without Chimera impl, calling uid: 1000, calling pid: 0
2026-06-06 18:08:57.594  1388-1882  NullBinder              com.google.android.gms.persistent    I  NullBinder for android.net.action.RECOMMEND_NETWORKS triggering remote TransactionTooLargeException due to Service without Chimera impl, calling uid: 1000, calling pid: 0
2026-06-06 18:10:15.955  1388-1404  NullBinder              com.google.android.gms.persistent    I  NullBinder for android.net.action.RECOMMEND_NETWORKS triggering remote TransactionTooLargeException due to Service without Chimera impl, calling uid: 1000, calling pid: 0
2026-06-06 18:10:34.046  1388-1882  NullBinder              com.google.android.gms.persistent    I  NullBinder for android.net.action.RECOMMEND_NETWORKS triggering remote TransactionTooLargeException due to Service without Chimera impl, calling uid: 1000, calling pid: 0
2026-06-06 18:10:43.092  1388-1407  NullBinder              com.google.android.gms.persistent    I  NullBinder for android.net.action.RECOMMEND_NETWORKS triggering remote TransactionTooLargeException due to Service without Chimera impl, calling uid: 1000, calling pid: 0
2026-06-06 18:11:10.204  1388-1407  NullBinder              com.google.android.gms.persistent    I  NullBinder for android.net.action.RECOMMEND_NETWORKS triggering remote TransactionTooLargeException due to Service without Chimera impl, calling uid: 1000, calling pid: 0
2026-06-06 18:12:28.557  1388-6384  NullBinder              com.google.android.gms.persistent    I  NullBinder for android.net.action.RECOMMEND_NETWORKS triggering remote TransactionTooLargeException due to Service without Chimera impl, calling uid: 1000, calling pid: 0
2026-06-06 18:12:31.569  1388-1882  NullBinder              com.google.android.gms.persistent    I  NullBinder for android.net.action.RECOMMEND_NETWORKS triggering remote TransactionTooLargeException due to Service without Chimera impl, calling uid: 1000, calling pid: 0
2026-06-06 18:12:55.687  1388-1882  NullBinder              com.google.android.gms.persistent    I  NullBinder for android.net.action.RECOMMEND_NETWORKS triggering remote TransactionTooLargeException due to Service without Chimera impl, calling uid: 1000, calling pid: 0
2026-06-06 18:13:22.816  1388-1763  NullBinder              com.google.android.gms.persistent    I  NullBinder for android.net.action.RECOMMEND_NETWORKS triggering remote TransactionTooLargeException due to Service without Chimera impl, calling uid: 1000, calling pid: 0
2026-06-06 18:15:11.347  1388-1404  NullBinder              com.google.android.gms.persistent    I  NullBinder for android.net.action.RECOMMEND_NETWORKS triggering remote TransactionTooLargeException due to Service without Chimera impl, calling uid: 1000, calling pid: 0
2026-06-06 18:16:29.705  1388-6384  NullBinder              com.google.android.gms.persistent    I  NullBinder for android.net.action.RECOMMEND_NETWORKS triggering remote TransactionTooLargeException due to Service without Chimera impl, calling uid: 1000, calling pid: 0
2026-06-06 18:18:18.194  1388-1606  NullBinder              com.google.android.gms.persistent    I  NullBinder for android.net.action.RECOMMEND_NETWORKS triggering remote TransactionTooLargeException due to Service without Chimera impl, calling uid: 1000, calling pid: 0
2026-06-06 18:18:42.333  1388-18457 NullBinder              com.google.android.gms.persistent    I  NullBinder for android.net.action.RECOMMEND_NETWORKS triggering remote TransactionTooLargeException due to Service without Chimera impl, calling uid: 1000, calling pid: 0
2026-06-06 18:19:09.447  1388-1763  NullBinder              com.google.android.gms.persistent    I  NullBinder for android.net.action.RECOMMEND_NETWORKS triggering remote TransactionTooLargeException due to Service without Chimera impl, calling uid: 1000, calling pid: 0
2026-06-06 18:19:36.591  1388-1404  NullBinder              com.google.android.gms.persistent    I  NullBinder for android.net.action.RECOMMEND_NETWORKS triggering remote TransactionTooLargeException due to Service without Chimera impl, calling uid: 1000, calling pid: 0
2026-06-06 18:20:33.821  1388-1407  NullBinder              com.google.android.gms.persistent    I  NullBinder for android.net.action.RECOMMEND_NETWORKS triggering remote TransactionTooLargeException due to Service without Chimera impl, calling uid: 1000, calling pid: 0
2026-06-06 18:21:25.024  1388-1407  NullBinder              com.google.android.gms.persistent    I  NullBinder for android.net.action.RECOMMEND_NETWORKS triggering remote TransactionTooLargeException due to Service without Chimera impl, calling uid: 1000, calling pid: 0
2026-06-06 18:24:28.790  1388-2333  NullBinder              com.google.android.gms.persistent    I  NullBinder for android.net.action.RECOMMEND_NETWORKS triggering remote TransactionTooLargeException due to Service without Chimera impl, calling uid: 1000, calling pid: 0
2026-06-06 18:24:55.916  1388-15320 NullBinder              com.google.android.gms.persistent    I  NullBinder for android.net.action.RECOMMEND_NETWORKS triggering remote TransactionTooLargeException due to Service without Chimera impl, calling uid: 1000, calling pid: 0
2026-06-06 18:25:20.018  1388-1763  NullBinder              com.google.android.gms.persistent    I  NullBinder for android.net.action.RECOMMEND_NETWORKS triggering remote TransactionTooLargeException due to Service without Chimera impl, calling uid: 1000, calling pid: 0
2026-06-06 18:25:32.072  1388-1404  NullBinder              com.google.android.gms.persistent    I  NullBinder for android.net.action.RECOMMEND_NETWORKS triggering remote TransactionTooLargeException due to Service without Chimera impl, calling uid: 1000, calling pid: 0
2026-06-06 18:25:47.141  1388-1606  NullBinder              com.google.android.gms.persistent    I  NullBinder for android.net.action.RECOMMEND_NETWORKS triggering remote TransactionTooLargeException due to Service without Chimera impl, calling uid: 1000, calling pid: 0
2026-06-06 18:25:50.179  1388-1407  NullBinder              com.google.android.gms.persistent    I  NullBinder for android.net.action.RECOMMEND_NETWORKS triggering remote TransactionTooLargeException due to Service without Chimera impl, calling uid: 1000, calling pid: 0
2026-06-06 18:26:44.420  1388-15320 NullBinder              com.google.android.gms.persistent    I  NullBinder for android.net.action.RECOMMEND_NETWORKS triggering remote TransactionTooLargeException due to Service without Chimera impl, calling uid: 1000, calling pid: 0
2026-06-06 18:27:08.544  1388-2333  NullBinder              com.google.android.gms.persistent    I  NullBinder for android.net.action.RECOMMEND_NETWORKS triggering remote TransactionTooLargeException due to Service without Chimera impl, calling uid: 1000, calling pid: 0
2026-06-06 18:28:26.940  1388-2333  NullBinder              com.google.android.gms.persistent    I  NullBinder for android.net.action.RECOMMEND_NETWORKS triggering remote TransactionTooLargeException due to Service without Chimera impl, calling uid: 1000, calling pid: 0
2026-06-06 18:28:29.945  1388-1404  NullBinder              com.google.android.gms.persistent    I  NullBinder for android.net.action.RECOMMEND_NETWORKS triggering remote TransactionTooLargeException due to Service without Chimera impl, calling uid: 1000, calling pid: 0
2026-06-06 18:29:48.296  1388-18457 NullBinder              com.google.android.gms.persistent    I  NullBinder for android.net.action.RECOMMEND_NETWORKS triggering remote TransactionTooLargeException due to Service without Chimera impl, calling uid: 1000, calling pid: 0
2026-06-06 18:29:51.305  1388-2333  NullBinder              com.google.android.gms.persistent    I  NullBinder for android.net.action.RECOMMEND_NETWORKS triggering remote TransactionTooLargeException due to Service without Chimera impl, calling uid: 1000, calling pid: 0
2026-06-06 18:30:15.389  1388-1404  NullBinder              com.google.android.gms.persistent    I  NullBinder for android.net.action.RECOMMEND_NETWORKS triggering remote TransactionTooLargeException due to Service without Chimera impl, calling uid: 1000, calling pid: 0
2026-06-06 18:30:18.404  1388-1404  NullBinder              com.google.android.gms.persistent    I  NullBinder for android.net.action.RECOMMEND_NETWORKS triggering remote TransactionTooLargeException due to Service without Chimera impl, calling uid: 1000, calling pid: 0
2026-06-06 18:30:36.488  1388-1606  NullBinder              com.google.android.gms.persistent    I  NullBinder for android.net.action.RECOMMEND_NETWORKS triggering remote TransactionTooLargeException due to Service without Chimera impl, calling uid: 1000, calling pid: 0
2026-06-06 18:30:39.509  1388-1404  NullBinder              com.google.android.gms.persistent    I  NullBinder for android.net.action.RECOMMEND_NETWORKS triggering remote TransactionTooLargeException due to Service without Chimera impl, calling uid: 1000, calling pid: 0
2026-06-06 18:31:36.321  2082-17564 blia                    com.android.vending                  I  I/O exception (java.net.SocketException) caught when processing request: Broken pipe
2026-06-06 18:31:36.736  1388-1606  NullBinder              com.google.android.gms.persistent    I  NullBinder for android.net.action.RECOMMEND_NETWORKS triggering remote TransactionTooLargeException due to Service without Chimera impl, calling uid: 1000, calling pid: 0
2026-06-06 18:31:39.778  1388-6384  NullBinder              com.google.android.gms.persistent    I  NullBinder for android.net.action.RECOMMEND_NETWORKS triggering remote TransactionTooLargeException due to Service without Chimera impl, calling uid: 1000, calling pid: 0
2026-06-06 18:31:42.862  1388-1882  NullBinder              com.google.android.gms.persistent    I  NullBinder for android.net.action.RECOMMEND_NETWORKS triggering remote TransactionTooLargeException due to Service without Chimera impl, calling uid: 1000, calling pid: 0
2026-06-06 18:31:45.999  1388-1606  NullBinder              com.google.android.gms.persistent    I  NullBinder for android.net.action.RECOMMEND_NETWORKS triggering remote TransactionTooLargeException due to Service without Chimera impl, calling uid: 1000, calling pid: 0
2026-06-06 18:31:46.150  3551-24830 cr_media                com.android.chrome                   E  Failed to set security level L1
                                                                                                    java.lang.IllegalArgumentException: {}: BAD_VALUE
                                                                                                    cdm err: 0, oem err: 0, ctx: 0
                                                                                                    ============================== Beginning of DRM Plugin Log ==============================
                                                                                                      06-05 20:54:44.651 I [file_utils.cpp(38):Exists] stat failed: ENOENT
                                                                                                      06-05 20:54:44.652 I [oemcrypto_adapter_dynamic.cpp(891):Initialize] Level 3 Build Info (v20): {"soc_vendor": "Widevine","soc_model": "Software","ta_ver": "N/A","uses_opk": false,"tee_os": "N/A","tee_os_ver": "N/A","is_debug": false,"git_commit": "N/A","build_timestamp": "Mar 14 2026 07:06:21","mode": "RIKERS_DEFAULT","rikers": {  "code_protection": true,  "target_build_variant": "user",  "target_release": "cp2a",  "env": "release"},"haystack": {"soc_vendor":"L3_40065","soc_model":"X86 64 bit","ta_ver":"18.1.0+Dec 15 2025_20:01:21_","uses_opk":false,"tee_os":"none","tee_os_ver":"0.0.0","form_factor":"L3","implementer":"Widevine","fused":false}}
                                                                                                      06-05 20:54:44.652 I [(0):] Level3 Library 40065 Dec 15 2025 20:01:21
                                                                                                      06-05 20:54:44.683 I [oemcrypto_adapter_dynamic.cpp(906):Initialize] L3 Initialized. Trying L1.
                                                                                                      06-05 20:54:44.684 W [oemcrypto_adapter_dynamic.cpp(919):Initialize] Could not load oemcrypto from path liboemcrypto.so.  dlopen failed: library "liboemcrypto.so" not found
                                                                                                      06-05 20:54:44.684 W [oemcrypto_adapter_dynamic.cpp(923):Initialize] Could not load oemcrypto. Falling back to L3.
                                                                                                      06-05 20:54:44.684 E [oemcrypto_adapter_dynamic.cpp(1464):ValidateOrInstallL1KeyboxOrCert] L1 not initialized. Falling back to L3
                                                                                                      06-05 20:54:44.684 I [file_utils.cpp(38):Exists] stat failed: ENOENT
                                                                                                      06-05 20:54:44.685 W [oemcrypto_adapter_dynamic.cpp(1676):OEMCrypto_InitializeAndCheckKeybox] Keybox error: 25. Falling back to L3.
                                                                                                      06-05 20:54:44.685 I [oemcrypto_adapter_dynamic.cpp(956):Level1Terminate] L1 Terminate not needed
                                                                                                      06-05 20:54:44.729 I [(0):] L3 Terminate.
                                                                                                      06-05 20:55:30.399 I [cdm_engine.cpp(1179):IsSecurityLevelSupported] level = L1
                                                                                                      06-05 20:55:30.399 I [oemcrypto_adapter_dynamic.cpp(891):Initialize] Level 3 Build Info (v20): {"soc_vendor": "Widevine","soc_model": "Software","ta_ver": "N/A","uses_opk": false,"tee_os": "N/A","tee_os_ver": "N/A","is_debug": false,"git_commit": "N/A","build_timestamp": "Mar 14 2026 07:06:21","mode": "RIKERS_DEFAULT","rikers": {  "code_protection": true,  "target_build_variant": "user",  "target_release": "cp2a",  "env": "release"},"haystack": {"soc_vendor":"L3_40065","soc_model":"X86 64 bit","ta_ver":"18.1.0+Dec 15 2025_20:01:21_","uses_opk":false,"tee_os":"none","tee_os_ver":"0.0.0","form_factor":"L3","implementer":"Widevine","fused":false}}
                                                                                                      06-05 20:55:30.399 I [(0):] Level3 Library 40065 Dec 15 2025 20:01:21
                                                                                                      06-05 20:55:30.399 I [file_utils.cpp(38):Exists] stat failed: ENOENT
                                                                                                      06-05 20:55:30.402 E [oemcrypto_adapter_dynamic.cpp(1464):ValidateOrInstallL1KeyboxOrCert] L1 not initialized. Falling back to L3
                                                                                                      06-05 20:55:30.402 W [oemcrypto_adapter_dynamic.cpp(923):Initialize] Could not load oemcrypto. Falling back to L3.
                                                                                                      06-05 20:55:30.402 W [oemcrypto_adapter_dynamic.cpp(919):Initialize] Could not load oemcrypto from path liboemcrypto.so.  dlopen failed: library "liboemcrypto.so" not found
                                                                                                      06-05 20:55:30.402 I [oemcrypto_adapter_dynamic.cpp(906):Initialize] L3 Initialized. Trying L1.
                                                                                                      06-05 20:55:30.403 I [oemcrypto_adapter_dynamic.cpp(956):Level1Terminate] L1 Terminate not needed
                                                                                                      06-05 20:55:30.403 I [file_utils.cpp(38):Exists] stat failed: ENOENT
                                                                                                      06-05 20:55:30.403 W [oemcrypto_adapter_dynamic.cpp(1676):OEMCrypto_InitializeAndCheckKeybox] Keybox error: 25. Falling back to L3.
                                                                                                      06-05 20:55:30.416 I [(0):] L3 Terminate.
                                                                                                      06-06 18:31:44.932 I No hidl drm factories found
                                                                                                      06-06 18:31:44.935 W Failed to find passthrough drm factories
                                                                                                      06-06 18:31:45.152 I [cdm_engine.cpp(1179):IsSecurityLevelSupported] level = L1
                                                                                                      06-06 18:31:45.153 I [file_utils.cpp(38):Exists] stat failed: ENOENT
2026-06-06 18:31:52.061  1388-2333  NullBinder              com.google.android.gms.persistent    I  NullBinder for android.net.action.RECOMMEND_NETWORKS triggering remote TransactionTooLargeException due to Service without Chimera impl, calling uid: 1000, calling pid: 0
2026-06-06 18:32:04.086  1388-1404  NullBinder              com.google.android.gms.persistent    I  NullBinder for android.net.action.RECOMMEND_NETWORKS triggering remote TransactionTooLargeException due to Service without Chimera impl, calling uid: 1000, calling pid: 0
2026-06-06 18:32:07.122  1388-1606  NullBinder              com.google.android.gms.persistent    I  NullBinder for android.net.action.RECOMMEND_NETWORKS triggering remote TransactionTooLargeException due to Service without Chimera impl, calling uid: 1000, calling pid: 0
2026-06-06 18:33:04.377  1388-1606  NullBinder              com.google.android.gms.persistent    I  NullBinder for android.net.action.RECOMMEND_NETWORKS triggering remote TransactionTooLargeException due to Service without Chimera impl, calling uid: 1000, calling pid: 0
2026-06-06 18:33:13.904  2082-2082  Finsky                  com.android.vending                  W  [2] STU: Failed to get storage stats for package 'com.android.hardware.threadnetwork' (1601: Error getting stats: android.content.pm.PackageManager.NameNotFoundException)
2026-06-06 18:33:13.998  2082-2082  Finsky                  com.android.vending                  W  [2] STU: Failed to get storage stats for package 'com.android.hardware.vibrator' (1601: Error getting stats: android.content.pm.PackageManager.NameNotFoundException)
2026-06-06 18:33:14.064  2082-2082  Finsky                  com.android.vending                  W  [2] STU: Failed to get storage stats for package 'com.google.android.widevine.nonupdatable' (1601: Error getting stats: android.content.pm.PackageManager.NameNotFoundException)
2026-06-06 18:33:14.108  2082-2082  Finsky                  com.android.vending                  W  [2] STU: Failed to get storage stats for package 'com.google.android.gmssystem' (1601: Error getting stats: android.content.pm.PackageManager.NameNotFoundException)
2026-06-06 18:33:14.149  2082-2082  Finsky                  com.android.vending                  W  [2] STU: Failed to get storage stats for package 'com.android.hardware.contexthub' (1601: Error getting stats: android.content.pm.PackageManager.NameNotFoundException)
2026-06-06 18:33:14.150  2082-2082  Finsky                  com.android.vending                  W  [2] STU: Failed to get storage stats for package 'com.android.hardware.authsecret' (1601: Error getting stats: android.content.pm.PackageManager.NameNotFoundException)
2026-06-06 18:33:14.163  2082-2082  Finsky                  com.android.vending                  W  [2] STU: Failed to get storage stats for package 'com.android.apex.cts.shim' (1601: Error getting stats: android.content.pm.PackageManager.NameNotFoundException)
2026-06-06 18:33:14.172  2082-2082  Finsky                  com.android.vending                  W  [2] STU: Failed to get storage stats for package 'com.android.hardware.thermal' (1601: Error getting stats: android.content.pm.PackageManager.NameNotFoundException)
2026-06-06 18:33:14.267  2082-2082  Finsky                  com.android.vending                  W  [2] STU: Failed to get storage stats for package 'com.android.hardware.uwb' (1601: Error getting stats: android.content.pm.PackageManager.NameNotFoundException)
2026-06-06 18:33:14.275  2082-2082  Finsky                  com.android.vending                  W  [2] STU: Failed to get storage stats for package 'com.android.virt' (1601: Error getting stats: android.content.pm.PackageManager.NameNotFoundException)
2026-06-06 18:33:14.282  2082-2082  Finsky                  com.android.vending                  W  [2] STU: Failed to get storage stats for package 'com.android.hardware.neuralnetworks' (1601: Error getting stats: android.content.pm.PackageManager.NameNotFoundException)
2026-06-06 18:33:14.304  2082-2082  Finsky                  com.android.vending                  W  [2] STU: Failed to get storage stats for package 'com.android.i18n' (1601: Error getting stats: android.content.pm.PackageManager.NameNotFoundException)
2026-06-06 18:33:14.312  2082-2082  Finsky                  com.android.vending                  W  [2] STU: Failed to get storage stats for package 'com.android.hardware.dumpstate' (1601: Error getting stats: android.content.pm.PackageManager.NameNotFoundException)
2026-06-06 18:33:14.323  2082-2082  Finsky                  com.android.vending                  W  [2] STU: Failed to get storage stats for package 'com.android.hardware.cas' (1601: Error getting stats: android.content.pm.PackageManager.NameNotFoundException)
2026-06-06 18:33:14.339  2082-2082  Finsky                  com.android.vending                  W  [2] STU: Failed to get storage stats for package 'com.google.android.runtime' (1601: Error getting stats: android.content.pm.PackageManager.NameNotFoundException)
2026-06-06 18:33:14.342  2082-2082  Finsky                  com.android.vending                  W  [2] STU: Failed to get storage stats for package 'com.android.devicelock' (1601: Error getting stats: android.content.pm.PackageManager.NameNotFoundException)
2026-06-06 18:33:14.352  2082-2082  Finsky                  com.android.vending                  W  [2] STU: Failed to get storage stats for package 'com.android.hardware.power' (1601: Error getting stats: android.content.pm.PackageManager.NameNotFoundException)
2026-06-06 18:33:14.382  2082-2082  Finsky                  com.android.vending                  W  [2] STU: Failed to get storage stats for package 'com.android.hardware.biometrics.fingerprint.virtual' (1601: Error getting stats: android.content.pm.PackageManager.NameNotFoundException)
2026-06-06 18:33:14.424  2082-2082  Finsky                  com.android.vending                  W  [2] STU: Failed to get storage stats for package 'com.android.hardware.rebootescrow' (1601: Error getting stats: android.content.pm.PackageManager.NameNotFoundException)
2026-06-06 18:33:14.435  2082-2082  Finsky                  com.android.vending                  W  [2] STU: Failed to get storage stats for package 'com.android.npumanager' (1601: Error getting stats: android.content.pm.PackageManager.NameNotFoundException)
2026-06-06 18:33:14.492  2082-2082  Finsky                  com.android.vending                  W  [2] STU: Failed to get storage stats for package 'com.android.hardware.gatekeeper' (1601: Error getting stats: android.content.pm.PackageManager.NameNotFoundException)
2026-06-06 18:33:14.520  2082-2082  Finsky                  com.android.vending                  E  [2] bqot failed GRPC call! (Fix with AI)
                                                                                                    java.lang.UnsupportedOperationException: Unauth not supported in gRPC BrowseService.
                                                                                                    	at aauc.c(PG:179)
                                                                                                    	at aaua.b(PG:181)
                                                                                                    	at aaua.a(PG:34)
                                                                                                    	at org.chromium.net.AndroidNetworkLibrary.q(PG:14)
                                                                                                    	at cajm.y(PG:29)
                                                                                                    	at cajm.z(PG:12)
                                                                                                    	at aaub.b(PG:37)
                                                                                                    	at aaub.ni(PG:23)
                                                                                                    	at sef.b(PG:25)
                                                                                                    	at cchl.rS(PG:5)
                                                                                                    	at ccov.run(PG:109)
                                                                                                    	at java.util.concurrent.ThreadPoolExecutor.runWorker(ThreadPoolExecutor.java:1100)
                                                                                                    	at java.util.concurrent.ThreadPoolExecutor$Worker.run(ThreadPoolExecutor.java:624)
                                                                                                    	at vwj.run(PG:617)
                                                                                                    	at java.lang.Thread.run(Thread.java:1572)
2026-06-06 18:33:16.435  1388-2335  NullBinder              com.google.android.gms.persistent    I  NullBinder for android.net.action.RECOMMEND_NETWORKS triggering remote TransactionTooLargeException due to Service without Chimera impl, calling uid: 1000, calling pid: 0
2026-06-06 18:33:19.462  1388-2335  NullBinder              com.google.android.gms.persistent    I  NullBinder for android.net.action.RECOMMEND_NETWORKS triggering remote TransactionTooLargeException due to Service without Chimera impl, calling uid: 1000, calling pid: 0
2026-06-06 18:33:25.492  1388-1606  NullBinder              com.google.android.gms.persistent    I  NullBinder for android.net.action.RECOMMEND_NETWORKS triggering remote TransactionTooLargeException due to Service without Chimera impl, calling uid: 1000, calling pid: 0
2026-06-06 18:33:31.542  1388-6384  NullBinder              com.google.android.gms.persistent    I  NullBinder for android.net.action.RECOMMEND_NETWORKS triggering remote TransactionTooLargeException due to Service without Chimera impl, calling uid: 1000, calling pid: 0
2026-06-06 18:34:43.854  1388-6384  NullBinder              com.google.android.gms.persistent    I  NullBinder for android.net.action.RECOMMEND_NETWORKS triggering remote TransactionTooLargeException due to Service without Chimera impl, calling uid: 1000, calling pid: 0
2026-06-06 18:35:07.980  1388-1404  NullBinder              com.google.android.gms.persistent    I  NullBinder for android.net.action.RECOMMEND_NETWORKS triggering remote TransactionTooLargeException due to Service without Chimera impl, calling uid: 1000, calling pid: 0
2026-06-06 18:40:54.554  1388-6384  NullBinder              com.google.android.gms.persistent    I  NullBinder for android.net.action.RECOMMEND_NETWORKS triggering remote TransactionTooLargeException due to Service without Chimera impl, calling uid: 1000, calling pid: 0
2026-06-06 18:41:21.672  1388-1404  NullBinder              com.google.android.gms.persistent    I  NullBinder for android.net.action.RECOMMEND_NETWORKS triggering remote TransactionTooLargeException due to Service without Chimera impl, calling uid: 1000, calling pid: 0
2026-06-06 18:42:18.948  1388-6384  NullBinder              com.google.android.gms.persistent    I  NullBinder for android.net.action.RECOMMEND_NETWORKS triggering remote TransactionTooLargeException due to Service without Chimera impl, calling uid: 1000, calling pid: 0
2026-06-06 18:42:24.990  1388-1606  NullBinder              com.google.android.gms.persistent    I  NullBinder for android.net.action.RECOMMEND_NETWORKS triggering remote TransactionTooLargeException due to Service without Chimera impl, calling uid: 1000, calling pid: 0
2026-06-06 18:43:34.268  1388-1404  NullBinder              com.google.android.gms.persistent    I  NullBinder for android.net.action.RECOMMEND_NETWORKS triggering remote TransactionTooLargeException due to Service without Chimera impl, calling uid: 1000, calling pid: 0
2026-06-06 18:44:01.396  1388-1404  NullBinder              com.google.android.gms.persistent    I  NullBinder for android.net.action.RECOMMEND_NETWORKS triggering remote TransactionTooLargeException due to Service without Chimera impl, calling uid: 1000, calling pid: 0
2026-06-06 18:45:25.804  1388-1407  NullBinder              com.google.android.gms.persistent    I  NullBinder for android.net.action.RECOMMEND_NETWORKS triggering remote TransactionTooLargeException due to Service without Chimera impl, calling uid: 1000, calling pid: 0
2026-06-06 18:45:28.828  1388-1606  NullBinder              com.google.android.gms.persistent    I  NullBinder for android.net.action.RECOMMEND_NETWORKS triggering remote TransactionTooLargeException due to Service without Chimera impl, calling uid: 1000, calling pid: 0
2026-06-06 18:46:41.164  1388-1404  NullBinder              com.google.android.gms.persistent    I  NullBinder for android.net.action.RECOMMEND_NETWORKS triggering remote TransactionTooLargeException due to Service without Chimera impl, calling uid: 1000, calling pid: 0
2026-06-06 18:47:08.296  1388-2335  NullBinder              com.google.android.gms.persistent    I  NullBinder for android.net.action.RECOMMEND_NETWORKS triggering remote TransactionTooLargeException due to Service without Chimera impl, calling uid: 1000, calling pid: 0
2026-06-06 18:48:56.886  1388-1606  NullBinder              com.google.android.gms.persistent    I  NullBinder for android.net.action.RECOMMEND_NETWORKS triggering remote TransactionTooLargeException due to Service without Chimera impl, calling uid: 1000, calling pid: 0
2026-06-06 18:49:24.003  1388-1404  NullBinder              com.google.android.gms.persistent    I  NullBinder for android.net.action.RECOMMEND_NETWORKS triggering remote TransactionTooLargeException due to Service without Chimera impl, calling uid: 1000, calling pid: 0
2026-06-06 18:50:42.349  1388-18457 NullBinder              com.google.android.gms.persistent    I  NullBinder for android.net.action.RECOMMEND_NETWORKS triggering remote TransactionTooLargeException due to Service without Chimera impl, calling uid: 1000, calling pid: 0
2026-06-06 18:51:09.460  1388-18457 NullBinder              com.google.android.gms.persistent    I  NullBinder for android.net.action.RECOMMEND_NETWORKS triggering remote TransactionTooLargeException due to Service without Chimera impl, calling uid: 1000, calling pid: 0
2026-06-06 18:51:36.588  1388-1606  NullBinder              com.google.android.gms.persistent    I  NullBinder for android.net.action.RECOMMEND_NETWORKS triggering remote TransactionTooLargeException due to Service without Chimera impl, calling uid: 1000, calling pid: 0
2026-06-06 18:52:30.855  1388-1882  NullBinder              com.google.android.gms.persistent    I  NullBinder for android.net.action.RECOMMEND_NETWORKS triggering remote TransactionTooLargeException due to Service without Chimera impl, calling uid: 1000, calling pid: 0
2026-06-06 18:52:51.880  1665-1783  CombinedComponentSuspen com.google.android.apps.wellbeing    E  <DWB> Failed to fetch suspensions in com.android.chrome (Fix with AI)
                                                                                                    java.util.concurrent.ExecutionException: ikx: Service rejected request (status=5)
                                                                                                    	at oja.i(PG:21)
                                                                                                    	at oji.s(PG:23)
                                                                                                    	at oja.get(PG:1)
                                                                                                    	at okx.get(PG:5)
                                                                                                    	at a.C(PG:2)
                                                                                                    	at ofk.I(PG:10)
                                                                                                    	at cwv.call(PG:866)
                                                                                                    	at npq.call(PG:31)
                                                                                                    	at okh.a(PG:3)
                                                                                                    	at olo.run(PG:19)
                                                                                                    	at ktc.run(PG:7)
                                                                                                    	at ohn.run(PG:44)
                                                                                                    	at bm.run(PG:389)
                                                                                                    	at java.lang.Thread.run(Thread.java:1572)
                                                                                                    	at kuo.run(PG:61)
                                                                                                    Caused by: ikx: Service rejected request (status=5)
                                                                                                    	at ilc.a(PG:28)
                                                                                                    	at ojw.a(PG:57)
                                                                                                    	at ojk.e(PG:3)
                                                                                                    	at ojm.run(PG:38)
                                                                                                    	... 5 more
2026-06-06 18:52:52.023  1388-18457 NullBinder              com.google.android.gms.persistent    I  NullBinder for android.net.action.RECOMMEND_NETWORKS triggering remote TransactionTooLargeException due to Service without Chimera impl, calling uid: 1000, calling pid: 0
2026-06-06 18:53:16.121  1388-1606  NullBinder              com.google.android.gms.persistent    I  NullBinder for android.net.action.RECOMMEND_NETWORKS triggering remote TransactionTooLargeException due to Service without Chimera impl, calling uid: 1000, calling pid: 0
2026-06-06 18:53:43.266  1388-18457 NullBinder              com.google.android.gms.persistent    I  NullBinder for android.net.action.RECOMMEND_NETWORKS triggering remote TransactionTooLargeException due to Service without Chimera impl, calling uid: 1000, calling pid: 0
2026-06-06 18:56:28.947  1388-15320 NullBinder              com.google.android.gms.persistent    I  NullBinder for android.net.action.RECOMMEND_NETWORKS triggering remote TransactionTooLargeException due to Service without Chimera impl, calling uid: 1000, calling pid: 0
2026-06-06 18:56:56.085  1388-15320 NullBinder              com.google.android.gms.persistent    I  NullBinder for android.net.action.RECOMMEND_NETWORKS triggering remote TransactionTooLargeException due to Service without Chimera impl, calling uid: 1000, calling pid: 0
2026-06-06 18:58:44.593  1388-1880  NullBinder              com.google.android.gms.persistent    I  NullBinder for android.net.action.RECOMMEND_NETWORKS triggering remote TransactionTooLargeException due to Service without Chimera impl, calling uid: 1000, calling pid: 0
2026-06-06 18:59:08.696  1388-1404  NullBinder              com.google.android.gms.persistent    I  NullBinder for android.net.action.RECOMMEND_NETWORKS triggering remote TransactionTooLargeException due to Service without Chimera impl, calling uid: 1000, calling pid: 0
2026-06-06 18:59:35.829  1388-18457 NullBinder              com.google.android.gms.persistent    I  NullBinder for android.net.action.RECOMMEND_NETWORKS triggering remote TransactionTooLargeException due to Service without Chimera impl, calling uid: 1000, calling pid: 0
2026-06-06 18:59:59.918  1388-18457 NullBinder              com.google.android.gms.persistent    I  NullBinder for android.net.action.RECOMMEND_NETWORKS triggering remote TransactionTooLargeException due to Service without Chimera impl, calling uid: 1000, calling pid: 0
2026-06-06 19:00:57.166  1388-1882  NullBinder              com.google.android.gms.persistent    I  NullBinder for android.net.action.RECOMMEND_NETWORKS triggering remote TransactionTooLargeException due to Service without Chimera impl, calling uid: 1000, calling pid: 0
2026-06-06 19:01:21.306  1388-1407  NullBinder              com.google.android.gms.persistent    I  NullBinder for android.net.action.RECOMMEND_NETWORKS triggering remote TransactionTooLargeException due to Service without Chimera impl, calling uid: 1000, calling pid: 0
2026-06-06 19:04:04.037  1388-18457 NullBinder              com.google.android.gms.persistent    I  NullBinder for android.net.action.RECOMMEND_NETWORKS triggering remote TransactionTooLargeException due to Service without Chimera impl, calling uid: 1000, calling pid: 0
2026-06-06 19:04:28.137  1388-1404  NullBinder              com.google.android.gms.persistent    I  NullBinder for android.net.action.RECOMMEND_NETWORKS triggering remote TransactionTooLargeException due to Service without Chimera impl, calling uid: 1000, calling pid: 0
2026-06-06 19:07:10.908  1388-1404  NullBinder              com.google.android.gms.persistent    I  NullBinder for android.net.action.RECOMMEND_NETWORKS triggering remote TransactionTooLargeException due to Service without Chimera impl, calling uid: 1000, calling pid: 0
2026-06-06 19:07:35.001  1388-1882  NullBinder              com.google.android.gms.persistent    I  NullBinder for android.net.action.RECOMMEND_NETWORKS triggering remote TransactionTooLargeException due to Service without Chimera impl, calling uid: 1000, calling pid: 0
2026-06-06 19:08:02.141  1388-1404  NullBinder              com.google.android.gms.persistent    I  NullBinder for android.net.action.RECOMMEND_NETWORKS triggering remote TransactionTooLargeException due to Service without Chimera impl, calling uid: 1000, calling pid: 0
2026-06-06 19:08:26.244  1388-1404  NullBinder              com.google.android.gms.persistent    I  NullBinder for android.net.action.RECOMMEND_NETWORKS triggering remote TransactionTooLargeException due to Service without Chimera impl, calling uid: 1000, calling pid: 0
2026-06-06 19:09:23.495  1388-1407  NullBinder              com.google.android.gms.persistent    I  NullBinder for android.net.action.RECOMMEND_NETWORKS triggering remote TransactionTooLargeException due to Service without Chimera impl, calling uid: 1000, calling pid: 0
2026-06-06 19:09:47.579  1388-1407  NullBinder              com.google.android.gms.persistent    I  NullBinder for android.net.action.RECOMMEND_NETWORKS triggering remote TransactionTooLargeException due to Service without Chimera impl, calling uid: 1000, calling pid: 0
2026-06-06 19:10:41.884  1388-1407  NullBinder              com.google.android.gms.persistent    I  NullBinder for android.net.action.RECOMMEND_NETWORKS triggering remote TransactionTooLargeException due to Service without Chimera impl, calling uid: 1000, calling pid: 0
2026-06-06 19:11:09.014  1388-2335  NullBinder              com.google.android.gms.persistent    I  NullBinder for android.net.action.RECOMMEND_NETWORKS triggering remote TransactionTooLargeException due to Service without Chimera impl, calling uid: 1000, calling pid: 0
2026-06-06 19:13:21.586  1388-2335  NullBinder              com.google.android.gms.persistent    I  NullBinder for android.net.action.RECOMMEND_NETWORKS triggering remote TransactionTooLargeException due to Service without Chimera impl, calling uid: 1000, calling pid: 0
2026-06-06 19:13:48.710  1388-1882  NullBinder              com.google.android.gms.persistent    I  NullBinder for android.net.action.RECOMMEND_NETWORKS triggering remote TransactionTooLargeException due to Service without Chimera impl, calling uid: 1000, calling pid: 0
2026-06-06 19:13:51.723  1388-2335  NullBinder              com.google.android.gms.persistent    I  NullBinder for android.net.action.RECOMMEND_NETWORKS triggering remote TransactionTooLargeException due to Service without Chimera impl, calling uid: 1000, calling pid: 0
2026-06-06 19:14:15.844  1388-6384  NullBinder              com.google.android.gms.persistent    I  NullBinder for android.net.action.RECOMMEND_NETWORKS triggering remote TransactionTooLargeException due to Service without Chimera impl, calling uid: 1000, calling pid: 0
2026-06-06 19:15:19.158  1388-6384  NullBinder              com.google.android.gms.persistent    I  NullBinder for android.net.action.RECOMMEND_NETWORKS triggering remote TransactionTooLargeException due to Service without Chimera impl, calling uid: 1000, calling pid: 0
2026-06-06 19:15:22.183  1388-1880  NullBinder              com.google.android.gms.persistent    I  NullBinder for android.net.action.RECOMMEND_NETWORKS triggering remote TransactionTooLargeException due to Service without Chimera impl, calling uid: 1000, calling pid: 0
2026-06-06 19:19:24.770 11163-11193 bunl                    com...ooglequicksearchbox:googleapp  E  fetch grpc failed (Fix with AI)
                                                                                                    java.util.NoSuchElementException: No value present
                                                                                                    	at j$.util.Optional.orElseThrow(r8-map-id-314201f68e4b79cd934cb98a2701368edeef6fd6e6e6452c8ecfc3490919fb1a:10)
                                                                                                    	at bunl.a(PG:185)
                                                                                                    	at bunj.invokeSuspend(PG:12)
                                                                                                    	at fqas.resumeWith(PG:11)
                                                                                                    	at fqkz.run(PG:115)
                                                                                                    	at eofy.run(PG:3)
                                                                                                    	at csoj.run(PG:5)
                                                                                                    	at eyga.run(PG:46)
                                                                                                    	at csnv.run(PG:81)
                                                                                                    	at java.lang.Thread.run(Thread.java:1572)
                                                                                                    	at cspn.run(PG:63)
2026-06-06 19:19:59.371  1388-18457 NullBinder              com.google.android.gms.persistent    I  NullBinder for android.net.action.RECOMMEND_NETWORKS triggering remote TransactionTooLargeException due to Service without Chimera impl, calling uid: 1000, calling pid: 0
2026-06-06 19:20:20.467  1388-1606  NullBinder              com.google.android.gms.persistent    I  NullBinder for android.net.action.RECOMMEND_NETWORKS triggering remote TransactionTooLargeException due to Service without Chimera impl, calling uid: 1000, calling pid: 0
2026-06-06 19:20:26.500  1388-1404  NullBinder              com.google.android.gms.persistent    I  NullBinder for android.net.action.RECOMMEND_NETWORKS triggering remote TransactionTooLargeException due to Service without Chimera impl, calling uid: 1000, calling pid: 0
2026-06-06 19:20:53.620  1388-1404  NullBinder              com.google.android.gms.persistent    I  NullBinder for android.net.action.RECOMMEND_NETWORKS triggering remote TransactionTooLargeException due to Service without Chimera impl, calling uid: 1000, calling pid: 0
2026-06-06 19:21:44.884  1388-1606  NullBinder              com.google.android.gms.persistent    I  NullBinder for android.net.action.RECOMMEND_NETWORKS triggering remote TransactionTooLargeException due to Service without Chimera impl, calling uid: 1000, calling pid: 0
2026-06-06 19:21:50.915  1388-15320 NullBinder              com.google.android.gms.persistent    I  NullBinder for android.net.action.RECOMMEND_NETWORKS triggering remote TransactionTooLargeException due to Service without Chimera impl, calling uid: 1000, calling pid: 0
2026-06-06 19:23:09.275  1388-1606  NullBinder              com.google.android.gms.persistent    I  NullBinder for android.net.action.RECOMMEND_NETWORKS triggering remote TransactionTooLargeException due to Service without Chimera impl, calling uid: 1000, calling pid: 0
2026-06-06 19:23:33.364  1388-1606  NullBinder              com.google.android.gms.persistent    I  NullBinder for android.net.action.RECOMMEND_NETWORKS triggering remote TransactionTooLargeException due to Service without Chimera impl, calling uid: 1000, calling pid: 0
2026-06-06 19:24:43.430 11118-11149 cpzk                    com...d.googlequicksearchbox:search  I  SYNC_DATA_RESPONSE cancelled. (Fix with AI)
                                                                                                    java.util.concurrent.CancellationException: Task was cancelled.
                                                                                                    	at ezik.g(PG:33)
                                                                                                    	at ezil.q(PG:24)
                                                                                                    	at ezik.get(PG:1)
                                                                                                    	at a.dM(PG:2)
                                                                                                    	at ezmr.o(PG:10)
                                                                                                    	at cpzk.b(PG:8)
                                                                                                    	at cpzj.a(PG:7)
                                                                                                    	at epuh.a(PG:17)
                                                                                                    	at ezkc.a(PG:3)
                                                                                                    	at ezls.run(PG:19)
                                                                                                    	at csoj.run(PG:5)
                                                                                                    	at eyga.run(PG:46)
                                                                                                    	at csnv.run(PG:81)
                                                                                                    	at java.lang.Thread.run(Thread.java:1572)
                                                                                                    	at cspn.run(PG:63)
2026-06-06 19:25:21.907  1388-1880  NullBinder              com.google.android.gms.persistent    I  NullBinder for android.net.action.RECOMMEND_NETWORKS triggering remote TransactionTooLargeException due to Service without Chimera impl, calling uid: 1000, calling pid: 0
2026-06-06 19:25:49.020  1388-1880  NullBinder              com.google.android.gms.persistent    I  NullBinder for android.net.action.RECOMMEND_NETWORKS triggering remote TransactionTooLargeException due to Service without Chimera impl, calling uid: 1000, calling pid: 0
2026-06-06 19:28:04.696  1388-1606  NullBinder              com.google.android.gms.persistent    I  NullBinder for android.net.action.RECOMMEND_NETWORKS triggering remote TransactionTooLargeException due to Service without Chimera impl, calling uid: 1000, calling pid: 0
2026-06-06 19:28:16.757  1388-18457 NullBinder              com.google.android.gms.persistent    I  NullBinder for android.net.action.RECOMMEND_NETWORKS triggering remote TransactionTooLargeException due to Service without Chimera impl, calling uid: 1000, calling pid: 0
2026-06-06 19:32:26.789  1388-6384  NullBinder              com.google.android.gms.persistent    I  NullBinder for android.net.action.RECOMMEND_NETWORKS triggering remote TransactionTooLargeException due to Service without Chimera impl, calling uid: 1000, calling pid: 0
2026-06-06 19:32:29.862  1388-1880  NullBinder              com.google.android.gms.persistent    I  NullBinder for android.net.action.RECOMMEND_NETWORKS triggering remote TransactionTooLargeException due to Service without Chimera impl, calling uid: 1000, calling pid: 0
2026-06-06 19:34:42.369  1388-1606  NullBinder              com.google.android.gms.persistent    I  NullBinder for android.net.action.RECOMMEND_NETWORKS triggering remote TransactionTooLargeException due to Service without Chimera impl, calling uid: 1000, calling pid: 0
2026-06-06 19:35:06.463  1388-1606  NullBinder              com.google.android.gms.persistent    I  NullBinder for android.net.action.RECOMMEND_NETWORKS triggering remote TransactionTooLargeException due to Service without Chimera impl, calling uid: 1000, calling pid: 0
2026-06-06 19:35:36.620  1388-6384  NullBinder              com.google.android.gms.persistent    I  NullBinder for android.net.action.RECOMMEND_NETWORKS triggering remote TransactionTooLargeException due to Service without Chimera impl, calling uid: 1000, calling pid: 0
2026-06-06 19:36:03.732  1388-1880  NullBinder              com.google.android.gms.persistent    I  NullBinder for android.net.action.RECOMMEND_NETWORKS triggering remote TransactionTooLargeException due to Service without Chimera impl, calling uid: 1000, calling pid: 0
2026-06-06 19:39:07.586  1388-6384  NullBinder              com.google.android.gms.persistent    I  NullBinder for android.net.action.RECOMMEND_NETWORKS triggering remote TransactionTooLargeException due to Service without Chimera impl, calling uid: 1000, calling pid: 0
2026-06-06 19:39:34.712  1388-6384  NullBinder              com.google.android.gms.persistent    I  NullBinder for android.net.action.RECOMMEND_NETWORKS triggering remote TransactionTooLargeException due to Service without Chimera impl, calling uid: 1000, calling pid: 0
2026-06-06 19:40:13.876  1388-18457 NullBinder              com.google.android.gms.persistent    I  NullBinder for android.net.action.RECOMMEND_NETWORKS triggering remote TransactionTooLargeException due to Service without Chimera impl, calling uid: 1000, calling pid: 0
2026-06-06 19:40:16.891  1388-18457 NullBinder              com.google.android.gms.persistent    I  NullBinder for android.net.action.RECOMMEND_NETWORKS triggering remote TransactionTooLargeException due to Service without Chimera impl, calling uid: 1000, calling pid: 0
2026-06-06 19:40:25.946  1388-1880  NullBinder              com.google.android.gms.persistent    I  NullBinder for android.net.action.RECOMMEND_NETWORKS triggering remote TransactionTooLargeException due to Service without Chimera impl, calling uid: 1000, calling pid: 0
2026-06-06 19:40:56.101  1388-2335  NullBinder              com.google.android.gms.persistent    I  NullBinder for android.net.action.RECOMMEND_NETWORKS triggering remote TransactionTooLargeException due to Service without Chimera impl, calling uid: 1000, calling pid: 0
2026-06-06 19:41:11.183  1388-2335  NullBinder              com.google.android.gms.persistent    I  NullBinder for android.net.action.RECOMMEND_NETWORKS triggering remote TransactionTooLargeException due to Service without Chimera impl, calling uid: 1000, calling pid: 0
2026-06-06 19:41:20.226  1388-1606  NullBinder              com.google.android.gms.persistent    I  NullBinder for android.net.action.RECOMMEND_NETWORKS triggering remote TransactionTooLargeException due to Service without Chimera impl, calling uid: 1000, calling pid: 0
2026-06-06 19:41:26.239  1388-1880  NullBinder              com.google.android.gms.persistent    I  NullBinder for android.net.action.RECOMMEND_NETWORKS triggering remote TransactionTooLargeException due to Service without Chimera impl, calling uid: 1000, calling pid: 0
2026-06-06 19:41:47.336  1388-18457 NullBinder              com.google.android.gms.persistent    I  NullBinder for android.net.action.RECOMMEND_NETWORKS triggering remote TransactionTooLargeException due to Service without Chimera impl, calling uid: 1000, calling pid: 0
2026-06-06 19:42:11.464  1388-18457 NullBinder              com.google.android.gms.persistent    I  NullBinder for android.net.action.RECOMMEND_NETWORKS triggering remote TransactionTooLargeException due to Service without Chimera impl, calling uid: 1000, calling pid: 0
2026-06-06 19:43:35.815  1388-1404  NullBinder              com.google.android.gms.persistent    I  NullBinder for android.net.action.RECOMMEND_NETWORKS triggering remote TransactionTooLargeException due to Service without Chimera impl, calling uid: 1000, calling pid: 0
2026-06-06 19:44:02.944  1388-1606  NullBinder              com.google.android.gms.persistent    I  NullBinder for android.net.action.RECOMMEND_NETWORKS triggering remote TransactionTooLargeException due to Service without Chimera impl, calling uid: 1000, calling pid: 0
2026-06-06 19:46:42.638  1388-18457 NullBinder              com.google.android.gms.persistent    I  NullBinder for android.net.action.RECOMMEND_NETWORKS triggering remote TransactionTooLargeException due to Service without Chimera impl, calling uid: 1000, calling pid: 0
2026-06-06 19:47:06.742  1388-6384  NullBinder              com.google.android.gms.persistent    I  NullBinder for android.net.action.RECOMMEND_NETWORKS triggering remote TransactionTooLargeException due to Service without Chimera impl, calling uid: 1000, calling pid: 0
2026-06-06 19:47:33.850  1388-1606  NullBinder              com.google.android.gms.persistent    I  NullBinder for android.net.action.RECOMMEND_NETWORKS triggering remote TransactionTooLargeException due to Service without Chimera impl, calling uid: 1000, calling pid: 0
2026-06-06 19:48:00.978  1388-15320 NullBinder              com.google.android.gms.persistent    I  NullBinder for android.net.action.RECOMMEND_NETWORKS triggering remote TransactionTooLargeException due to Service without Chimera impl, calling uid: 1000, calling pid: 0
2026-06-06 19:50:40.673  1388-1404  NullBinder              com.google.android.gms.persistent    I  NullBinder for android.net.action.RECOMMEND_NETWORKS triggering remote TransactionTooLargeException due to Service without Chimera impl, calling uid: 1000, calling pid: 0
2026-06-06 19:51:07.759  1388-1606  NullBinder              com.google.android.gms.persistent    I  NullBinder for android.net.action.RECOMMEND_NETWORKS triggering remote TransactionTooLargeException due to Service without Chimera impl, calling uid: 1000, calling pid: 0
2026-06-06 19:51:34.895  1388-6384  NullBinder              com.google.android.gms.persistent    I  NullBinder for android.net.action.RECOMMEND_NETWORKS triggering remote TransactionTooLargeException due to Service without Chimera impl, calling uid: 1000, calling pid: 0
2026-06-06 19:52:02.033  1388-15320 NullBinder              com.google.android.gms.persistent    I  NullBinder for android.net.action.RECOMMEND_NETWORKS triggering remote TransactionTooLargeException due to Service without Chimera impl, calling uid: 1000, calling pid: 0
2026-06-06 19:53:20.359  1388-6384  NullBinder              com.google.android.gms.persistent    I  NullBinder for android.net.action.RECOMMEND_NETWORKS triggering remote TransactionTooLargeException due to Service without Chimera impl, calling uid: 1000, calling pid: 0
2026-06-06 19:53:47.459  1388-6384  NullBinder              com.google.android.gms.persistent    I  NullBinder for android.net.action.RECOMMEND_NETWORKS triggering remote TransactionTooLargeException due to Service without Chimera impl, calling uid: 1000, calling pid: 0
2026-06-06 19:53:50.467  1388-1880  NullBinder              com.google.android.gms.persistent    I  NullBinder for android.net.action.RECOMMEND_NETWORKS triggering remote TransactionTooLargeException due to Service without Chimera impl, calling uid: 1000, calling pid: 0
2026-06-06 19:54:17.612  1388-1404  NullBinder              com.google.android.gms.persistent    I  NullBinder for android.net.action.RECOMMEND_NETWORKS triggering remote TransactionTooLargeException due to Service without Chimera impl, calling uid: 1000, calling pid: 0
2026-06-06 19:55:35.985  1388-15320 NullBinder              com.google.android.gms.persistent    I  NullBinder for android.net.action.RECOMMEND_NETWORKS triggering remote TransactionTooLargeException due to Service without Chimera impl, calling uid: 1000, calling pid: 0
2026-06-06 19:56:03.113  1388-1404  NullBinder              com.google.android.gms.persistent    I  NullBinder for android.net.action.RECOMMEND_NETWORKS triggering remote TransactionTooLargeException due to Service without Chimera impl, calling uid: 1000, calling pid: 0
2026-06-06 19:56:57.343  1388-1606  NullBinder              com.google.android.gms.persistent    I  NullBinder for android.net.action.RECOMMEND_NETWORKS triggering remote TransactionTooLargeException due to Service without Chimera impl, calling uid: 1000, calling pid: 0
2026-06-06 19:57:09.402  1388-15320 NullBinder              com.google.android.gms.persistent    I  NullBinder for android.net.action.RECOMMEND_NETWORKS triggering remote TransactionTooLargeException due to Service without Chimera impl, calling uid: 1000, calling pid: 0
2026-06-06 19:57:21.461  1388-1882  NullBinder              com.google.android.gms.persistent    I  NullBinder for android.net.action.RECOMMEND_NETWORKS triggering remote TransactionTooLargeException due to Service without Chimera impl, calling uid: 1000, calling pid: 0
2026-06-06 19:58:15.707  1388-1606  NullBinder              com.google.android.gms.persistent    I  NullBinder for android.net.action.RECOMMEND_NETWORKS triggering remote TransactionTooLargeException due to Service without Chimera impl, calling uid: 1000, calling pid: 0
2026-06-06 20:00:01.162  1388-1404  NullBinder              com.google.android.gms.persistent    I  NullBinder for android.net.action.RECOMMEND_NETWORKS triggering remote TransactionTooLargeException due to Service without Chimera impl, calling uid: 1000, calling pid: 0
2026-06-06 20:00:10.245  1388-1880  NullBinder              com.google.android.gms.persistent    I  NullBinder for android.net.action.RECOMMEND_NETWORKS triggering remote TransactionTooLargeException due to Service without Chimera impl, calling uid: 1000, calling pid: 0
2026-06-06 20:00:28.311  1388-1880  NullBinder              com.google.android.gms.persistent    I  NullBinder for android.net.action.RECOMMEND_NETWORKS triggering remote TransactionTooLargeException due to Service without Chimera impl, calling uid: 1000, calling pid: 0
2026-06-06 20:00:55.428  1388-1882  NullBinder              com.google.android.gms.persistent    I  NullBinder for android.net.action.RECOMMEND_NETWORKS triggering remote TransactionTooLargeException due to Service without Chimera impl, calling uid: 1000, calling pid: 0
2026-06-06 20:02:16.764  1388-1880  NullBinder              com.google.android.gms.persistent    I  NullBinder for android.net.action.RECOMMEND_NETWORKS triggering remote TransactionTooLargeException due to Service without Chimera impl, calling uid: 1000, calling pid: 0
2026-06-06 20:02:43.882  1388-1606  NullBinder              com.google.android.gms.persistent    I  NullBinder for android.net.action.RECOMMEND_NETWORKS triggering remote TransactionTooLargeException due to Service without Chimera impl, calling uid: 1000, calling pid: 0
2026-06-06 20:04:32.355  1388-6384  NullBinder              com.google.android.gms.persistent    I  NullBinder for android.net.action.RECOMMEND_NETWORKS triggering remote TransactionTooLargeException due to Service without Chimera impl, calling uid: 1000, calling pid: 0
2026-06-06 20:04:53.480  1388-6384  NullBinder              com.google.android.gms.persistent    I  NullBinder for android.net.action.RECOMMEND_NETWORKS triggering remote TransactionTooLargeException due to Service without Chimera impl, calling uid: 1000, calling pid: 0
2026-06-06 20:08:30.381  1388-6384  NullBinder              com.google.android.gms.persistent    I  NullBinder for android.net.action.RECOMMEND_NETWORKS triggering remote TransactionTooLargeException due to Service without Chimera impl, calling uid: 1000, calling pid: 0
2026-06-06 20:08:54.470  1388-1606  NullBinder              com.google.android.gms.persistent    I  NullBinder for android.net.action.RECOMMEND_NETWORKS triggering remote TransactionTooLargeException due to Service without Chimera impl, calling uid: 1000, calling pid: 0
2026-06-06 20:09:51.740  1388-6384  NullBinder              com.google.android.gms.persistent    I  NullBinder for android.net.action.RECOMMEND_NETWORKS triggering remote TransactionTooLargeException due to Service without Chimera impl, calling uid: 1000, calling pid: 0
2026-06-06 20:10:09.840  1388-1606  NullBinder              com.google.android.gms.persistent    I  NullBinder for android.net.action.RECOMMEND_NETWORKS triggering remote TransactionTooLargeException due to Service without Chimera impl, calling uid: 1000, calling pid: 0
2026-06-06 20:10:39.984  1388-1606  NullBinder              com.google.android.gms.persistent    I  NullBinder for android.net.action.RECOMMEND_NETWORKS triggering remote TransactionTooLargeException due to Service without Chimera impl, calling uid: 1000, calling pid: 0
2026-06-06 20:11:34.236  1388-1606  NullBinder              com.google.android.gms.persistent    I  NullBinder for android.net.action.RECOMMEND_NETWORKS triggering remote TransactionTooLargeException due to Service without Chimera impl, calling uid: 1000, calling pid: 0
2026-06-06 20:12:01.369  1388-2335  NullBinder              com.google.android.gms.persistent    I  NullBinder for android.net.action.RECOMMEND_NETWORKS triggering remote TransactionTooLargeException due to Service without Chimera impl, calling uid: 1000, calling pid: 0
2026-06-06 20:18:15.066  1388-18457 NullBinder              com.google.android.gms.persistent    I  NullBinder for android.net.action.RECOMMEND_NETWORKS triggering remote TransactionTooLargeException due to Service without Chimera impl, calling uid: 1000, calling pid: 0
2026-06-06 20:18:42.192  1388-15320 NullBinder              com.google.android.gms.persistent    I  NullBinder for android.net.action.RECOMMEND_NETWORKS triggering remote TransactionTooLargeException due to Service without Chimera impl, calling uid: 1000, calling pid: 0
2026-06-06 20:20:06.525  1388-6384  NullBinder              com.google.android.gms.persistent    I  NullBinder for android.net.action.RECOMMEND_NETWORKS triggering remote TransactionTooLargeException due to Service without Chimera impl, calling uid: 1000, calling pid: 0
2026-06-06 20:20:30.649  1388-1606  NullBinder              com.google.android.gms.persistent    I  NullBinder for android.net.action.RECOMMEND_NETWORKS triggering remote TransactionTooLargeException due to Service without Chimera impl, calling uid: 1000, calling pid: 0
2026-06-06 20:21:21.909  1388-1606  NullBinder              com.google.android.gms.persistent    I  NullBinder for android.net.action.RECOMMEND_NETWORKS triggering remote TransactionTooLargeException due to Service without Chimera impl, calling uid: 1000, calling pid: 0
2026-06-06 20:21:45.990  1388-1606  NullBinder              com.google.android.gms.persistent    I  NullBinder for android.net.action.RECOMMEND_NETWORKS triggering remote TransactionTooLargeException due to Service without Chimera impl, calling uid: 1000, calling pid: 0
2026-06-06 20:23:34.512  1388-15320 NullBinder              com.google.android.gms.persistent    I  NullBinder for android.net.action.RECOMMEND_NETWORKS triggering remote TransactionTooLargeException due to Service without Chimera impl, calling uid: 1000, calling pid: 0
2026-06-06 20:24:01.607  1388-1882  NullBinder              com.google.android.gms.persistent    I  NullBinder for android.net.action.RECOMMEND_NETWORKS triggering remote TransactionTooLargeException due to Service without Chimera impl, calling uid: 1000, calling pid: 0
2026-06-06 20:25:44.046  1388-1404  NullBinder              com.google.android.gms.persistent    I  NullBinder for android.net.action.RECOMMEND_NETWORKS triggering remote TransactionTooLargeException due to Service without Chimera impl, calling uid: 1000, calling pid: 0
2026-06-06 20:25:50.073  1388-2335  NullBinder              com.google.android.gms.persistent    I  NullBinder for android.net.action.RECOMMEND_NETWORKS triggering remote TransactionTooLargeException due to Service without Chimera impl, calling uid: 1000, calling pid: 0
2026-06-06 20:25:56.121  1388-1407  NullBinder              com.google.android.gms.persistent    I  NullBinder for android.net.action.RECOMMEND_NETWORKS triggering remote TransactionTooLargeException due to Service without Chimera impl, calling uid: 1000, calling pid: 0
2026-06-06 20:26:41.330  1388-2335  NullBinder              com.google.android.gms.persistent    I  NullBinder for android.net.action.RECOMMEND_NETWORKS triggering remote TransactionTooLargeException due to Service without Chimera impl, calling uid: 1000, calling pid: 0
2026-06-06 20:27:05.450  1388-6384  NullBinder              com.google.android.gms.persistent    I  NullBinder for android.net.action.RECOMMEND_NETWORKS triggering remote TransactionTooLargeException due to Service without Chimera impl, calling uid: 1000, calling pid: 0
2026-06-06 20:30:15.262  1388-1606  NullBinder              com.google.android.gms.persistent    I  NullBinder for android.net.action.RECOMMEND_NETWORKS triggering remote TransactionTooLargeException due to Service without Chimera impl, calling uid: 1000, calling pid: 0
2026-06-06 20:31:06.477  1388-1404  NullBinder              com.google.android.gms.persistent    I  NullBinder for android.net.action.RECOMMEND_NETWORKS triggering remote TransactionTooLargeException due to Service without Chimera impl, calling uid: 1000, calling pid: 0
2026-06-06 20:32:03.759  1388-1882  NullBinder              com.google.android.gms.persistent    I  NullBinder for android.net.action.RECOMMEND_NETWORKS triggering remote TransactionTooLargeException due to Service without Chimera impl, calling uid: 1000, calling pid: 0
2026-06-06 20:32:27.906  1388-1404  NullBinder              com.google.android.gms.persistent    I  NullBinder for android.net.action.RECOMMEND_NETWORKS triggering remote TransactionTooLargeException due to Service without Chimera impl, calling uid: 1000, calling pid: 0
2026-06-06 20:32:55.034  1388-6384  NullBinder              com.google.android.gms.persistent    I  NullBinder for android.net.action.RECOMMEND_NETWORKS triggering remote TransactionTooLargeException due to Service without Chimera impl, calling uid: 1000, calling pid: 0
2026-06-06 20:33:19.118  1388-2335  NullBinder              com.google.android.gms.persistent    I  NullBinder for android.net.action.RECOMMEND_NETWORKS triggering remote TransactionTooLargeException due to Service without Chimera impl, calling uid: 1000, calling pid: 0
2026-06-06 20:34:16.354  1388-1404  NullBinder              com.google.android.gms.persistent    I  NullBinder for android.net.action.RECOMMEND_NETWORKS triggering remote TransactionTooLargeException due to Service without Chimera impl, calling uid: 1000, calling pid: 0
2026-06-06 20:34:43.491  1388-1606  NullBinder              com.google.android.gms.persistent    I  NullBinder for android.net.action.RECOMMEND_NETWORKS triggering remote TransactionTooLargeException due to Service without Chimera impl, calling uid: 1000, calling pid: 0
2026-06-06 20:35:10.646  1388-1606  NullBinder              com.google.android.gms.persistent    I  NullBinder for android.net.action.RECOMMEND_NETWORKS triggering remote TransactionTooLargeException due to Service without Chimera impl, calling uid: 1000, calling pid: 0
2026-06-06 20:35:34.761  1388-1606  NullBinder              com.google.android.gms.persistent    I  NullBinder for android.net.action.RECOMMEND_NETWORKS triggering remote TransactionTooLargeException due to Service without Chimera impl, calling uid: 1000, calling pid: 0
2026-06-06 20:39:11.653  1388-1606  NullBinder              com.google.android.gms.persistent    I  NullBinder for android.net.action.RECOMMEND_NETWORKS triggering remote TransactionTooLargeException due to Service without Chimera impl, calling uid: 1000, calling pid: 0
2026-06-06 20:39:35.765  1388-6384  NullBinder              com.google.android.gms.persistent    I  NullBinder for android.net.action.RECOMMEND_NETWORKS triggering remote TransactionTooLargeException due to Service without Chimera impl, calling uid: 1000, calling pid: 0
2026-06-06 20:40:54.166  1388-1606  NullBinder              com.google.android.gms.persistent    I  NullBinder for android.net.action.RECOMMEND_NETWORKS triggering remote TransactionTooLargeException due to Service without Chimera impl, calling uid: 1000, calling pid: 0
2026-06-06 20:41:18.284  1388-1606  NullBinder              com.google.android.gms.persistent    I  NullBinder for android.net.action.RECOMMEND_NETWORKS triggering remote TransactionTooLargeException due to Service without Chimera impl, calling uid: 1000, calling pid: 0
2026-06-06 20:42:36.601  1388-1606  NullBinder              com.google.android.gms.persistent    I  NullBinder for android.net.action.RECOMMEND_NETWORKS triggering remote TransactionTooLargeException due to Service without Chimera impl, calling uid: 1000, calling pid: 0
2026-06-06 20:42:39.635  1388-6384  NullBinder              com.google.android.gms.persistent    I  NullBinder for android.net.action.RECOMMEND_NETWORKS triggering remote TransactionTooLargeException due to Service without Chimera impl, calling uid: 1000, calling pid: 0
2026-06-06 20:42:54.732  1388-6384  NullBinder              com.google.android.gms.persistent    I  NullBinder for android.net.action.RECOMMEND_NETWORKS triggering remote TransactionTooLargeException due to Service without Chimera impl, calling uid: 1000, calling pid: 0
2026-06-06 20:45:22.360  1388-1404  NullBinder              com.google.android.gms.persistent    I  NullBinder for android.net.action.RECOMMEND_NETWORKS triggering remote TransactionTooLargeException due to Service without Chimera impl, calling uid: 1000, calling pid: 0
2026-06-06 20:45:46.485  1388-1882  NullBinder              com.google.android.gms.persistent    I  NullBinder for android.net.action.RECOMMEND_NETWORKS triggering remote TransactionTooLargeException due to Service without Chimera impl, calling uid: 1000, calling pid: 0
2026-06-06 20:47:37.984  1388-1404  NullBinder              com.google.android.gms.persistent    I  NullBinder for android.net.action.RECOMMEND_NETWORKS triggering remote TransactionTooLargeException due to Service without Chimera impl, calling uid: 1000, calling pid: 0
2026-06-06 20:47:37.997   728-940   ConnectivityService     system_server                        E  RemoteException caught trying to send a callback msg for NetworkRequest [ LISTEN id=2078, [ Capabilities: INTERNET&NOT_RESTRICTED&TRUSTED&NOT_VCN_MANAGED&NOT_BANDWIDTH_CONSTRAINED Uid: 10207 RequestorUid: 10207 RequestorPkg: com.google.android.gms MatchNonThreadLocalNetworks UnderlyingNetworks: Null] ]
2026-06-06 20:47:38.007   728-940   ConnectivityService     system_server                        E  RemoteException caught trying to send a callback msg for NetworkRequest [ TRACK_DEFAULT id=2079, [ Capabilities: INTERNET&NOT_RESTRICTED&TRUSTED&NOT_VCN_MANAGED&NOT_BANDWIDTH_CONSTRAINED Uid: 10207 RequestorUid: 10207 RequestorPkg: com.google.android.gms UnderlyingNetworks: Null] ]
2026-06-06 20:48:05.087  1388-1882  NullBinder              com.google.android.gms.persistent    I  NullBinder for android.net.action.RECOMMEND_NETWORKS triggering remote TransactionTooLargeException due to Service without Chimera impl, calling uid: 1000, calling pid: 0
2026-06-06 20:48:29.208  1388-1404  NullBinder              com.google.android.gms.persistent    I  NullBinder for android.net.action.RECOMMEND_NETWORKS triggering remote TransactionTooLargeException due to Service without Chimera impl, calling uid: 1000, calling pid: 0
2026-06-06 20:48:56.344  1388-1882  NullBinder              com.google.android.gms.persistent    I  NullBinder for android.net.action.RECOMMEND_NETWORKS triggering remote TransactionTooLargeException due to Service without Chimera impl, calling uid: 1000, calling pid: 0
2026-06-06 20:49:50.557  1388-1882  NullBinder              com.google.android.gms.persistent    I  NullBinder for android.net.action.RECOMMEND_NETWORKS triggering remote TransactionTooLargeException due to Service without Chimera impl, calling uid: 1000, calling pid: 0
2026-06-06 20:49:59.618  1388-2335  NullBinder              com.google.android.gms.persistent    I  NullBinder for android.net.action.RECOMMEND_NETWORKS triggering remote TransactionTooLargeException due to Service without Chimera impl, calling uid: 1000, calling pid: 0
2026-06-06 20:50:17.700  1388-6384  NullBinder              com.google.android.gms.persistent    I  NullBinder for android.net.action.RECOMMEND_NETWORKS triggering remote TransactionTooLargeException due to Service without Chimera impl, calling uid: 1000, calling pid: 0
2026-06-06 20:50:41.802  1388-1404  NullBinder              com.google.android.gms.persistent    I  NullBinder for android.net.action.RECOMMEND_NETWORKS triggering remote TransactionTooLargeException due to Service without Chimera impl, calling uid: 1000, calling pid: 0
2026-06-06 20:51:36.004  1388-15320 NullBinder              com.google.android.gms.persistent    I  NullBinder for android.net.action.RECOMMEND_NETWORKS triggering remote TransactionTooLargeException due to Service without Chimera impl, calling uid: 1000, calling pid: 0
2026-06-06 20:52:00.123  1388-1606  NullBinder              com.google.android.gms.persistent    I  NullBinder for android.net.action.RECOMMEND_NETWORKS triggering remote TransactionTooLargeException due to Service without Chimera impl, calling uid: 1000, calling pid: 0
2026-06-06 20:52:27.239  1388-1606  NullBinder              com.google.android.gms.persistent    I  NullBinder for android.net.action.RECOMMEND_NETWORKS triggering remote TransactionTooLargeException due to Service without Chimera impl, calling uid: 1000, calling pid: 0
2026-06-06 20:52:30.276  1388-15320 NullBinder              com.google.android.gms.persistent    I  NullBinder for android.net.action.RECOMMEND_NETWORKS triggering remote TransactionTooLargeException due to Service without Chimera impl, calling uid: 1000, calling pid: 0
2026-06-06 20:53:45.602  1388-18457 NullBinder              com.google.android.gms.persistent    I  NullBinder for android.net.action.RECOMMEND_NETWORKS triggering remote TransactionTooLargeException due to Service without Chimera impl, calling uid: 1000, calling pid: 0
2026-06-06 20:54:12.720  1388-15320 NullBinder              com.google.android.gms.persistent    I  NullBinder for android.net.action.RECOMMEND_NETWORKS triggering remote TransactionTooLargeException due to Service without Chimera impl, calling uid: 1000, calling pid: 0
2026-06-06 20:54:48.874  1388-15320 NullBinder              com.google.android.gms.persistent    I  NullBinder for android.net.action.RECOMMEND_NETWORKS triggering remote TransactionTooLargeException due to Service without Chimera impl, calling uid: 1000, calling pid: 0
2026-06-06 20:54:57.920  1388-1606  NullBinder              com.google.android.gms.persistent    I  NullBinder for android.net.action.RECOMMEND_NETWORKS triggering remote TransactionTooLargeException due to Service without Chimera impl, calling uid: 1000, calling pid: 0
2026-06-06 20:55:03.949  1388-1404  NullBinder              com.google.android.gms.persistent    I  NullBinder for android.net.action.RECOMMEND_NETWORKS triggering remote TransactionTooLargeException due to Service without Chimera impl, calling uid: 1000, calling pid: 0
2026-06-06 20:55:09.990  1388-2335  NullBinder              com.google.android.gms.persistent    I  NullBinder for android.net.action.RECOMMEND_NETWORKS triggering remote TransactionTooLargeException due to Service without Chimera impl, calling uid: 1000, calling pid: 0
2026-06-06 20:55:15.194  1388-15320 NullBinder              com.google.android.gms.persistent    I  NullBinder for android.net.action.RECOMMEND_NETWORKS triggering remote TransactionTooLargeException due to Service without Chimera impl, calling uid: 1000, calling pid: 0
2026-06-06 20:55:16.014  1388-18457 NullBinder              com.google.android.gms.persistent    I  NullBinder for android.net.action.RECOMMEND_NETWORKS triggering remote TransactionTooLargeException due to Service without Chimera impl, calling uid: 1000, calling pid: 0
2026-06-06 20:55:25.069  1388-18457 NullBinder              com.google.android.gms.persistent    I  NullBinder for android.net.action.RECOMMEND_NETWORKS triggering remote TransactionTooLargeException due to Service without Chimera impl, calling uid: 1000, calling pid: 0
2026-06-06 20:55:34.120  1388-1404  NullBinder              com.google.android.gms.persistent    I  NullBinder for android.net.action.RECOMMEND_NETWORKS triggering remote TransactionTooLargeException due to Service without Chimera impl, calling uid: 1000, calling pid: 0
2026-06-06 20:55:37.145  1388-18457 NullBinder              com.google.android.gms.persistent    I  NullBinder for android.net.action.RECOMMEND_NETWORKS triggering remote TransactionTooLargeException due to Service without Chimera impl, calling uid: 1000, calling pid: 0
2026-06-06 20:57:43.691  1388-1763  NullBinder              com.google.android.gms.persistent    I  NullBinder for android.net.action.RECOMMEND_NETWORKS triggering remote TransactionTooLargeException due to Service without Chimera impl, calling uid: 1000, calling pid: 0
2026-06-06 20:57:49.735  1388-1606  NullBinder              com.google.android.gms.persistent    I  NullBinder for android.net.action.RECOMMEND_NETWORKS triggering remote TransactionTooLargeException due to Service without Chimera impl, calling uid: 1000, calling pid: 0
2026-06-06 20:58:16.865  1388-1880  NullBinder              com.google.android.gms.persistent    I  NullBinder for android.net.action.RECOMMEND_NETWORKS triggering remote TransactionTooLargeException due to Service without Chimera impl, calling uid: 1000, calling pid: 0
2026-06-06 20:58:43.968  1388-1880  NullBinder              com.google.android.gms.persistent    I  NullBinder for android.net.action.RECOMMEND_NETWORKS triggering remote TransactionTooLargeException due to Service without Chimera impl, calling uid: 1000, calling pid: 0
2026-06-06 21:01:20.593  1388-6384  NullBinder              com.google.android.gms.persistent    I  NullBinder for android.net.action.RECOMMEND_NETWORKS triggering remote TransactionTooLargeException due to Service without Chimera impl, calling uid: 1000, calling pid: 0
2026-06-06 21:01:47.736  1388-1404  NullBinder              com.google.android.gms.persistent    I  NullBinder for android.net.action.RECOMMEND_NETWORKS triggering remote TransactionTooLargeException due to Service without Chimera impl, calling uid: 1000, calling pid: 0
2026-06-06 21:02:14.847  1388-1763  NullBinder              com.google.android.gms.persistent    I  NullBinder for android.net.action.RECOMMEND_NETWORKS triggering remote TransactionTooLargeException due to Service without Chimera impl, calling uid: 1000, calling pid: 0
2026-06-06 21:02:38.987  1388-1606  NullBinder              com.google.android.gms.persistent    I  NullBinder for android.net.action.RECOMMEND_NETWORKS triggering remote TransactionTooLargeException due to Service without Chimera impl, calling uid: 1000, calling pid: 0
2026-06-06 21:03:36.221  1388-6384  NullBinder              com.google.android.gms.persistent    I  NullBinder for android.net.action.RECOMMEND_NETWORKS triggering remote TransactionTooLargeException due to Service without Chimera impl, calling uid: 1000, calling pid: 0
2026-06-06 21:04:03.353  1388-18457 NullBinder              com.google.android.gms.persistent    I  NullBinder for android.net.action.RECOMMEND_NETWORKS triggering remote TransactionTooLargeException due to Service without Chimera impl, calling uid: 1000, calling pid: 0
2026-06-06 21:04:30.466  1388-1404  NullBinder              com.google.android.gms.persistent    I  NullBinder for android.net.action.RECOMMEND_NETWORKS triggering remote TransactionTooLargeException due to Service without Chimera impl, calling uid: 1000, calling pid: 0
2026-06-06 21:04:54.571  1388-1606  NullBinder              com.google.android.gms.persistent    I  NullBinder for android.net.action.RECOMMEND_NETWORKS triggering remote TransactionTooLargeException due to Service without Chimera impl, calling uid: 1000, calling pid: 0
2026-06-06 21:05:21.732  1388-18457 NullBinder              com.google.android.gms.persistent    I  NullBinder for android.net.action.RECOMMEND_NETWORKS triggering remote TransactionTooLargeException due to Service without Chimera impl, calling uid: 1000, calling pid: 0
2026-06-06 21:05:45.879  1388-2335  NullBinder              com.google.android.gms.persistent    I  NullBinder for android.net.action.RECOMMEND_NETWORKS triggering remote TransactionTooLargeException due to Service without Chimera impl, calling uid: 1000, calling pid: 0
2026-06-06 21:07:34.340  1388-1763  NullBinder              com.google.android.gms.persistent    I  NullBinder for android.net.action.RECOMMEND_NETWORKS triggering remote TransactionTooLargeException due to Service without Chimera impl, calling uid: 1000, calling pid: 0
2026-06-06 21:07:58.423  1388-1404  NullBinder              com.google.android.gms.persistent    I  NullBinder for android.net.action.RECOMMEND_NETWORKS triggering remote TransactionTooLargeException due to Service without Chimera impl, calling uid: 1000, calling pid: 0
2026-06-06 21:08:25.548  1388-15320 NullBinder              com.google.android.gms.persistent    I  NullBinder for android.net.action.RECOMMEND_NETWORKS triggering remote TransactionTooLargeException due to Service without Chimera impl, calling uid: 1000, calling pid: 0
2026-06-06 21:08:31.595  1388-15320 NullBinder              com.google.android.gms.persistent    I  NullBinder for android.net.action.RECOMMEND_NETWORKS triggering remote TransactionTooLargeException due to Service without Chimera impl, calling uid: 1000, calling pid: 0
2026-06-06 21:09:55.943  1388-1763  NullBinder              com.google.android.gms.persistent    I  NullBinder for android.net.action.RECOMMEND_NETWORKS triggering remote TransactionTooLargeException due to Service without Chimera impl, calling uid: 1000, calling pid: 0
2026-06-06 21:10:17.028  1388-18457 NullBinder              com.google.android.gms.persistent    I  NullBinder for android.net.action.RECOMMEND_NETWORKS triggering remote TransactionTooLargeException due to Service without Chimera impl, calling uid: 1000, calling pid: 0
2026-06-06 21:10:44.142  1388-1763  NullBinder              com.google.android.gms.persistent    I  NullBinder for android.net.action.RECOMMEND_NETWORKS triggering remote TransactionTooLargeException due to Service without Chimera impl, calling uid: 1000, calling pid: 0
2026-06-06 21:12:05.499  1388-18457 NullBinder              com.google.android.gms.persistent    I  NullBinder for android.net.action.RECOMMEND_NETWORKS triggering remote TransactionTooLargeException due to Service without Chimera impl, calling uid: 1000, calling pid: 0
2026-06-06 21:12:29.620  1388-18457 NullBinder              com.google.android.gms.persistent    I  NullBinder for android.net.action.RECOMMEND_NETWORKS triggering remote TransactionTooLargeException due to Service without Chimera impl, calling uid: 1000, calling pid: 0
2026-06-06 21:14:18.032  1388-1880  NullBinder              com.google.android.gms.persistent    I  NullBinder for android.net.action.RECOMMEND_NETWORKS triggering remote TransactionTooLargeException due to Service without Chimera impl, calling uid: 1000, calling pid: 0
2026-06-06 21:14:45.166  1388-18457 NullBinder              com.google.android.gms.persistent    I  NullBinder for android.net.action.RECOMMEND_NETWORKS triggering remote TransactionTooLargeException due to Service without Chimera impl, calling uid: 1000, calling pid: 0
2026-06-06 21:19:52.489  1388-1404  NullBinder              com.google.android.gms.persistent    I  NullBinder for android.net.action.RECOMMEND_NETWORKS triggering remote TransactionTooLargeException due to Service without Chimera impl, calling uid: 1000, calling pid: 0
2026-06-06 21:20:04.551  1388-18457 NullBinder              com.google.android.gms.persistent    I  NullBinder for android.net.action.RECOMMEND_NETWORKS triggering remote TransactionTooLargeException due to Service without Chimera impl, calling uid: 1000, calling pid: 0
2026-06-06 21:20:28.645  1388-1404  NullBinder              com.google.android.gms.persistent    I  NullBinder for android.net.action.RECOMMEND_NETWORKS triggering remote TransactionTooLargeException due to Service without Chimera impl, calling uid: 1000, calling pid: 0
2026-06-06 21:23:35.424  1388-1880  NullBinder              com.google.android.gms.persistent    I  NullBinder for android.net.action.RECOMMEND_NETWORKS triggering remote TransactionTooLargeException due to Service without Chimera impl, calling uid: 1000, calling pid: 0
2026-06-06 21:23:38.452  1388-15320 NullBinder              com.google.android.gms.persistent    I  NullBinder for android.net.action.RECOMMEND_NETWORKS triggering remote TransactionTooLargeException due to Service without Chimera impl, calling uid: 1000, calling pid: 0
2026-06-06 21:23:59.563  1388-18457 NullBinder              com.google.android.gms.persistent    I  NullBinder for android.net.action.RECOMMEND_NETWORKS triggering remote TransactionTooLargeException due to Service without Chimera impl, calling uid: 1000, calling pid: 0
2026-06-06 21:24:26.689  1388-1763  NullBinder              com.google.android.gms.persistent    I  NullBinder for android.net.action.RECOMMEND_NETWORKS triggering remote TransactionTooLargeException due to Service without Chimera impl, calling uid: 1000, calling pid: 0
2026-06-06 21:25:45.019  1388-15320 NullBinder              com.google.android.gms.persistent    I  NullBinder for android.net.action.RECOMMEND_NETWORKS triggering remote TransactionTooLargeException due to Service without Chimera impl, calling uid: 1000, calling pid: 0
2026-06-06 21:26:12.153  1388-1763  NullBinder              com.google.android.gms.persistent    I  NullBinder for android.net.action.RECOMMEND_NETWORKS triggering remote TransactionTooLargeException due to Service without Chimera impl, calling uid: 1000, calling pid: 0
2026-06-06 21:30:16.303  1388-1763  NullBinder              com.google.android.gms.persistent    I  NullBinder for android.net.action.RECOMMEND_NETWORKS triggering remote TransactionTooLargeException due to Service without Chimera impl, calling uid: 1000, calling pid: 0
2026-06-06 21:30:43.404  1388-1763  NullBinder              com.google.android.gms.persistent    I  NullBinder for android.net.action.RECOMMEND_NETWORKS triggering remote TransactionTooLargeException due to Service without Chimera impl, calling uid: 1000, calling pid: 0
2026-06-06 21:31:07.492  1388-1404  NullBinder              com.google.android.gms.persistent    I  NullBinder for android.net.action.RECOMMEND_NETWORKS triggering remote TransactionTooLargeException due to Service without Chimera impl, calling uid: 1000, calling pid: 0
2026-06-06 21:34:44.366  1388-1880  NullBinder              com.google.android.gms.persistent    I  NullBinder for android.net.action.RECOMMEND_NETWORKS triggering remote TransactionTooLargeException due to Service without Chimera impl, calling uid: 1000, calling pid: 0
2026-06-06 21:34:50.399  1388-1880  NullBinder              com.google.android.gms.persistent    I  NullBinder for android.net.action.RECOMMEND_NETWORKS triggering remote TransactionTooLargeException due to Service without Chimera impl, calling uid: 1000, calling pid: 0
2026-06-06 21:34:59.447  1388-1880  NullBinder              com.google.android.gms.persistent    I  NullBinder for android.net.action.RECOMMEND_NETWORKS triggering remote TransactionTooLargeException due to Service without Chimera impl, calling uid: 1000, calling pid: 0
2026-06-06 21:35:05.479  1388-1880  NullBinder              com.google.android.gms.persistent    I  NullBinder for android.net.action.RECOMMEND_NETWORKS triggering remote TransactionTooLargeException due to Service without Chimera impl, calling uid: 1000, calling pid: 0
2026-06-06 21:35:08.500  1388-1763  NullBinder              com.google.android.gms.persistent    I  NullBinder for android.net.action.RECOMMEND_NETWORKS triggering remote TransactionTooLargeException due to Service without Chimera impl, calling uid: 1000, calling pid: 0
2026-06-06 21:35:11.518  1388-1763  NullBinder              com.google.android.gms.persistent    I  NullBinder for android.net.action.RECOMMEND_NETWORKS triggering remote TransactionTooLargeException due to Service without Chimera impl, calling uid: 1000, calling pid: 0
2026-06-06 21:35:35.644  1388-1763  NullBinder              com.google.android.gms.persistent    I  NullBinder for android.net.action.RECOMMEND_NETWORKS triggering remote TransactionTooLargeException due to Service without Chimera impl, calling uid: 1000, calling pid: 0
2026-06-06 21:36:02.752  1388-1880  NullBinder              com.google.android.gms.persistent    I  NullBinder for android.net.action.RECOMMEND_NETWORKS triggering remote TransactionTooLargeException due to Service without Chimera impl, calling uid: 1000, calling pid: 0
2026-06-06 21:36:26.861  1388-6384  NullBinder              com.google.android.gms.persistent    I  NullBinder for android.net.action.RECOMMEND_NETWORKS triggering remote TransactionTooLargeException due to Service without Chimera impl, calling uid: 1000, calling pid: 0
2026-06-06 21:41:22.076  1388-18457 NullBinder              com.google.android.gms.persistent    I  NullBinder for android.net.action.RECOMMEND_NETWORKS triggering remote TransactionTooLargeException due to Service without Chimera impl, calling uid: 1000, calling pid: 0
2026-06-06 21:41:49.213  1388-18457 NullBinder              com.google.android.gms.persistent    I  NullBinder for android.net.action.RECOMMEND_NETWORKS triggering remote TransactionTooLargeException due to Service without Chimera impl, calling uid: 1000, calling pid: 0
2026-06-06 21:42:49.525  1388-1404  NullBinder              com.google.android.gms.persistent    I  NullBinder for android.net.action.RECOMMEND_NETWORKS triggering remote TransactionTooLargeException due to Service without Chimera impl, calling uid: 1000, calling pid: 0
2026-06-06 21:42:55.622  1388-1404  NullBinder              com.google.android.gms.persistent    I  NullBinder for android.net.action.RECOMMEND_NETWORKS triggering remote TransactionTooLargeException due to Service without Chimera impl, calling uid: 1000, calling pid: 0
2026-06-06 21:43:04.593  1388-6384  NullBinder              com.google.android.gms.persistent    I  NullBinder for android.net.action.RECOMMEND_NETWORKS triggering remote TransactionTooLargeException due to Service without Chimera impl, calling uid: 1000, calling pid: 0
2026-06-06 21:43:10.618  1388-1404  NullBinder              com.google.android.gms.persistent    I  NullBinder for android.net.action.RECOMMEND_NETWORKS triggering remote TransactionTooLargeException due to Service without Chimera impl, calling uid: 1000, calling pid: 0
2026-06-06 21:44:01.835  1388-2335  NullBinder              com.google.android.gms.persistent    I  NullBinder for android.net.action.RECOMMEND_NETWORKS triggering remote TransactionTooLargeException due to Service without Chimera impl, calling uid: 1000, calling pid: 0
2026-06-06 21:44:28.950  1388-2335  NullBinder              com.google.android.gms.persistent    I  NullBinder for android.net.action.RECOMMEND_NETWORKS triggering remote TransactionTooLargeException due to Service without Chimera impl, calling uid: 1000, calling pid: 0
2026-06-06 21:49:51.404  1388-2335  NullBinder              com.google.android.gms.persistent    I  NullBinder for android.net.action.RECOMMEND_NETWORKS triggering remote TransactionTooLargeException due to Service without Chimera impl, calling uid: 1000, calling pid: 0
2026-06-06 21:50:15.535  1388-18457 NullBinder              com.google.android.gms.persistent    I  NullBinder for android.net.action.RECOMMEND_NETWORKS triggering remote TransactionTooLargeException due to Service without Chimera impl, calling uid: 1000, calling pid: 0
2026-06-06 21:52:28.171  1388-1763  NullBinder              com.google.android.gms.persistent    I  NullBinder for android.net.action.RECOMMEND_NETWORKS triggering remote TransactionTooLargeException due to Service without Chimera impl, calling uid: 1000, calling pid: 0
2026-06-06 21:52:55.294  1388-1606  NullBinder              com.google.android.gms.persistent    I  NullBinder for android.net.action.RECOMMEND_NETWORKS triggering remote TransactionTooLargeException due to Service without Chimera impl, calling uid: 1000, calling pid: 0
2026-06-06 21:53:19.373  1388-1882  NullBinder              com.google.android.gms.persistent    I  NullBinder for android.net.action.RECOMMEND_NETWORKS triggering remote TransactionTooLargeException due to Service without Chimera impl, calling uid: 1000, calling pid: 0
2026-06-06 21:54:43.721  1388-1882  NullBinder              com.google.android.gms.persistent    I  NullBinder for android.net.action.RECOMMEND_NETWORKS triggering remote TransactionTooLargeException due to Service without Chimera impl, calling uid: 1000, calling pid: 0
2026-06-06 21:54:46.729  1388-18457 NullBinder              com.google.android.gms.persistent    I  NullBinder for android.net.action.RECOMMEND_NETWORKS triggering remote TransactionTooLargeException due to Service without Chimera impl, calling uid: 1000, calling pid: 0
2026-06-06 21:55:07.853  1388-1606  NullBinder              com.google.android.gms.persistent    I  NullBinder for android.net.action.RECOMMEND_NETWORKS triggering remote TransactionTooLargeException due to Service without Chimera impl, calling uid: 1000, calling pid: 0
2026-06-06 21:55:34.977  1388-1407  NullBinder              com.google.android.gms.persistent    I  NullBinder for android.net.action.RECOMMEND_NETWORKS triggering remote TransactionTooLargeException due to Service without Chimera impl, calling uid: 1000, calling pid: 0
2026-06-06 21:56:02.080  1388-1882  NullBinder              com.google.android.gms.persistent    I  NullBinder for android.net.action.RECOMMEND_NETWORKS triggering remote TransactionTooLargeException due to Service without Chimera impl, calling uid: 1000, calling pid: 0
2026-06-06 22:00:03.071  1388-18457 NullBinder              com.google.android.gms.persistent    I  NullBinder for android.net.action.RECOMMEND_NETWORKS triggering remote TransactionTooLargeException due to Service without Chimera impl, calling uid: 1000, calling pid: 0
2026-06-06 22:00:27.234  1388-1882  NullBinder              com.google.android.gms.persistent    I  NullBinder for android.net.action.RECOMMEND_NETWORKS triggering remote TransactionTooLargeException due to Service without Chimera impl, calling uid: 1000, calling pid: 0
2026-06-06 22:02:18.725  1388-1880  NullBinder              com.google.android.gms.persistent    I  NullBinder for android.net.action.RECOMMEND_NETWORKS triggering remote TransactionTooLargeException due to Service without Chimera impl, calling uid: 1000, calling pid: 0
2026-06-06 22:02:42.817  1388-1606  NullBinder              com.google.android.gms.persistent    I  NullBinder for android.net.action.RECOMMEND_NETWORKS triggering remote TransactionTooLargeException due to Service without Chimera impl, calling uid: 1000, calling pid: 0
2026-06-06 22:04:58.409  1388-1880  NullBinder              com.google.android.gms.persistent    I  NullBinder for android.net.action.RECOMMEND_NETWORKS triggering remote TransactionTooLargeException due to Service without Chimera impl, calling uid: 1000, calling pid: 0
2026-06-06 22:05:22.524  1388-1407  NullBinder              com.google.android.gms.persistent    I  NullBinder for android.net.action.RECOMMEND_NETWORKS triggering remote TransactionTooLargeException due to Service without Chimera impl, calling uid: 1000, calling pid: 0
2026-06-06 22:06:13.736  1388-1407  NullBinder              com.google.android.gms.persistent    I  NullBinder for android.net.action.RECOMMEND_NETWORKS triggering remote TransactionTooLargeException due to Service without Chimera impl, calling uid: 1000, calling pid: 0
2026-06-06 22:06:40.819  1388-1407  NullBinder              com.google.android.gms.persistent    I  NullBinder for android.net.action.RECOMMEND_NETWORKS triggering remote TransactionTooLargeException due to Service without Chimera impl, calling uid: 1000, calling pid: 0
2026-06-06 22:07:38.070  1388-1606  NullBinder              com.google.android.gms.persistent    I  NullBinder for android.net.action.RECOMMEND_NETWORKS triggering remote TransactionTooLargeException due to Service without Chimera impl, calling uid: 1000, calling pid: 0
2026-06-06 22:08:02.197  1388-1606  NullBinder              com.google.android.gms.persistent    I  NullBinder for android.net.action.RECOMMEND_NETWORKS triggering remote TransactionTooLargeException due to Service without Chimera impl, calling uid: 1000, calling pid: 0
2026-06-06 22:09:44.676  1388-18457 NullBinder              com.google.android.gms.persistent    I  NullBinder for android.net.action.RECOMMEND_NETWORKS triggering remote TransactionTooLargeException due to Service without Chimera impl, calling uid: 1000, calling pid: 0
2026-06-06 22:10:17.835  1388-1407  NullBinder              com.google.android.gms.persistent    I  NullBinder for android.net.action.RECOMMEND_NETWORKS triggering remote TransactionTooLargeException due to Service without Chimera impl, calling uid: 1000, calling pid: 0
2026-06-06 22:11:33.190  1388-18457 NullBinder              com.google.android.gms.persistent    I  NullBinder for android.net.action.RECOMMEND_NETWORKS triggering remote TransactionTooLargeException due to Service without Chimera impl, calling uid: 1000, calling pid: 0
2026-06-06 22:12:00.291  1388-1407  NullBinder              com.google.android.gms.persistent    I  NullBinder for android.net.action.RECOMMEND_NETWORKS triggering remote TransactionTooLargeException due to Service without Chimera impl, calling uid: 1000, calling pid: 0
2026-06-06 22:13:48.747  1388-1880  NullBinder              com.google.android.gms.persistent    I  NullBinder for android.net.action.RECOMMEND_NETWORKS triggering remote TransactionTooLargeException due to Service without Chimera impl, calling uid: 1000, calling pid: 0
2026-06-06 22:14:15.884  1388-18457 NullBinder              com.google.android.gms.persistent    I  NullBinder for android.net.action.RECOMMEND_NETWORKS triggering remote TransactionTooLargeException due to Service without Chimera impl, calling uid: 1000, calling pid: 0
2026-06-06 22:17:52.743  1388-18457 NullBinder              com.google.android.gms.persistent    I  NullBinder for android.net.action.RECOMMEND_NETWORKS triggering remote TransactionTooLargeException due to Service without Chimera impl, calling uid: 1000, calling pid: 0
2026-06-06 22:18:16.900  1388-1880  NullBinder              com.google.android.gms.persistent    I  NullBinder for android.net.action.RECOMMEND_NETWORKS triggering remote TransactionTooLargeException due to Service without Chimera impl, calling uid: 1000, calling pid: 0
2026-06-06 22:18:40.994  1388-1407  NullBinder              com.google.android.gms.persistent    I  NullBinder for android.net.action.RECOMMEND_NETWORKS triggering remote TransactionTooLargeException due to Service without Chimera impl, calling uid: 1000, calling pid: 0
2026-06-06 22:19:08.154  1388-1407  NullBinder              com.google.android.gms.persistent    I  NullBinder for android.net.action.RECOMMEND_NETWORKS triggering remote TransactionTooLargeException due to Service without Chimera impl, calling uid: 1000, calling pid: 0
2026-06-06 22:19:41.320  1388-1407  NullBinder              com.google.android.gms.persistent    I  NullBinder for android.net.action.RECOMMEND_NETWORKS triggering remote TransactionTooLargeException due to Service without Chimera impl, calling uid: 1000, calling pid: 0
2026-06-06 22:19:59.399  1388-1606  NullBinder              com.google.android.gms.persistent    I  NullBinder for android.net.action.RECOMMEND_NETWORKS triggering remote TransactionTooLargeException due to Service without Chimera impl, calling uid: 1000, calling pid: 0
2026-06-06 22:20:26.507  1388-18457 NullBinder              com.google.android.gms.persistent    I  NullBinder for android.net.action.RECOMMEND_NETWORKS triggering remote TransactionTooLargeException due to Service without Chimera impl, calling uid: 1000, calling pid: 0
2026-06-06 22:21:02.644  1388-2333  NullBinder              com.google.android.gms.persistent    I  NullBinder for android.net.action.RECOMMEND_NETWORKS triggering remote TransactionTooLargeException due to Service without Chimera impl, calling uid: 1000, calling pid: 0
2026-06-06 22:21:47.832  1388-18457 NullBinder              com.google.android.gms.persistent    I  NullBinder for android.net.action.RECOMMEND_NETWORKS triggering remote TransactionTooLargeException due to Service without Chimera impl, calling uid: 1000, calling pid: 0
2026-06-06 22:23:12.241  1388-18457 NullBinder              com.google.android.gms.persistent    I  NullBinder for android.net.action.RECOMMEND_NETWORKS triggering remote TransactionTooLargeException due to Service without Chimera impl, calling uid: 1000, calling pid: 0
2026-06-06 22:23:36.355  1388-1882  NullBinder              com.google.android.gms.persistent    I  NullBinder for android.net.action.RECOMMEND_NETWORKS triggering remote TransactionTooLargeException due to Service without Chimera impl, calling uid: 1000, calling pid: 0
2026-06-06 22:29:49.927  1388-1404  NullBinder              com.google.android.gms.persistent    I  NullBinder for android.net.action.RECOMMEND_NETWORKS triggering remote TransactionTooLargeException due to Service without Chimera impl, calling uid: 1000, calling pid: 0
2026-06-06 22:30:14.044  1388-1882  NullBinder              com.google.android.gms.persistent    I  NullBinder for android.net.action.RECOMMEND_NETWORKS triggering remote TransactionTooLargeException due to Service without Chimera impl, calling uid: 1000, calling pid: 0
2026-06-06 22:32:29.604  1388-1882  NullBinder              com.google.android.gms.persistent    I  NullBinder for android.net.action.RECOMMEND_NETWORKS triggering remote TransactionTooLargeException due to Service without Chimera impl, calling uid: 1000, calling pid: 0
2026-06-06 22:32:53.720  1388-1882  NullBinder              com.google.android.gms.persistent    I  NullBinder for android.net.action.RECOMMEND_NETWORKS triggering remote TransactionTooLargeException due to Service without Chimera impl, calling uid: 1000, calling pid: 0
2026-06-06 22:36:12.613  1388-15320 NullBinder              com.google.android.gms.persistent    I  NullBinder for android.net.action.RECOMMEND_NETWORKS triggering remote TransactionTooLargeException due to Service without Chimera impl, calling uid: 1000, calling pid: 0
2026-06-06 22:36:30.706  1388-1882  NullBinder              com.google.android.gms.persistent    I  NullBinder for android.net.action.RECOMMEND_NETWORKS triggering remote TransactionTooLargeException due to Service without Chimera impl, calling uid: 1000, calling pid: 0
2026-06-06 22:36:54.826  1388-1407  NullBinder              com.google.android.gms.persistent    I  NullBinder for android.net.action.RECOMMEND_NETWORKS triggering remote TransactionTooLargeException due to Service without Chimera impl, calling uid: 1000, calling pid: 0
2026-06-06 22:38:13.215  1388-2335  NullBinder              com.google.android.gms.persistent    I  NullBinder for android.net.action.RECOMMEND_NETWORKS triggering remote TransactionTooLargeException due to Service without Chimera impl, calling uid: 1000, calling pid: 0
2026-06-06 22:38:40.352  1388-2335  NullBinder              com.google.android.gms.persistent    I  NullBinder for android.net.action.RECOMMEND_NETWORKS triggering remote TransactionTooLargeException due to Service without Chimera impl, calling uid: 1000, calling pid: 0
2026-06-06 22:41:50.168  1388-6384  NullBinder              com.google.android.gms.persistent    I  NullBinder for android.net.action.RECOMMEND_NETWORKS triggering remote TransactionTooLargeException due to Service without Chimera impl, calling uid: 1000, calling pid: 0
2026-06-06 22:42:20.338  1388-1862  NullBinder              com.google.android.gms.persistent    I  NullBinder for android.net.action.RECOMMEND_NETWORKS triggering remote TransactionTooLargeException due to Service without Chimera impl, calling uid: 1000, calling pid: 0
2026-06-06 22:42:44.477  1388-1862  NullBinder              com.google.android.gms.persistent    I  NullBinder for android.net.action.RECOMMEND_NETWORKS triggering remote TransactionTooLargeException due to Service without Chimera impl, calling uid: 1000, calling pid: 0
2026-06-06 22:43:08.586  1388-1862  NullBinder              com.google.android.gms.persistent    I  NullBinder for android.net.action.RECOMMEND_NETWORKS triggering remote TransactionTooLargeException due to Service without Chimera impl, calling uid: 1000, calling pid: 0
2026-06-06 22:43:59.793  1388-1407  NullBinder              com.google.android.gms.persistent    I  NullBinder for android.net.action.RECOMMEND_NETWORKS triggering remote TransactionTooLargeException due to Service without Chimera impl, calling uid: 1000, calling pid: 0
2026-06-06 22:44:02.828  1388-1606  NullBinder              com.google.android.gms.persistent    I  NullBinder for android.net.action.RECOMMEND_NETWORKS triggering remote TransactionTooLargeException due to Service without Chimera impl, calling uid: 1000, calling pid: 0
2026-06-06 22:44:14.873  1388-1763  NullBinder              com.google.android.gms.persistent    I  NullBinder for android.net.action.RECOMMEND_NETWORKS triggering remote TransactionTooLargeException due to Service without Chimera impl, calling uid: 1000, calling pid: 0
2026-06-06 22:44:26.930  1388-2335  NullBinder              com.google.android.gms.persistent    I  NullBinder for android.net.action.RECOMMEND_NETWORKS triggering remote TransactionTooLargeException due to Service without Chimera impl, calling uid: 1000, calling pid: 0
2026-06-06 22:44:29.935  1388-2335  NullBinder              com.google.android.gms.persistent    I  NullBinder for android.net.action.RECOMMEND_NETWORKS triggering remote TransactionTooLargeException due to Service without Chimera impl, calling uid: 1000, calling pid: 0
2026-06-06 22:45:00.101  1388-1407  NullBinder              com.google.android.gms.persistent    I  NullBinder for android.net.action.RECOMMEND_NETWORKS triggering remote TransactionTooLargeException due to Service without Chimera impl, calling uid: 1000, calling pid: 0
2026-06-06 22:45:48.309  1388-1763  NullBinder              com.google.android.gms.persistent    I  NullBinder for android.net.action.RECOMMEND_NETWORKS triggering remote TransactionTooLargeException due to Service without Chimera impl, calling uid: 1000, calling pid: 0
2026-06-06 22:46:15.408  1388-1763  NullBinder              com.google.android.gms.persistent    I  NullBinder for android.net.action.RECOMMEND_NETWORKS triggering remote TransactionTooLargeException due to Service without Chimera impl, calling uid: 1000, calling pid: 0
2026-06-06 22:46:39.523  1388-1862  NullBinder              com.google.android.gms.persistent    I  NullBinder for android.net.action.RECOMMEND_NETWORKS triggering remote TransactionTooLargeException due to Service without Chimera impl, calling uid: 1000, calling pid: 0
2026-06-06 22:49:46.385  1388-2335  NullBinder              com.google.android.gms.persistent    I  NullBinder for android.net.action.RECOMMEND_NETWORKS triggering remote TransactionTooLargeException due to Service without Chimera impl, calling uid: 1000, calling pid: 0
2026-06-06 22:49:55.428  1388-1763  NullBinder              com.google.android.gms.persistent    I  NullBinder for android.net.action.RECOMMEND_NETWORKS triggering remote TransactionTooLargeException due to Service without Chimera impl, calling uid: 1000, calling pid: 0
2026-06-06 22:50:16.529  1388-2335  NullBinder              com.google.android.gms.persistent    I  NullBinder for android.net.action.RECOMMEND_NETWORKS triggering remote TransactionTooLargeException due to Service without Chimera impl, calling uid: 1000, calling pid: 0
2026-06-06 22:50:40.664  1388-1606  NullBinder              com.google.android.gms.persistent    I  NullBinder for android.net.action.RECOMMEND_NETWORKS triggering remote TransactionTooLargeException due to Service without Chimera impl, calling uid: 1000, calling pid: 0
2026-06-06 22:51:07.836  1388-15320 NullBinder              com.google.android.gms.persistent    I  NullBinder for android.net.action.RECOMMEND_NETWORKS triggering remote TransactionTooLargeException due to Service without Chimera impl, calling uid: 1000, calling pid: 0
2026-06-06 22:52:56.334  1388-1763  NullBinder              com.google.android.gms.persistent    I  NullBinder for android.net.action.RECOMMEND_NETWORKS triggering remote TransactionTooLargeException due to Service without Chimera impl, calling uid: 1000, calling pid: 0
2026-06-06 22:53:20.469  1388-1407  NullBinder              com.google.android.gms.persistent    I  NullBinder for android.net.action.RECOMMEND_NETWORKS triggering remote TransactionTooLargeException due to Service without Chimera impl, calling uid: 1000, calling pid: 0
2026-06-06 22:59:34.109  1388-6384  NullBinder              com.google.android.gms.persistent    I  NullBinder for android.net.action.RECOMMEND_NETWORKS triggering remote TransactionTooLargeException due to Service without Chimera impl, calling uid: 1000, calling pid: 0
2026-06-06 22:59:58.246  1388-2335  NullBinder              com.google.android.gms.persistent    I  NullBinder for android.net.action.RECOMMEND_NETWORKS triggering remote TransactionTooLargeException due to Service without Chimera impl, calling uid: 1000, calling pid: 0
2026-06-06 23:02:10.785  1388-1606  NullBinder              com.google.android.gms.persistent    I  NullBinder for android.net.action.RECOMMEND_NETWORKS triggering remote TransactionTooLargeException due to Service without Chimera impl, calling uid: 1000, calling pid: 0
2026-06-06 23:02:37.920  1388-2335  NullBinder              com.google.android.gms.persistent    I  NullBinder for android.net.action.RECOMMEND_NETWORKS triggering remote TransactionTooLargeException due to Service without Chimera impl, calling uid: 1000, calling pid: 0
2026-06-06 23:04:53.457  1388-15320 NullBinder              com.google.android.gms.persistent    I  NullBinder for android.net.action.RECOMMEND_NETWORKS triggering remote TransactionTooLargeException due to Service without Chimera impl, calling uid: 1000, calling pid: 0
2026-06-06 23:05:20.579  1388-1407  NullBinder              com.google.android.gms.persistent    I  NullBinder for android.net.action.RECOMMEND_NETWORKS triggering remote TransactionTooLargeException due to Service without Chimera impl, calling uid: 1000, calling pid: 0
2026-06-06 23:08:57.498  1388-1407  NullBinder              com.google.android.gms.persistent    I  NullBinder for android.net.action.RECOMMEND_NETWORKS triggering remote TransactionTooLargeException due to Service without Chimera impl, calling uid: 1000, calling pid: 0
2026-06-06 23:09:21.636  1388-1763  NullBinder              com.google.android.gms.persistent    I  NullBinder for android.net.action.RECOMMEND_NETWORKS triggering remote TransactionTooLargeException due to Service without Chimera impl, calling uid: 1000, calling pid: 0
2026-06-06 23:09:48.733  1388-1407  NullBinder              com.google.android.gms.persistent    I  NullBinder for android.net.action.RECOMMEND_NETWORKS triggering remote TransactionTooLargeException due to Service without Chimera impl, calling uid: 1000, calling pid: 0
2026-06-06 23:10:12.845  1388-2335  NullBinder              com.google.android.gms.persistent    I  NullBinder for android.net.action.RECOMMEND_NETWORKS triggering remote TransactionTooLargeException due to Service without Chimera impl, calling uid: 1000, calling pid: 0
2026-06-06 23:10:39.981  1388-1763  NullBinder              com.google.android.gms.persistent    I  NullBinder for android.net.action.RECOMMEND_NETWORKS triggering remote TransactionTooLargeException due to Service without Chimera impl, calling uid: 1000, calling pid: 0
2026-06-06 23:11:04.109  1388-2335  NullBinder              com.google.android.gms.persistent    I  NullBinder for android.net.action.RECOMMEND_NETWORKS triggering remote TransactionTooLargeException due to Service without Chimera impl, calling uid: 1000, calling pid: 0
2026-06-06 23:12:01.388  1388-2335  NullBinder              com.google.android.gms.persistent    I  NullBinder for android.net.action.RECOMMEND_NETWORKS triggering remote TransactionTooLargeException due to Service without Chimera impl, calling uid: 1000, calling pid: 0
2026-06-06 23:12:28.526  1388-1763  NullBinder              com.google.android.gms.persistent    I  NullBinder for android.net.action.RECOMMEND_NETWORKS triggering remote TransactionTooLargeException due to Service without Chimera impl, calling uid: 1000, calling pid: 0
2026-06-06 23:14:29.086  1388-1606  NullBinder              com.google.android.gms.persistent    I  NullBinder for android.net.action.RECOMMEND_NETWORKS triggering remote TransactionTooLargeException due to Service without Chimera impl, calling uid: 1000, calling pid: 0
2026-06-06 23:14:41.137  1388-1606  NullBinder              com.google.android.gms.persistent    I  NullBinder for android.net.action.RECOMMEND_NETWORKS triggering remote TransactionTooLargeException due to Service without Chimera impl, calling uid: 1000, calling pid: 0
2026-06-06 23:15:08.244  1388-1606  NullBinder              com.google.android.gms.persistent    I  NullBinder for android.net.action.RECOMMEND_NETWORKS triggering remote TransactionTooLargeException due to Service without Chimera impl, calling uid: 1000, calling pid: 0
2026-06-06 23:15:59.458  1388-1763  NullBinder              com.google.android.gms.persistent    I  NullBinder for android.net.action.RECOMMEND_NETWORKS triggering remote TransactionTooLargeException due to Service without Chimera impl, calling uid: 1000, calling pid: 0
2026-06-06 23:16:23.574  1388-15320 NullBinder              com.google.android.gms.persistent    I  NullBinder for android.net.action.RECOMMEND_NETWORKS triggering remote TransactionTooLargeException due to Service without Chimera impl, calling uid: 1000, calling pid: 0
2026-06-06 23:16:32.614  1388-2333  NullBinder              com.google.android.gms.persistent    I  NullBinder for android.net.action.RECOMMEND_NETWORKS triggering remote TransactionTooLargeException due to Service without Chimera impl, calling uid: 1000, calling pid: 0
2026-06-06 23:16:56.727  1388-1407  NullBinder              com.google.android.gms.persistent    I  NullBinder for android.net.action.RECOMMEND_NETWORKS triggering remote TransactionTooLargeException due to Service without Chimera impl, calling uid: 1000, calling pid: 0
2026-06-06 23:20:27.705  1388-15320 NullBinder              com.google.android.gms.persistent    I  NullBinder for android.net.action.RECOMMEND_NETWORKS triggering remote TransactionTooLargeException due to Service without Chimera impl, calling uid: 1000, calling pid: 0
2026-06-06 23:20:54.861  1388-1606  NullBinder              com.google.android.gms.persistent    I  NullBinder for android.net.action.RECOMMEND_NETWORKS triggering remote TransactionTooLargeException due to Service without Chimera impl, calling uid: 1000, calling pid: 0
2026-06-06 23:22:43.380  1388-1606  NullBinder              com.google.android.gms.persistent    I  NullBinder for android.net.action.RECOMMEND_NETWORKS triggering remote TransactionTooLargeException due to Service without Chimera impl, calling uid: 1000, calling pid: 0
2026-06-06 23:23:10.517  1388-1606  NullBinder              com.google.android.gms.persistent    I  NullBinder for android.net.action.RECOMMEND_NETWORKS triggering remote TransactionTooLargeException due to Service without Chimera impl, calling uid: 1000, calling pid: 0
2026-06-06 23:23:34.597  1388-15320 NullBinder              com.google.android.gms.persistent    I  NullBinder for android.net.action.RECOMMEND_NETWORKS triggering remote TransactionTooLargeException due to Service without Chimera impl, calling uid: 1000, calling pid: 0
2026-06-06 23:24:01.712  1388-1882  NullBinder              com.google.android.gms.persistent    I  NullBinder for android.net.action.RECOMMEND_NETWORKS triggering remote TransactionTooLargeException due to Service without Chimera impl, calling uid: 1000, calling pid: 0
2026-06-06 23:24:31.814  1388-1862  NullBinder              com.google.android.gms.persistent    I  NullBinder for android.net.action.RECOMMEND_NETWORKS triggering remote TransactionTooLargeException due to Service without Chimera impl, calling uid: 1000, calling pid: 0
2026-06-06 23:24:52.924  1388-1862  NullBinder              com.google.android.gms.persistent    I  NullBinder for android.net.action.RECOMMEND_NETWORKS triggering remote TransactionTooLargeException due to Service without Chimera impl, calling uid: 1000, calling pid: 0
2026-06-06 23:26:38.466  1388-1606  NullBinder              com.google.android.gms.persistent    I  NullBinder for android.net.action.RECOMMEND_NETWORKS triggering remote TransactionTooLargeException due to Service without Chimera impl, calling uid: 1000, calling pid: 0
2026-06-06 23:27:02.569  1388-1606  NullBinder              com.google.android.gms.persistent    I  NullBinder for android.net.action.RECOMMEND_NETWORKS triggering remote TransactionTooLargeException due to Service without Chimera impl, calling uid: 1000, calling pid: 0
2026-06-06 23:27:11.612  1388-1882  NullBinder              com.google.android.gms.persistent    I  NullBinder for android.net.action.RECOMMEND_NETWORKS triggering remote TransactionTooLargeException due to Service without Chimera impl, calling uid: 1000, calling pid: 0
2026-06-06 23:27:35.734  1388-2333  NullBinder              com.google.android.gms.persistent    I  NullBinder for android.net.action.RECOMMEND_NETWORKS triggering remote TransactionTooLargeException due to Service without Chimera impl, calling uid: 1000, calling pid: 0
2026-06-06 23:28:50.987  1388-1606  NullBinder              com.google.android.gms.persistent    I  NullBinder for android.net.action.RECOMMEND_NETWORKS triggering remote TransactionTooLargeException due to Service without Chimera impl, calling uid: 1000, calling pid: 0
2026-06-06 23:29:18.124  1388-2333  NullBinder              com.google.android.gms.persistent    I  NullBinder for android.net.action.RECOMMEND_NETWORKS triggering remote TransactionTooLargeException due to Service without Chimera impl, calling uid: 1000, calling pid: 0
2026-06-06 23:30:15.448  1388-2335  NullBinder              com.google.android.gms.persistent    I  NullBinder for android.net.action.RECOMMEND_NETWORKS triggering remote TransactionTooLargeException due to Service without Chimera impl, calling uid: 1000, calling pid: 0
2026-06-06 23:30:42.592  1388-2335  NullBinder              com.google.android.gms.persistent    I  NullBinder for android.net.action.RECOMMEND_NETWORKS triggering remote TransactionTooLargeException due to Service without Chimera impl, calling uid: 1000, calling pid: 0
2026-06-06 23:32:31.067  1388-2333  NullBinder              com.google.android.gms.persistent    I  NullBinder for android.net.action.RECOMMEND_NETWORKS triggering remote TransactionTooLargeException due to Service without Chimera impl, calling uid: 1000, calling pid: 0
2026-06-06 23:32:55.145  1388-2333  NullBinder              com.google.android.gms.persistent    I  NullBinder for android.net.action.RECOMMEND_NETWORKS triggering remote TransactionTooLargeException due to Service without Chimera impl, calling uid: 1000, calling pid: 0
2026-06-06 23:33:22.251  1388-1606  NullBinder              com.google.android.gms.persistent    I  NullBinder for android.net.action.RECOMMEND_NETWORKS triggering remote TransactionTooLargeException due to Service without Chimera impl, calling uid: 1000, calling pid: 0
2026-06-06 23:33:46.367  1388-1882  NullBinder              com.google.android.gms.persistent    I  NullBinder for android.net.action.RECOMMEND_NETWORKS triggering remote TransactionTooLargeException due to Service without Chimera impl, calling uid: 1000, calling pid: 0
2026-06-06 23:34:37.615  1388-1606  NullBinder              com.google.android.gms.persistent    I  NullBinder for android.net.action.RECOMMEND_NETWORKS triggering remote TransactionTooLargeException due to Service without Chimera impl, calling uid: 1000, calling pid: 0
2026-06-06 23:35:01.724  1388-2335  NullBinder              com.google.android.gms.persistent    I  NullBinder for android.net.action.RECOMMEND_NETWORKS triggering remote TransactionTooLargeException due to Service without Chimera impl, calling uid: 1000, calling pid: 0
2026-06-06 23:35:10.765  1388-1862  NullBinder              com.google.android.gms.persistent    I  NullBinder for android.net.action.RECOMMEND_NETWORKS triggering remote TransactionTooLargeException due to Service without Chimera impl, calling uid: 1000, calling pid: 0
2026-06-06 23:37:20.345  1388-1862  NullBinder              com.google.android.gms.persistent    I  NullBinder for android.net.action.RECOMMEND_NETWORKS triggering remote TransactionTooLargeException due to Service without Chimera impl, calling uid: 1000, calling pid: 0
2026-06-06 23:37:44.461  1388-2335  NullBinder              com.google.android.gms.persistent    I  NullBinder for android.net.action.RECOMMEND_NETWORKS triggering remote TransactionTooLargeException due to Service without Chimera impl, calling uid: 1000, calling pid: 0
2026-06-06 23:39:45.030  1388-1862  NullBinder              com.google.android.gms.persistent    I  NullBinder for android.net.action.RECOMMEND_NETWORKS triggering remote TransactionTooLargeException due to Service without Chimera impl, calling uid: 1000, calling pid: 0
2026-06-06 23:39:48.044  1388-1862  NullBinder              com.google.android.gms.persistent    I  NullBinder for android.net.action.RECOMMEND_NETWORKS triggering remote TransactionTooLargeException due to Service without Chimera impl, calling uid: 1000, calling pid: 0
2026-06-06 23:39:57.067  1388-2333  NullBinder              com.google.android.gms.persistent    I  NullBinder for android.net.action.RECOMMEND_NETWORKS triggering remote TransactionTooLargeException due to Service without Chimera impl, calling uid: 1000, calling pid: 0
2026-06-06 23:40:00.094  1388-1882  NullBinder              com.google.android.gms.persistent    I  NullBinder for android.net.action.RECOMMEND_NETWORKS triggering remote TransactionTooLargeException due to Service without Chimera impl, calling uid: 1000, calling pid: 0
2026-06-06 23:42:12.676  1388-1882  NullBinder              com.google.android.gms.persistent    I  NullBinder for android.net.action.RECOMMEND_NETWORKS triggering remote TransactionTooLargeException due to Service without Chimera impl, calling uid: 1000, calling pid: 0
2026-06-06 23:42:36.787  1388-15320 NullBinder              com.google.android.gms.persistent    I  NullBinder for android.net.action.RECOMMEND_NETWORKS triggering remote TransactionTooLargeException due to Service without Chimera impl, calling uid: 1000, calling pid: 0
2026-06-06 23:43:34.072  1388-1882  NullBinder              com.google.android.gms.persistent    I  NullBinder for android.net.action.RECOMMEND_NETWORKS triggering remote TransactionTooLargeException due to Service without Chimera impl, calling uid: 1000, calling pid: 0
2026-06-06 23:44:01.209  1388-1407  NullBinder              com.google.android.gms.persistent    I  NullBinder for android.net.action.RECOMMEND_NETWORKS triggering remote TransactionTooLargeException due to Service without Chimera impl, calling uid: 1000, calling pid: 0
2026-06-06 23:44:52.433  1388-1606  NullBinder              com.google.android.gms.persistent    I  NullBinder for android.net.action.RECOMMEND_NETWORKS triggering remote TransactionTooLargeException due to Service without Chimera impl, calling uid: 1000, calling pid: 0
2026-06-06 23:44:58.467  1388-1606  NullBinder              com.google.android.gms.persistent    I  NullBinder for android.net.action.RECOMMEND_NETWORKS triggering remote TransactionTooLargeException due to Service without Chimera impl, calling uid: 1000, calling pid: 0
2026-06-06 23:45:16.572  1388-1606  NullBinder              com.google.android.gms.persistent    I  NullBinder for android.net.action.RECOMMEND_NETWORKS triggering remote TransactionTooLargeException due to Service without Chimera impl, calling uid: 1000, calling pid: 0
2026-06-06 23:45:52.721  1388-1763  NullBinder              com.google.android.gms.persistent    I  NullBinder for android.net.action.RECOMMEND_NETWORKS triggering remote TransactionTooLargeException due to Service without Chimera impl, calling uid: 1000, calling pid: 0
2026-06-06 23:47:08.092  1388-2333  NullBinder              com.google.android.gms.persistent    I  NullBinder for android.net.action.RECOMMEND_NETWORKS triggering remote TransactionTooLargeException due to Service without Chimera impl, calling uid: 1000, calling pid: 0
2026-06-06 23:47:32.201  1388-15320 NullBinder              com.google.android.gms.persistent    I  NullBinder for android.net.action.RECOMMEND_NETWORKS triggering remote TransactionTooLargeException due to Service without Chimera impl, calling uid: 1000, calling pid: 0
2026-06-06 23:47:59.348  1388-1606  NullBinder              com.google.android.gms.persistent    I  NullBinder for android.net.action.RECOMMEND_NETWORKS triggering remote TransactionTooLargeException due to Service without Chimera impl, calling uid: 1000, calling pid: 0
2026-06-06 23:47:59.360   728-940   ConnectivityService     system_server                        E  RemoteException caught trying to send a callback msg for NetworkRequest [ LISTEN id=2071, [ Capabilities: INTERNET&NOT_RESTRICTED&TRUSTED&NOT_VCN_MANAGED&NOT_BANDWIDTH_CONSTRAINED Uid: 10207 RequestorUid: 10207 RequestorPkg: com.google.android.gms MatchNonThreadLocalNetworks UnderlyingNetworks: Null] ]
2026-06-06 23:47:59.372   728-940   ConnectivityService     system_server                        E  RemoteException caught trying to send a callback msg for NetworkRequest [ TRACK_DEFAULT id=2072, [ Capabilities: INTERNET&NOT_RESTRICTED&TRUSTED&NOT_VCN_MANAGED&NOT_BANDWIDTH_CONSTRAINED Uid: 10207 RequestorUid: 10207 RequestorPkg: com.google.android.gms UnderlyingNetworks: Null] ]
2026-06-06 23:48:02.362  1388-2333  NullBinder              com.google.android.gms.persistent    I  NullBinder for android.net.action.RECOMMEND_NETWORKS triggering remote TransactionTooLargeException due to Service without Chimera impl, calling uid: 1000, calling pid: 0
2026-06-06 23:48:23.463  1388-2333  NullBinder              com.google.android.gms.persistent    I  NullBinder for android.net.action.RECOMMEND_NETWORKS triggering remote TransactionTooLargeException due to Service without Chimera impl, calling uid: 1000, calling pid: 0
2026-06-06 23:48:32.496  1388-2335  NullBinder              com.google.android.gms.persistent    I  NullBinder for android.net.action.RECOMMEND_NETWORKS triggering remote TransactionTooLargeException due to Service without Chimera impl, calling uid: 1000, calling pid: 0
2026-06-06 23:51:03.191  1388-1763  NullBinder              com.google.android.gms.persistent    I  NullBinder for android.net.action.RECOMMEND_NETWORKS triggering remote TransactionTooLargeException due to Service without Chimera impl, calling uid: 1000, calling pid: 0
2026-06-06 23:51:12.260  1388-1862  NullBinder              com.google.android.gms.persistent    I  NullBinder for android.net.action.RECOMMEND_NETWORKS triggering remote TransactionTooLargeException due to Service without Chimera impl, calling uid: 1000, calling pid: 0
2026-06-06 23:52:30.670  1388-15320 NullBinder              com.google.android.gms.persistent    I  NullBinder for android.net.action.RECOMMEND_NETWORKS triggering remote TransactionTooLargeException due to Service without Chimera impl, calling uid: 1000, calling pid: 0
2026-06-06 23:52:54.769  1388-15320 NullBinder              com.google.android.gms.persistent    I  NullBinder for android.net.action.RECOMMEND_NETWORKS triggering remote TransactionTooLargeException due to Service without Chimera impl, calling uid: 1000, calling pid: 0
2026-06-06 23:53:21.903  1388-1407  NullBinder              com.google.android.gms.persistent    I  NullBinder for android.net.action.RECOMMEND_NETWORKS triggering remote TransactionTooLargeException due to Service without Chimera impl, calling uid: 1000, calling pid: 0
2026-06-06 23:53:45.990  1388-2335  NullBinder              com.google.android.gms.persistent    I  NullBinder for android.net.action.RECOMMEND_NETWORKS triggering remote TransactionTooLargeException due to Service without Chimera impl, calling uid: 1000, calling pid: 0
2026-06-06 23:54:40.222  1388-1882  NullBinder              com.google.android.gms.persistent    I  NullBinder for android.net.action.RECOMMEND_NETWORKS triggering remote TransactionTooLargeException due to Service without Chimera impl, calling uid: 1000, calling pid: 0
2026-06-06 23:55:04.378  1388-1763  NullBinder              com.google.android.gms.persistent    I  NullBinder for android.net.action.RECOMMEND_NETWORKS triggering remote TransactionTooLargeException due to Service without Chimera impl, calling uid: 1000, calling pid: 0
2026-06-06 23:56:22.751  1388-2333  NullBinder              com.google.android.gms.persistent    I  NullBinder for android.net.action.RECOMMEND_NETWORKS triggering remote TransactionTooLargeException due to Service without Chimera impl, calling uid: 1000, calling pid: 0
2026-06-06 23:56:31.802  1388-1606  NullBinder              com.google.android.gms.persistent    I  NullBinder for android.net.action.RECOMMEND_NETWORKS triggering remote TransactionTooLargeException due to Service without Chimera impl, calling uid: 1000, calling pid: 0
2026-06-06 23:59:11.462  1388-1606  NullBinder              com.google.android.gms.persistent    I  NullBinder for android.net.action.RECOMMEND_NETWORKS triggering remote TransactionTooLargeException due to Service without Chimera impl, calling uid: 1000, calling pid: 0
2026-06-06 23:59:17.497  1388-15320 NullBinder              com.google.android.gms.persistent    I  NullBinder for android.net.action.RECOMMEND_NETWORKS triggering remote TransactionTooLargeException due to Service without Chimera impl, calling uid: 1000, calling pid: 0
2026-06-06 23:59:20.531  1388-1862  NullBinder              com.google.android.gms.persistent    I  NullBinder for android.net.action.RECOMMEND_NETWORKS triggering remote TransactionTooLargeException due to Service without Chimera impl, calling uid: 1000, calling pid: 0
2026-06-06 23:59:35.588  1388-15320 NullBinder              com.google.android.gms.persistent    I  NullBinder for android.net.action.RECOMMEND_NETWORKS triggering remote TransactionTooLargeException due to Service without Chimera impl, calling uid: 1000, calling pid: 0
2026-06-07 00:00:02.739  1388-2333  NullBinder              com.google.android.gms.persistent    I  NullBinder for android.net.action.RECOMMEND_NETWORKS triggering remote TransactionTooLargeException due to Service without Chimera impl, calling uid: 1000, calling pid: 0
